Archive member included to satisfy reference by file (symbol)

c:/program files (x86)/atmel/studio/7.0/toolchain/arm/arm-gnu-toolchain/bin/../lib/gcc/arm-none-eabi/5.3.1/armv7-m\libgcc.a(_arm_addsubsf3.o)
                              src/PLATFORM/DRIVER/DD_SYS/DD_SYS.o (__aeabi_fsub)
c:/program files (x86)/atmel/studio/7.0/toolchain/arm/arm-gnu-toolchain/bin/../lib/gcc/arm-none-eabi/5.3.1/armv7-m\libgcc.a(_arm_muldivsf3.o)
                              src/PLATFORM/DRIVER/DD_SYS/DD_SYS.o (__aeabi_fmul)
c:/program files (x86)/atmel/studio/7.0/toolchain/arm/arm-gnu-toolchain/bin/../lib/gcc/arm-none-eabi/5.3.1/armv7-m\libgcc.a(_arm_fixunssfsi.o)
                              src/PLATFORM/DRIVER/DD_SYS/DD_SYS.o (__aeabi_f2uiz)
c:/program files (x86)/atmel/studio/7.0/toolchain/arm/arm-gnu-toolchain/bin/../lib/gcc/arm-none-eabi/5.3.1/../../../../arm-none-eabi/lib/armv7-m\libc.a(lib_a-exit.o)
                              c:/program files (x86)/atmel/studio/7.0/toolchain/arm/arm-gnu-toolchain/bin/../lib/gcc/arm-none-eabi/5.3.1/../../../../arm-none-eabi/lib/armv7-m/crt0.o (exit)
c:/program files (x86)/atmel/studio/7.0/toolchain/arm/arm-gnu-toolchain/bin/../lib/gcc/arm-none-eabi/5.3.1/../../../../arm-none-eabi/lib/armv7-m\libc.a(lib_a-impure.o)
                              c:/program files (x86)/atmel/studio/7.0/toolchain/arm/arm-gnu-toolchain/bin/../lib/gcc/arm-none-eabi/5.3.1/../../../../arm-none-eabi/lib/armv7-m\libc.a(lib_a-exit.o) (_global_impure_ptr)
c:/program files (x86)/atmel/studio/7.0/toolchain/arm/arm-gnu-toolchain/bin/../lib/gcc/arm-none-eabi/5.3.1/../../../../arm-none-eabi/lib/armv7-m\libc.a(lib_a-init.o)
                              c:/program files (x86)/atmel/studio/7.0/toolchain/arm/arm-gnu-toolchain/bin/../lib/gcc/arm-none-eabi/5.3.1/../../../../arm-none-eabi/lib/armv7-m/crt0.o (__libc_init_array)
c:/program files (x86)/atmel/studio/7.0/toolchain/arm/arm-gnu-toolchain/bin/../lib/gcc/arm-none-eabi/5.3.1/../../../../arm-none-eabi/lib/armv7-m\libc.a(lib_a-iprintf.o)
                              src/ASF/sam/utils/syscalls/gcc/syscalls.o (iprintf)
c:/program files (x86)/atmel/studio/7.0/toolchain/arm/arm-gnu-toolchain/bin/../lib/gcc/arm-none-eabi/5.3.1/../../../../arm-none-eabi/lib/armv7-m\libc.a(lib_a-memset.o)
                              c:/program files (x86)/atmel/studio/7.0/toolchain/arm/arm-gnu-toolchain/bin/../lib/gcc/arm-none-eabi/5.3.1/../../../../arm-none-eabi/lib/armv7-m/crt0.o (memset)
c:/program files (x86)/atmel/studio/7.0/toolchain/arm/arm-gnu-toolchain/bin/../lib/gcc/arm-none-eabi/5.3.1/../../../../arm-none-eabi/lib/armv7-m\libc.a(lib_a-puts.o)
                              src/PLATFORM/DRIVER/DD_CAN/DD_CAN.o (puts)
c:/program files (x86)/atmel/studio/7.0/toolchain/arm/arm-gnu-toolchain/bin/../lib/gcc/arm-none-eabi/5.3.1/../../../../arm-none-eabi/lib/armv7-m\libc.a(lib_a-setbuf.o)
                              src/PLATFORM/DRIVER/DD_CONSOLE/DD_COSOLE.o (setbuf)
c:/program files (x86)/atmel/studio/7.0/toolchain/arm/arm-gnu-toolchain/bin/../lib/gcc/arm-none-eabi/5.3.1/../../../../arm-none-eabi/lib/armv7-m\libc.a(lib_a-setvbuf.o)
                              c:/program files (x86)/atmel/studio/7.0/toolchain/arm/arm-gnu-toolchain/bin/../lib/gcc/arm-none-eabi/5.3.1/../../../../arm-none-eabi/lib/armv7-m\libc.a(lib_a-setbuf.o) (setvbuf)
c:/program files (x86)/atmel/studio/7.0/toolchain/arm/arm-gnu-toolchain/bin/../lib/gcc/arm-none-eabi/5.3.1/../../../../arm-none-eabi/lib/armv7-m\libc.a(lib_a-strlen-stub.o)
                              c:/program files (x86)/atmel/studio/7.0/toolchain/arm/arm-gnu-toolchain/bin/../lib/gcc/arm-none-eabi/5.3.1/../../../../arm-none-eabi/lib/armv7-m\libc.a(lib_a-puts.o) (strlen)
c:/program files (x86)/atmel/studio/7.0/toolchain/arm/arm-gnu-toolchain/bin/../lib/gcc/arm-none-eabi/5.3.1/../../../../arm-none-eabi/lib/armv7-m\libc.a(lib_a-vfiprintf.o)
                              c:/program files (x86)/atmel/studio/7.0/toolchain/arm/arm-gnu-toolchain/bin/../lib/gcc/arm-none-eabi/5.3.1/../../../../arm-none-eabi/lib/armv7-m\libc.a(lib_a-iprintf.o) (_vfiprintf_r)
c:/program files (x86)/atmel/studio/7.0/toolchain/arm/arm-gnu-toolchain/bin/../lib/gcc/arm-none-eabi/5.3.1/../../../../arm-none-eabi/lib/armv7-m\libc.a(lib_a-wsetup.o)
                              c:/program files (x86)/atmel/studio/7.0/toolchain/arm/arm-gnu-toolchain/bin/../lib/gcc/arm-none-eabi/5.3.1/../../../../arm-none-eabi/lib/armv7-m\libc.a(lib_a-vfiprintf.o) (__swsetup_r)
c:/program files (x86)/atmel/studio/7.0/toolchain/arm/arm-gnu-toolchain/bin/../lib/gcc/arm-none-eabi/5.3.1/../../../../arm-none-eabi/lib/armv7-m\libc.a(lib_a-__call_atexit.o)
                              c:/program files (x86)/atmel/studio/7.0/toolchain/arm/arm-gnu-toolchain/bin/../lib/gcc/arm-none-eabi/5.3.1/../../../../arm-none-eabi/lib/armv7-m\libc.a(lib_a-exit.o) (__call_exitprocs)
[...]
Memory Configuration

Name             Origin             Length             Attributes
rom              0x00080000         0x00080000         xr
sram0            0x20000000         0x00010000         xrw
sram1            0x20080000         0x00008000         xrw
ram              0x20070000         0x00018000         xrw
*default*        0x00000000         0xffffffff

Linker script and memory map

LOAD c:/program files (x86)/atmel/studio/7.0/toolchain/arm/arm-gnu-toolchain/bin/../lib/gcc/arm-none-eabi/5.3.1/armv7-m/crti.o
LOAD c:/program files (x86)/atmel/studio/7.0/toolchain/arm/arm-gnu-toolchain/bin/../lib/gcc/arm-none-eabi/5.3.1/armv7-m/crtbegin.o
LOAD c:/program files (x86)/atmel/studio/7.0/toolchain/arm/arm-gnu-toolchain/bin/../lib/gcc/arm-none-eabi/5.3.1/../../../../arm-none-eabi/lib/armv7-m/crt0.o
LOAD src/ASF/common/utils/stdio/read.o
LOAD src/PLATFORM/DRIVER/DD_CAN/DD_CAN.o
LOAD src/PLATFORM/DRIVER/DD_CLOCK/DD_CLOCK.o
LOAD src/PLATFORM/DRIVER/DD_CS1_TS/DD_CS1_TS.o
LOAD src/PLATFORM/DRIVER/DD_CS2_TS/DD_CS2_TS.o
LOAD src/PLATFORM/DRIVER/DD_CS3_TS/DD_CS3_TS.o
LOAD src/PLATFORM/DRIVER/DD_GPIO/DD_GPIO.o
LOAD src/PLATFORM/DRIVER/DD_HANDLER/DD_HANDLER.o
LOAD src/PLATFORM/DRIVER/DD_INT/DD_INT.o
LOAD src/PLATFORM/DRIVER/DD_MAX_31865/DD_MAX31865.o
LOAD src/PLATFORM/DRIVER/DD_PS1/DD_PS1.o
LOAD src/PLATFORM/DRIVER/DD_PS2/DD_PS2.o
LOAD src/PLATFORM/DRIVER/DD_PS3/DD_PS3.o
LOAD src/PLATFORM/DRIVER/DD_PWM/DD_PWM.o
LOAD src/PLATFORM/DRIVER/DD_SPI/DD_SPI.o
LOAD src/PLATFORM/DRIVER/DD_SYS/DD_SYS.o
LOAD src/PLATFORM/DRIVER/DD_THERMOCOUPLE/DD_THERMOCOUPLE.o
LOAD src/PLATFORM/DRIVER/DD_TIMER/DD_TIMER.o
LOAD src/PLATFORM/DRIVER/DD_TS1/DD_TS1.o
LOAD src/PLATFORM/DRIVER/DD_TS2/DD_TS2.o
LOAD src/PLATFORM/DRIVER/DD_TS3/DD_TS3.o
LOAD src/PLATFORM/SERVICE/SV_STATUS/SV_STATUS.o
LOAD src/PLATFORM/SERVICE/SV_SYS/SV_SYS.o
LOAD src/ASF/common/utils/stdio/write.o
LOAD src/ASF/sam/drivers/usart/usart.o
LOAD src/ASF/common/services/serial/usart_serial.o
LOAD src/ASF/sam/drivers/uart/uart.o
LOAD src/PLATFORM/DRIVER/DD_CONSOLE/DD_COSOLE.o
LOAD src/ASF/common/services/clock/sam3x/sysclk.o
LOAD src/ASF/common/utils/interrupt/interrupt_sam_nvic.o
LOAD src/ASF/sam/boards/arduino_due_x/init.o
LOAD src/ASF/sam/drivers/pio/pio.o
LOAD src/ASF/sam/drivers/pio/pio_handler.o
LOAD src/ASF/sam/drivers/pmc/pmc.o
LOAD src/ASF/sam/drivers/pmc/sleep.o
LOAD src/ASF/sam/utils/cmsis/sam3x/source/templates/exceptions.o
LOAD src/ASF/sam/utils/cmsis/sam3x/source/templates/gcc/startup_sam3x.o
LOAD src/ASF/sam/utils/cmsis/sam3x/source/templates/system_sam3x.o
LOAD src/ASF/sam/utils/syscalls/gcc/syscalls.o
LOAD src/SENSOR_CPU.o
START GROUP
LOAD ../src/ASF/thirdparty/CMSIS/Lib/GCC\libarm_cortexM3l_math.a
LOAD c:/program files (x86)/atmel/studio/7.0/toolchain/arm/arm-gnu-toolchain/bin/../lib/gcc/arm-none-eabi/5.3.1/../../../../arm-none-eabi/lib/armv7-m\libm.a
END GROUP
START GROUP
LOAD c:/program files (x86)/atmel/studio/7.0/toolchain/arm/arm-gnu-toolchain/bin/../lib/gcc/arm-none-eabi/5.3.1/armv7-m\libgcc.a
LOAD c:/program files (x86)/atmel/studio/7.0/toolchain/arm/arm-gnu-toolchain/bin/../lib/gcc/arm-none-eabi/5.3.1/../../../../arm-none-eabi/lib/armv7-m\libc.a
END GROUP
LOAD c:/program files (x86)/atmel/studio/7.0/toolchain/arm/arm-gnu-toolchain/bin/../lib/gcc/arm-none-eabi/5.3.1/armv7-m/crtend.o
LOAD c:/program files (x86)/atmel/studio/7.0/toolchain/arm/arm-gnu-toolchain/bin/../lib/gcc/arm-none-eabi/5.3.1/armv7-m/crtn.o
                0x00002000                __stack_size__ = DEFINED (__stack_size__)?__stack_size__:0x2000
                0x20087ffc                __ram_end__ = ((ORIGIN (ram) + LENGTH (ram)) - 0x4)

.text           0x00080000     0x6890
                0x00080000                . = ALIGN (0x4)
                0x00080000                _sfixed = .
 *(.vectors .vectors.*)
 .vectors       0x00080000       0xf4 src/ASF/sam/utils/cmsis/sam3x/source/templates/gcc/startup_sam3x.o
                0x00080000                exception_table
 *(.text .text.* .gnu.linkonce.t.*)
 .text          0x000800f4       0x5c c:/program files (x86)/atmel/studio/7.0/toolchain/arm/arm-gnu-toolchain/bin/../lib/gcc/arm-none-eabi/5.3.1/armv7-m/crtbegin.o
 .text._read    0x00080150       0x54 src/ASF/common/utils/stdio/read.o
                0x00080150                _read
 .text.NVIC_EnableIRQ
                0x000801a4       0x30 src/PLATFORM/DRIVER/DD_CAN/DD_CAN.o
 .text.CAN0_Handler
                0x000801d4       0x60 src/PLATFORM/DRIVER/DD_CAN/DD_CAN.o
                0x000801d4                CAN0_Handler
 .text.dd_can_extract_mailbox_data
                0x00080234       0xcc src/PLATFORM/DRIVER/DD_CAN/DD_CAN.o
 .text.dd_can_mailbox_read
                0x00080300       0xd0 src/PLATFORM/DRIVER/DD_CAN/DD_CAN.o
 .text.dd_can_mailbox_write
                0x000803d0       0xbc src/PLATFORM/DRIVER/DD_CAN/DD_CAN.o
                0x000803d0                dd_can_mailbox_write
 .text.dd_can_global_send_transfer_cmd
                0x0008048c       0x2c src/PLATFORM/DRIVER/DD_CAN/DD_CAN.o
                0x0008048c                dd_can_global_send_transfer_cmd
 .text.dd_can_mailbox_conf
                0x000804b8       0xf0 src/PLATFORM/DRIVER/DD_CAN/DD_CAN.o
                0x000804b8                dd_can_mailbox_conf
 .text.SENSOR_DD_INIT_CAN
                0x000805a8      0x18c src/PLATFORM/DRIVER/DD_CAN/DD_CAN.o
                0x000805a8                SENSOR_DD_INIT_CAN
 .text.SENSOR_D_INIT_CLOCK
                0x00080734       0x6c src/PLATFORM/DRIVER/DD_CLOCK/DD_CLOCK.o
                0x00080734                SENSOR_D_INIT_CLOCK
 .text.dd_pmc_enable_periph_clk
                0x000807a0       0x80 src/PLATFORM/DRIVER/DD_CLOCK/DD_CLOCK.o
                0x000807a0                dd_pmc_enable_periph_clk
 .text.DD_CS1_TS_INIT
                0x00080820       0x74 src/PLATFORM/DRIVER/DD_CS1_TS/DD_CS1_TS.o
                0x00080820                DD_CS1_TS_INIT
 .text.DD_CS2_TS_INIT
                0x00080894       0x74 src/PLATFORM/DRIVER/DD_CS2_TS/DD_CS2_TS.o
                0x00080894                DD_CS2_TS_INIT
 .text.DD_CS3_TS_INIT
                0x00080908       0x74 src/PLATFORM/DRIVER/DD_CS3_TS/DD_CS3_TS.o
                0x00080908                DD_CS3_TS_INIT
 .text.SENSOR_D_INIT_PIO
                0x0008097c       0x74 src/PLATFORM/DRIVER/DD_GPIO/DD_GPIO.o
                0x0008097c                SENSOR_D_INIT_PIO
 .text.dd_PRESSURE_SENSOR_GPIO_PINS
                0x000809f0      0x124 src/PLATFORM/DRIVER/DD_GPIO/DD_GPIO.o
                0x000809f0                dd_PRESSURE_SENSOR_GPIO_PINS
 .text.dd_TEMP_SENSOR_PINS_INIT
                0x00080b14      0x138 src/PLATFORM/DRIVER/DD_GPIO/DD_GPIO.o
                0x00080b14                dd_TEMP_SENSOR_PINS_INIT
 .text.dd_SPI_pins_INIT
                0x00080c4c      0x2d8 src/PLATFORM/DRIVER/DD_GPIO/DD_GPIO.o
                0x00080c4c                dd_SPI_pins_INIT
 .text.dd_CAN_pins_INIT
                0x00080f24       0xa8 src/PLATFORM/DRIVER/DD_GPIO/DD_GPIO.o
                0x00080f24                dd_CAN_pins_INIT
 .text.dd_UART_pins_init
                0x00080fcc       0x70 src/PLATFORM/DRIVER/DD_GPIO/DD_GPIO.o
                0x00080fcc                dd_UART_pins_init
 .text.dd_PIO_INTERRUPT_DISABLE
                0x0008103c       0x40 src/PLATFORM/DRIVER/DD_GPIO/DD_GPIO.o
                0x0008103c                dd_PIO_INTERRUPT_DISABLE
 .text.dd_enable_PIO
                0x0008107c       0x24 src/PLATFORM/DRIVER/DD_GPIO/DD_GPIO.o
                0x0008107c                dd_enable_PIO
 .text.dd_disable_PIO
                0x000810a0       0x24 src/PLATFORM/DRIVER/DD_GPIO/DD_GPIO.o
                0x000810a0                dd_disable_PIO
 .text.dd_enable_OUTPUT
                0x000810c4       0x24 src/PLATFORM/DRIVER/DD_GPIO/DD_GPIO.o
                0x000810c4                dd_enable_OUTPUT
 .text.dd_disable_OUTPUT
                0x000810e8       0x24 src/PLATFORM/DRIVER/DD_GPIO/DD_GPIO.o
                0x000810e8                dd_disable_OUTPUT
 .text.dd_SET_OUTPUT_DATA
                0x0008110c       0x24 src/PLATFORM/DRIVER/DD_GPIO/DD_GPIO.o
                0x0008110c                dd_SET_OUTPUT_DATA
 .text.dd_CLEAR_OUTPUT_DATA
                0x00081130       0x24 src/PLATFORM/DRIVER/DD_GPIO/DD_GPIO.o
                0x00081130                dd_CLEAR_OUTPUT_DATA
 .text.dd_enable_PULLUP
                0x00081154       0x24 src/PLATFORM/DRIVER/DD_GPIO/DD_GPIO.o
                0x00081154                dd_enable_PULLUP
 .text.dd_disable_PULLUP
                0x00081178       0x24 src/PLATFORM/DRIVER/DD_GPIO/DD_GPIO.o
                0x00081178                dd_disable_PULLUP
 .text.dd_enable_OUTPUT_WRITE
                0x0008119c       0x28 src/PLATFORM/DRIVER/DD_GPIO/DD_GPIO.o
                0x0008119c                dd_enable_OUTPUT_WRITE
 .text.dd_disable_OUTPUT_WRITE
                0x000811c4       0x28 src/PLATFORM/DRIVER/DD_GPIO/DD_GPIO.o
                0x000811c4                dd_disable_OUTPUT_WRITE
 .text.DD_PS1_INIT
                0x000811ec       0xc8 src/PLATFORM/DRIVER/DD_PS1/DD_PS1.o
                0x000811ec                DD_PS1_INIT
 .text.DD_PS2_INIT
                0x000812b4       0xc8 src/PLATFORM/DRIVER/DD_PS2/DD_PS2.o
                0x000812b4                DD_PS2_INIT
 .text.DD_PS3_INIT
                0x0008137c       0xc8 src/PLATFORM/DRIVER/DD_PS3/DD_PS3.o
                0x0008137c                DD_PS3_INIT
 .text.osc_get_rate
                0x00081444       0x74 src/PLATFORM/DRIVER/DD_SPI/DD_SPI.o
 .text.sysclk_get_main_hz
                0x000814b8       0x1c src/PLATFORM/DRIVER/DD_SPI/DD_SPI.o
 .text.sysclk_get_peripheral_hz
                0x000814d4       0x14 src/PLATFORM/DRIVER/DD_SPI/DD_SPI.o
 .text.sysclk_enable_peripheral_clock
                0x000814e8       0x1c src/PLATFORM/DRIVER/DD_SPI/DD_SPI.o
 .text.dd_spi_set_transfer_delay
                0x00081504       0x5c src/PLATFORM/DRIVER/DD_SPI/DD_SPI.o
                0x00081504                dd_spi_set_transfer_delay
 .text.dd_spi_set_bits_per_transfer
                0x00081560       0x4c src/PLATFORM/DRIVER/DD_SPI/DD_SPI.o
                0x00081560                dd_spi_set_bits_per_transfer
 .text.dd_spi_set_clock_polarity
                0x000815ac       0x54 src/PLATFORM/DRIVER/DD_SPI/DD_SPI.o
                0x000815ac                dd_spi_set_clock_polarity
 .text.dd_spi_set_clock_phase
                0x00081600       0x54 src/PLATFORM/DRIVER/DD_SPI/DD_SPI.o
                0x00081600                dd_spi_set_clock_phase
 .text.dd_spi_set_baudrate_div
                0x00081654       0x60 src/PLATFORM/DRIVER/DD_SPI/DD_SPI.o
                0x00081654                dd_spi_set_baudrate_div
 .text.dd_spi_set_peripheral_chip_select_value
                0x000816b4       0x38 src/PLATFORM/DRIVER/DD_SPI/DD_SPI.o
                0x000816b4                dd_spi_set_peripheral_chip_select_value
 .text.dd_spi_master_transfer
                0x000816ec       0x70 src/PLATFORM/DRIVER/DD_SPI/DD_SPI.o
                0x000816ec                dd_spi_master_transfer
 .text.dd_spi_master_read
                0x0008175c       0x6c src/PLATFORM/DRIVER/DD_SPI/DD_SPI.o
                0x0008175c                dd_spi_master_read
 .text.dd_spi_write
                0x000817c8       0x70 src/PLATFORM/DRIVER/DD_SPI/DD_SPI.o
                0x000817c8                dd_spi_write
 .text.dd_spi_read
                0x00081838       0x50 src/PLATFORM/DRIVER/DD_SPI/DD_SPI.o
                0x00081838                dd_spi_read
 .text.SENSOR_DD_INIT_SPI
                0x00081888      0x1a0 src/PLATFORM/DRIVER/DD_SPI/DD_SPI.o
                0x00081888                SENSOR_DD_INIT_SPI
 .text.DD_TS1_CHIP_SELECT
                0x00081a28       0x18 src/PLATFORM/DRIVER/DD_SYS/DD_SYS.o
                0x00081a28                DD_TS1_CHIP_SELECT
 .text.DD_TS2_CHIP_SELECT
                0x00081a40       0x1c src/PLATFORM/DRIVER/DD_SYS/DD_SYS.o
                0x00081a40                DD_TS2_CHIP_SELECT
 .text.DD_CS1_TS_CHIP_SELECT
                0x00081a5c       0x1c src/PLATFORM/DRIVER/DD_SYS/DD_SYS.o
                0x00081a5c                DD_CS1_TS_CHIP_SELECT
 .text.DD_CS2_TS_CHIP_SELECT
                0x00081a78       0x18 src/PLATFORM/DRIVER/DD_SYS/DD_SYS.o
                0x00081a78                DD_CS2_TS_CHIP_SELECT
 .text.DD_CS3_TS_CHIP_SELECT
                0x00081a90       0x18 src/PLATFORM/DRIVER/DD_SYS/DD_SYS.o
                0x00081a90                DD_CS3_TS_CHIP_SELECT
 .text.DD_TS3_CHIP_SELECT
                0x00081aa8       0x1c src/PLATFORM/DRIVER/DD_SYS/DD_SYS.o
                0x00081aa8                DD_TS3_CHIP_SELECT
 .text.DD_TS_MUX_CHIP_SELECT
                0x00081ac4       0x1c src/PLATFORM/DRIVER/DD_SYS/DD_SYS.o
                0x00081ac4                DD_TS_MUX_CHIP_SELECT
 .text.DD_CON_ADC_CHIP_SELECT
                0x00081ae0       0x20 src/PLATFORM/DRIVER/DD_SYS/DD_SYS.o
                0x00081ae0                DD_CON_ADC_CHIP_SELECT
 .text.DD_SPI_PCS_DECODER_ACTIVE
                0x00081b00       0x1c src/PLATFORM/DRIVER/DD_SYS/DD_SYS.o
                0x00081b00                DD_SPI_PCS_DECODER_ACTIVE
 .text.DD_SPI_PCS_DECODER_DEACTIVE
                0x00081b1c       0x1c src/PLATFORM/DRIVER/DD_SYS/DD_SYS.o
                0x00081b1c                DD_SPI_PCS_DECODER_DEACTIVE
 .text.DD_DISABLE_ISOLATORS_MISO_PIN
                0x00081b38       0x30 src/PLATFORM/DRIVER/DD_SYS/DD_SYS.o
                0x00081b38                DD_DISABLE_ISOLATORS_MISO_PIN
 .text.DD_ENABLE_ISOLATOR_1
                0x00081b68       0x34 src/PLATFORM/DRIVER/DD_SYS/DD_SYS.o
                0x00081b68                DD_ENABLE_ISOLATOR_1
 .text.DD_ENABLE_ISOLATOR_2
                0x00081b9c       0x34 src/PLATFORM/DRIVER/DD_SYS/DD_SYS.o
                0x00081b9c                DD_ENABLE_ISOLATOR_2
 .text.DD_ENABLE_ISOLATOR_3
                0x00081bd0       0x34 src/PLATFORM/DRIVER/DD_SYS/DD_SYS.o
                0x00081bd0                DD_ENABLE_ISOLATOR_3
 .text.DD_INIT_ALL_SENSORS
                0x00081c04       0xf0 src/PLATFORM/DRIVER/DD_SYS/DD_SYS.o
                0x00081c04                DD_INIT_ALL_SENSORS
 .text.DD_READ_SENSORS
                0x00081cf4      0xbc4 src/PLATFORM/DRIVER/DD_SYS/DD_SYS.o
                0x00081cf4                DD_READ_SENSORS
 .text.DD_TS1_INIT
                0x000828b8       0x74 src/PLATFORM/DRIVER/DD_TS1/DD_TS1.o
                0x000828b8                DD_TS1_INIT
 .text.DD_TS2_INIT
                0x0008292c       0x78 src/PLATFORM/DRIVER/DD_TS2/DD_TS2.o
                0x0008292c                DD_TS2_INIT
 .text.DD_TS3_INIT
                0x000829a4       0xc8 src/PLATFORM/DRIVER/DD_TS3/DD_TS3.o
                0x000829a4                DD_TS3_INIT
 .text.SV_SEND_CAN_MAILBOX
                0x00082a6c       0x84 src/PLATFORM/SERVICE/SV_STATUS/SV_STATUS.o
 .text.SV_put_sensor_data
                0x00082af0      0x20c src/PLATFORM/SERVICE/SV_STATUS/SV_STATUS.o
                0x00082af0                SV_put_sensor_data
 .text.SV_get_sensor_data
                0x00082cfc      0x1d8 src/PLATFORM/SERVICE/SV_STATUS/SV_STATUS.o
                0x00082cfc                SV_get_sensor_data
 .text.Temp_Averaging
                0x00082ed4       0xe0 src/PLATFORM/SERVICE/SV_STATUS/SV_STATUS.o
                0x00082ed4                Temp_Averaging
 .text.SV_SYSTEM_INIT
                0x00082fb4       0x38 src/PLATFORM/SERVICE/SV_SYS/SV_SYS.o
                0x00082fb4                SV_SYSTEM_INIT
 .text._write   0x00082fec       0x6c src/ASF/common/utils/stdio/write.o
                0x00082fec                _write
 .text.usart_set_async_baudrate
                0x00083058       0x88 src/ASF/sam/drivers/usart/usart.o
                0x00083058                usart_set_async_baudrate
 .text.usart_reset
                0x000830e0       0x54 src/ASF/sam/drivers/usart/usart.o
                0x000830e0                usart_reset
 .text.usart_init_rs232
                0x00083134       0x84 src/ASF/sam/drivers/usart/usart.o
                0x00083134                usart_init_rs232
 .text.usart_enable_tx
                0x000831b8       0x18 src/ASF/sam/drivers/usart/usart.o
                0x000831b8                usart_enable_tx
 .text.usart_reset_tx
                0x000831d0       0x18 src/ASF/sam/drivers/usart/usart.o
                0x000831d0                usart_reset_tx
 .text.usart_enable_rx
                0x000831e8       0x18 src/ASF/sam/drivers/usart/usart.o
                0x000831e8                usart_enable_rx
 .text.usart_reset_rx
                0x00083200       0x18 src/ASF/sam/drivers/usart/usart.o
                0x00083200                usart_reset_rx
 .text.usart_reset_status
                0x00083218       0x1c src/ASF/sam/drivers/usart/usart.o
                0x00083218                usart_reset_status
 .text.usart_drive_RTS_pin_high
                0x00083234       0x1c src/ASF/sam/drivers/usart/usart.o
                0x00083234                usart_drive_RTS_pin_high
 .text.usart_write
                0x00083250       0x30 src/ASF/sam/drivers/usart/usart.o
                0x00083250                usart_write
 .text.usart_read
                0x00083280       0x34 src/ASF/sam/drivers/usart/usart.o
                0x00083280                usart_read
 .text.usart_disable_writeprotect
                0x000832b4       0x20 src/ASF/sam/drivers/usart/usart.o
                0x000832b4                usart_disable_writeprotect
 .text.uart_init
                0x000832d4       0x60 src/ASF/sam/drivers/uart/uart.o
                0x000832d4                uart_init
 .text.uart_write
                0x00083334       0x30 src/ASF/sam/drivers/uart/uart.o
                0x00083334                uart_write
 .text.uart_read
                0x00083364       0x30 src/ASF/sam/drivers/uart/uart.o
                0x00083364                uart_read
 .text.osc_get_rate
                0x00083394       0x74 src/PLATFORM/DRIVER/DD_CONSOLE/DD_COSOLE.o
 .text.sysclk_get_main_hz
                0x00083408       0x1c src/PLATFORM/DRIVER/DD_CONSOLE/DD_COSOLE.o
 .text.sysclk_get_peripheral_hz
                0x00083424       0x14 src/PLATFORM/DRIVER/DD_CONSOLE/DD_COSOLE.o
 .text.sysclk_enable_peripheral_clock
                0x00083438       0x1c src/PLATFORM/DRIVER/DD_CONSOLE/DD_COSOLE.o
 .text.usart_serial_init
                0x00083454      0x138 src/PLATFORM/DRIVER/DD_CONSOLE/DD_COSOLE.o
 .text.usart_serial_putchar
                0x0008358c       0xc8 src/PLATFORM/DRIVER/DD_CONSOLE/DD_COSOLE.o
 .text.usart_serial_getchar
                0x00083654       0xdc src/PLATFORM/DRIVER/DD_CONSOLE/DD_COSOLE.o
 .text.stdio_serial_init
                0x00083730       0x68 src/PLATFORM/DRIVER/DD_CONSOLE/DD_COSOLE.o
 .text.SENSOR_D_INIT_UART
                0x00083798       0x48 src/PLATFORM/DRIVER/DD_CONSOLE/DD_COSOLE.o
                0x00083798                SENSOR_D_INIT_UART
 .text.osc_enable
                0x000837e0       0x88 src/ASF/common/services/clock/sam3x/sysclk.o
 .text.osc_is_ready
                0x00083868       0x70 src/ASF/common/services/clock/sam3x/sysclk.o
 .text.osc_get_rate
                0x000838d8       0x74 src/ASF/common/services/clock/sam3x/sysclk.o
 .text.osc_wait_ready
                0x0008394c       0x2c src/ASF/common/services/clock/sam3x/sysclk.o
 .text.pll_config_init
                0x00083978       0x6c src/ASF/common/services/clock/sam3x/sysclk.o
 .text.pll_enable
                0x000839e4       0x40 src/ASF/common/services/clock/sam3x/sysclk.o
 .text.pll_is_locked
                0x00083a24       0x2c src/ASF/common/services/clock/sam3x/sysclk.o
 .text.pll_enable_source
                0x00083a50       0x38 src/ASF/common/services/clock/sam3x/sysclk.o
 .text.pll_wait_for_lock
                0x00083a88       0x24 src/ASF/common/services/clock/sam3x/sysclk.o
 .text.sysclk_get_main_hz
                0x00083aac       0x1c src/ASF/common/services/clock/sam3x/sysclk.o
 .text.sysclk_get_cpu_hz
                0x00083ac8       0x14 src/ASF/common/services/clock/sam3x/sysclk.o
 .text.sysclk_init
                0x00083adc       0x70 src/ASF/common/services/clock/sam3x/sysclk.o
                0x00083adc                sysclk_init
 .text.sysclk_enable_peripheral_clock
                0x00083b4c       0x1c src/ASF/sam/boards/arduino_due_x/init.o
 .text.ioport_init
                0x00083b68       0x24 src/ASF/sam/boards/arduino_due_x/init.o
 .text.board_init
                0x00083b8c       0x84 src/ASF/sam/boards/arduino_due_x/init.o
                0x00083b8c                board_init
 .text.pio_pull_up
                0x00083c10       0x2c src/ASF/sam/drivers/pio/pio.o
                0x00083c10                pio_pull_up
 .text.pio_set_peripheral
                0x00083c3c       0x80 src/ASF/sam/drivers/pio/pio.o
                0x00083c3c                pio_set_peripheral
 .text.pio_set_input
                0x00083cbc       0x80 src/ASF/sam/drivers/pio/pio.o
                0x00083cbc                pio_set_input
 .text.pio_set_output
                0x00083d3c       0x64 src/ASF/sam/drivers/pio/pio.o
                0x00083d3c                pio_set_output
 .text.pio_disable_interrupt
                0x00083da0       0x1c src/ASF/sam/drivers/pio/pio.o
                0x00083da0                pio_disable_interrupt
 .text.pio_get_interrupt_status
                0x00083dbc       0x18 src/ASF/sam/drivers/pio/pio.o
                0x00083dbc                pio_get_interrupt_status
 .text.pio_get_interrupt_mask
                0x00083dd4       0x18 src/ASF/sam/drivers/pio/pio.o
                0x00083dd4                pio_get_interrupt_mask
 .text.pio_configure_pin
                0x00083dec       0x24 src/ASF/sam/drivers/pio/pio.o
                0x00083dec                pio_configure_pin
 .text.pio_configure_pin_group
                0x00083e10       0xe4 src/ASF/sam/drivers/pio/pio.o
                0x00083e10                pio_configure_pin_group
 .text.pio_get_pin_group
                0x00083ef4       0x24 src/ASF/sam/drivers/pio/pio.o
                0x00083ef4                pio_get_pin_group
 .text.pio_handler_process
                0x00083f18       0xb4 src/ASF/sam/drivers/pio/pio_handler.o
                0x00083f18                pio_handler_process
 .text.PIOA_Handler
                0x00083fcc       0x18 src/ASF/sam/drivers/pio/pio_handler.o
                0x00083fcc                PIOA_Handler
 .text.PIOB_Handler
                0x00083fe4       0x18 src/ASF/sam/drivers/pio/pio_handler.o
                0x00083fe4                PIOB_Handler
 .text.PIOC_Handler
                0x00083ffc       0x18 src/ASF/sam/drivers/pio/pio_handler.o
                0x00083ffc                PIOC_Handler
 .text.PIOD_Handler
                0x00084014       0x18 src/ASF/sam/drivers/pio/pio_handler.o
                0x00084014                PIOD_Handler
 .text.pmc_switch_mck_to_pllack
                0x0008402c       0x80 src/ASF/sam/drivers/pmc/pmc.o
                0x0008402c                pmc_switch_mck_to_pllack
 .text.pmc_switch_sclk_to_32kxtal
                0x000840ac       0x38 src/ASF/sam/drivers/pmc/pmc.o
                0x000840ac                pmc_switch_sclk_to_32kxtal
 .text.pmc_osc_is_ready_32kxtal
                0x000840e4       0x34 src/ASF/sam/drivers/pmc/pmc.o
                0x000840e4                pmc_osc_is_ready_32kxtal
 .text.pmc_switch_mainck_to_fastrc
                0x00084118       0x70 src/ASF/sam/drivers/pmc/pmc.o
                0x00084118                pmc_switch_mainck_to_fastrc
 .text.pmc_switch_mainck_to_xtal
                0x00084188       0x78 src/ASF/sam/drivers/pmc/pmc.o
                0x00084188                pmc_switch_mainck_to_xtal
 .text.pmc_osc_is_ready_mainck
                0x00084200       0x18 src/ASF/sam/drivers/pmc/pmc.o
                0x00084200                pmc_osc_is_ready_mainck
 .text.pmc_disable_pllack
                0x00084218       0x18 src/ASF/sam/drivers/pmc/pmc.o
                0x00084218                pmc_disable_pllack
 .text.pmc_is_locked_pllack
                0x00084230       0x18 src/ASF/sam/drivers/pmc/pmc.o
                0x00084230                pmc_is_locked_pllack
 .text.pmc_is_locked_upll
                0x00084248       0x18 src/ASF/sam/drivers/pmc/pmc.o
                0x00084248                pmc_is_locked_upll
 .text.pmc_enable_periph_clk
                0x00084260       0x80 src/ASF/sam/drivers/pmc/pmc.o
                0x00084260                pmc_enable_periph_clk
 .text.Dummy_Handler
                0x000842e0        0x8 src/ASF/sam/utils/cmsis/sam3x/source/templates/exceptions.o
                0x000842e0                DACC_Handler
                0x000842e0                DebugMon_Handler
                0x000842e0                DMAC_Handler
                0x000842e0                TRNG_Handler
                0x000842e0                HardFault_Handler
                0x000842e0                TC2_Handler
                0x000842e0                SysTick_Handler
                0x000842e0                USART3_Handler
                0x000842e0                TWI1_Handler
                0x000842e0                PendSV_Handler
                0x000842e0                NMI_Handler
                0x000842e0                TC7_Handler
                0x000842e0                ADC_Handler
                0x000842e0                SMC_Handler
                0x000842e0                USART0_Handler
                0x000842e0                RTT_Handler
                0x000842e0                EFC1_Handler
                0x000842e0                RTC_Handler
                0x000842e0                UsageFault_Handler
                0x000842e0                TC6_Handler
                0x000842e0                WDT_Handler
                0x000842e0                TC4_Handler
                0x000842e0                TC1_Handler
                0x000842e0                HSMCI_Handler
                0x000842e0                TC3_Handler
                0x000842e0                Dummy_Handler
                0x000842e0                TWI0_Handler
                0x000842e0                USART1_Handler
                0x000842e0                SSC_Handler
                0x000842e0                EFC0_Handler
                0x000842e0                PMC_Handler
                0x000842e0                PWM_Handler
                0x000842e0                CAN1_Handler
                0x000842e0                MemManage_Handler
                0x000842e0                SUPC_Handler
                0x000842e0                SVC_Handler
                0x000842e0                TC8_Handler
                0x000842e0                USART2_Handler
                0x000842e0                EMAC_Handler
                0x000842e0                UART_Handler
                0x000842e0                BusFault_Handler
                0x000842e0                RSTC_Handler
                0x000842e0                TC0_Handler
                0x000842e0                TC5_Handler
                0x000842e0                UOTGHS_Handler
                0x000842e0                SPI0_Handler
 .text.Reset_Handler
                0x000842e8       0xa8 src/ASF/sam/utils/cmsis/sam3x/source/templates/gcc/startup_sam3x.o
                0x000842e8                Reset_Handler
 .text.SystemCoreClockUpdate
                0x00084390      0x184 src/ASF/sam/utils/cmsis/sam3x/source/templates/system_sam3x.o
                0x00084390                SystemCoreClockUpdate
 .text._sbrk    0x00084514       0x58 src/ASF/sam/utils/syscalls/gcc/syscalls.o
                0x00084514                _sbrk
 .text._close   0x0008456c       0x18 src/ASF/sam/utils/syscalls/gcc/syscalls.o
                0x0008456c                _close
 .text._fstat   0x00084584       0x20 src/ASF/sam/utils/syscalls/gcc/syscalls.o
                0x00084584                _fstat
 .text._isatty  0x000845a4       0x14 src/ASF/sam/utils/syscalls/gcc/syscalls.o
                0x000845a4                _isatty
 .text._lseek   0x000845b8       0x18 src/ASF/sam/utils/syscalls/gcc/syscalls.o
                0x000845b8                _lseek
 .text.main     0x000845d0       0x94 src/SENSOR_CPU.o
                0x000845d0                main
 .text          0x00084664      0x21c c:/program files (x86)/atmel/studio/7.0/toolchain/arm/arm-gnu-toolchain/bin/../lib/gcc/arm-none-eabi/5.3.1/armv7-m\libgcc.a(_arm_addsubsf3.o)
                0x00084664                __aeabi_frsub
                0x0008466c                __subsf3
                0x0008466c                __aeabi_fsub
                0x00084670                __aeabi_fadd
                0x00084670                __addsf3
                0x000847d0                __aeabi_ui2f
                0x000847d0                __floatunsisf
                0x000847d8                __aeabi_i2f
                0x000847d8                __floatsisf
                0x000847f4                __aeabi_ul2f
                0x000847f4                __floatundisf
                0x00084804                __aeabi_l2f
                0x00084804                __floatdisf
 .text          0x00084880      0x2a0 c:/program files (x86)/atmel/studio/7.0/toolchain/arm/arm-gnu-toolchain/bin/../lib/gcc/arm-none-eabi/5.3.1/armv7-m\libgcc.a(_arm_muldivsf3.o)
                0x00084880                __mulsf3
                0x00084880                __aeabi_fmul
                0x000849e8                __aeabi_fdiv
                0x000849e8                __divsf3
 .text          0x00084b20       0x40 c:/program files (x86)/atmel/studio/7.0/toolchain/arm/arm-gnu-toolchain/bin/../lib/gcc/arm-none-eabi/5.3.1/armv7-m\libgcc.a(_arm_fixunssfsi.o)
                0x00084b20                __fixunssfsi
                0x00084b20                __aeabi_f2uiz
 .text.__libc_init_array
                0x00084b60       0x50 c:/program files (x86)/atmel/studio/7.0/toolchain/arm/arm-gnu-toolchain/bin/../lib/gcc/arm-none-eabi/5.3.1/../../../../arm-none-eabi/lib/armv7-m\libc.a(lib_a-init.o)
                0x00084b60                __libc_init_array
 .text.memset   0x00084bb0       0x9c c:/program files (x86)/atmel/studio/7.0/toolchain/arm/arm-gnu-toolchain/bin/../lib/gcc/arm-none-eabi/5.3.1/../../../../arm-none-eabi/lib/armv7-m\libc.a(lib_a-memset.o)
                0x00084bb0                memset
 .text._puts_r  0x00084c4c       0x68 c:/program files (x86)/atmel/studio/7.0/toolchain/arm/arm-gnu-toolchain/bin/../lib/gcc/arm-none-eabi/5.3.1/../../../../arm-none-eabi/lib/armv7-m\libc.a(lib_a-puts.o)
                0x00084c4c                _puts_r
 .text.puts     0x00084cb4       0x10 c:/program files (x86)/atmel/studio/7.0/toolchain/arm/arm-gnu-toolchain/bin/../lib/gcc/arm-none-eabi/5.3.1/../../../../arm-none-eabi/lib/armv7-m\libc.a(lib_a-puts.o)
                0x00084cb4                puts
 .text.setbuf   0x00084cc4       0x10 c:/program files (x86)/atmel/studio/7.0/toolchain/arm/arm-gnu-toolchain/bin/../lib/gcc/arm-none-eabi/5.3.1/../../../../arm-none-eabi/lib/armv7-m\libc.a(lib_a-setbuf.o)
                0x00084cc4                setbuf
 .text.setvbuf  0x00084cd4      0x150 c:/program files (x86)/atmel/studio/7.0/toolchain/arm/arm-gnu-toolchain/bin/../lib/gcc/arm-none-eabi/5.3.1/../../../../arm-none-eabi/lib/armv7-m\libc.a(lib_a-setvbuf.o)
                0x00084cd4                setvbuf
 .text.strlen   0x00084e24       0x5c c:/program files (x86)/atmel/studio/7.0/toolchain/arm/arm-gnu-toolchain/bin/../lib/gcc/arm-none-eabi/5.3.1/../../../../arm-none-eabi/lib/armv7-m\libc.a(lib_a-strlen-stub.o)
                0x00084e24                strlen
 .text.__swsetup_r
                0x00084e80       0xc8 c:/program files (x86)/atmel/studio/7.0/toolchain/arm/arm-gnu-toolchain/bin/../lib/gcc/arm-none-eabi/5.3.1/../../../../arm-none-eabi/lib/armv7-m\libc.a(lib_a-wsetup.o)
                0x00084e80                __swsetup_r
 .text.startup.register_fini
                0x00084f48       0x14 c:/program files (x86)/atmel/studio/7.0/toolchain/arm/arm-gnu-toolchain/bin/../lib/gcc/arm-none-eabi/5.3.1/../../../../arm-none-eabi/lib/armv7-m\libc.a(lib_a-__call_atexit.o)
 .text.atexit   0x00084f5c        0xc c:/program files (x86)/atmel/studio/7.0/toolchain/arm/arm-gnu-toolchain/bin/../lib/gcc/arm-none-eabi/5.3.1/../../../../arm-none-eabi/lib/armv7-m\libc.a(lib_a-atexit.o)
                0x00084f5c                atexit
 .text.__sflush_r
                0x00084f68      0x148 c:/program files (x86)/atmel/studio/7.0/toolchain/arm/arm-gnu-toolchain/bin/../lib/gcc/arm-none-eabi/5.3.1/../../../../arm-none-eabi/lib/armv7-m\libc.a(lib_a-fflush.o)
                0x00084f68                __sflush_r
 .text._fflush_r
                0x000850b0       0x2c c:/program files (x86)/atmel/studio/7.0/toolchain/arm/arm-gnu-toolchain/bin/../lib/gcc/arm-none-eabi/5.3.1/../../../../arm-none-eabi/lib/armv7-m\libc.a(lib_a-fflush.o)
                0x000850b0                _fflush_r
 .text._cleanup_r
                0x000850dc        0xc c:/program files (x86)/atmel/studio/7.0/toolchain/arm/arm-gnu-toolchain/bin/../lib/gcc/arm-none-eabi/5.3.1/../../../../arm-none-eabi/lib/armv7-m\libc.a(lib_a-findfp.o)
                0x000850dc                _cleanup_r
 .text.__sinit.part.1
                0x000850e8       0xf0 c:/program files (x86)/atmel/studio/7.0/toolchain/arm/arm-gnu-toolchain/bin/../lib/gcc/arm-none-eabi/5.3.1/../../../../arm-none-eabi/lib/armv7-m\libc.a(lib_a-findfp.o)
 .text.__sinit  0x000851d8        0xc c:/program files (x86)/atmel/studio/7.0/toolchain/arm/arm-gnu-toolchain/bin/../lib/gcc/arm-none-eabi/5.3.1/../../../../arm-none-eabi/lib/armv7-m\libc.a(lib_a-findfp.o)
                0x000851d8                __sinit
 .text.__sfp_lock_acquire
                0x000851e4        0x4 c:/program files (x86)/atmel/studio/7.0/toolchain/arm/arm-gnu-toolchain/bin/../lib/gcc/arm-none-eabi/5.3.1/../../../../arm-none-eabi/lib/armv7-m\libc.a(lib_a-findfp.o)
                0x000851e4                __sfp_lock_acquire
 .text.__sfp_lock_release
                0x000851e8        0x4 c:/program files (x86)/atmel/studio/7.0/toolchain/arm/arm-gnu-toolchain/bin/../lib/gcc/arm-none-eabi/5.3.1/../../../../arm-none-eabi/lib/armv7-m\libc.a(lib_a-findfp.o)
                0x000851e8                __sfp_lock_release
 .text.__libc_fini_array
                0x000851ec       0x28 c:/program files (x86)/atmel/studio/7.0/toolchain/arm/arm-gnu-toolchain/bin/../lib/gcc/arm-none-eabi/5.3.1/../../../../arm-none-eabi/lib/armv7-m\libc.a(lib_a-fini.o)
                0x000851ec                __libc_fini_array
 .text._malloc_trim_r
                0x00085214       0x9c c:/program files (x86)/atmel/studio/7.0/toolchain/arm/arm-gnu-toolchain/bin/../lib/gcc/arm-none-eabi/5.3.1/../../../../arm-none-eabi/lib/armv7-m\libc.a(lib_a-freer.o)
                0x00085214                _malloc_trim_r
 .text._free_r  0x000852b0      0x1d0 c:/program files (x86)/atmel/studio/7.0/toolchain/arm/arm-gnu-toolchain/bin/../lib/gcc/arm-none-eabi/5.3.1/../../../../arm-none-eabi/lib/armv7-m\libc.a(lib_a-freer.o)
                0x000852b0                _free_r
 .text.__sfvwrite_r
                0x00085480      0x308 c:/program files (x86)/atmel/studio/7.0/toolchain/arm/arm-gnu-toolchain/bin/../lib/gcc/arm-none-eabi/5.3.1/../../../../arm-none-eabi/lib/armv7-m\libc.a(lib_a-fvwrite.o)
                0x00085480                __sfvwrite_r
 .text._fwalk_reent
                0x00085788       0x50 c:/program files (x86)/atmel/studio/7.0/toolchain/arm/arm-gnu-toolchain/bin/../lib/gcc/arm-none-eabi/5.3.1/../../../../arm-none-eabi/lib/armv7-m\libc.a(lib_a-fwalk.o)
                0x00085788                _fwalk_reent
 .text.__swhatbuf_r
                0x000857d8       0x60 c:/program files (x86)/atmel/studio/7.0/toolchain/arm/arm-gnu-toolchain/bin/../lib/gcc/arm-none-eabi/5.3.1/../../../../arm-none-eabi/lib/armv7-m\libc.a(lib_a-makebuf.o)
                0x000857d8                __swhatbuf_r
 .text.__smakebuf_r
                0x00085838       0x88 c:/program files (x86)/atmel/studio/7.0/toolchain/arm/arm-gnu-toolchain/bin/../lib/gcc/arm-none-eabi/5.3.1/../../../../arm-none-eabi/lib/armv7-m\libc.a(lib_a-makebuf.o)
                0x00085838                __smakebuf_r
 .text.malloc   0x000858c0       0x10 c:/program files (x86)/atmel/studio/7.0/toolchain/arm/arm-gnu-toolchain/bin/../lib/gcc/arm-none-eabi/5.3.1/../../../../arm-none-eabi/lib/armv7-m\libc.a(lib_a-malloc.o)
                0x000858c0                malloc
 .text._malloc_r
                0x000858d0      0x558 c:/program files (x86)/atmel/studio/7.0/toolchain/arm/arm-gnu-toolchain/bin/../lib/gcc/arm-none-eabi/5.3.1/../../../../arm-none-eabi/lib/armv7-m\libc.a(lib_a-mallocr.o)
                0x000858d0                _malloc_r
 .text.memchr   0x00085e28       0x8c c:/program files (x86)/atmel/studio/7.0/toolchain/arm/arm-gnu-toolchain/bin/../lib/gcc/arm-none-eabi/5.3.1/../../../../arm-none-eabi/lib/armv7-m\libc.a(lib_a-memchr-stub.o)
                0x00085e28                memchr
 .text          0x00085eb4       0xec c:/program files (x86)/atmel/studio/7.0/toolchain/arm/arm-gnu-toolchain/bin/../lib/gcc/arm-none-eabi/5.3.1/../../../../arm-none-eabi/lib/armv7-m\libc.a(lib_a-memcpy.o)
                0x00085eb4                memcpy
 .text.memmove  0x00085fa0       0xc8 c:/program files (x86)/atmel/studio/7.0/toolchain/arm/arm-gnu-toolchain/bin/../lib/gcc/arm-none-eabi/5.3.1/../../../../arm-none-eabi/lib/armv7-m\libc.a(lib_a-memmove.o)
                0x00085fa0                memmove
 .text.__malloc_lock
                0x00086068        0x4 c:/program files (x86)/atmel/studio/7.0/toolchain/arm/arm-gnu-toolchain/bin/../lib/gcc/arm-none-eabi/5.3.1/../../../../arm-none-eabi/lib/armv7-m\libc.a(lib_a-mlock.o)
                0x00086068                __malloc_lock
 .text.__malloc_unlock
                0x0008606c        0x4 c:/program files (x86)/atmel/studio/7.0/toolchain/arm/arm-gnu-toolchain/bin/../lib/gcc/arm-none-eabi/5.3.1/../../../../arm-none-eabi/lib/armv7-m\libc.a(lib_a-mlock.o)
                0x0008606c                __malloc_unlock
 .text._realloc_r
                0x00086070      0x3d4 c:/program files (x86)/atmel/studio/7.0/toolchain/arm/arm-gnu-toolchain/bin/../lib/gcc/arm-none-eabi/5.3.1/../../../../arm-none-eabi/lib/armv7-m\libc.a(lib_a-reallocr.o)
                0x00086070                _realloc_r
 .text._sbrk_r  0x00086444       0x24 c:/program files (x86)/atmel/studio/7.0/toolchain/arm/arm-gnu-toolchain/bin/../lib/gcc/arm-none-eabi/5.3.1/../../../../arm-none-eabi/lib/armv7-m\libc.a(lib_a-sbrkr.o)
                0x00086444                _sbrk_r
 .text.__sread  0x00086468       0x24 c:/program files (x86)/atmel/studio/7.0/toolchain/arm/arm-gnu-toolchain/bin/../lib/gcc/arm-none-eabi/5.3.1/../../../../arm-none-eabi/lib/armv7-m\libc.a(lib_a-stdio.o)
                0x00086468                __sread
 .text.__swrite
                0x0008648c       0x3c c:/program files (x86)/atmel/studio/7.0/toolchain/arm/arm-gnu-toolchain/bin/../lib/gcc/arm-none-eabi/5.3.1/../../../../arm-none-eabi/lib/armv7-m\libc.a(lib_a-stdio.o)
                0x0008648c                __swrite
 .text.__sseek  0x000864c8       0x20 c:/program files (x86)/atmel/studio/7.0/toolchain/arm/arm-gnu-toolchain/bin/../lib/gcc/arm-none-eabi/5.3.1/../../../../arm-none-eabi/lib/armv7-m\libc.a(lib_a-stdio.o)
                0x000864c8                __sseek
 .text.__sclose
                0x000864e8        0x8 c:/program files (x86)/atmel/studio/7.0/toolchain/arm/arm-gnu-toolchain/bin/../lib/gcc/arm-none-eabi/5.3.1/../../../../arm-none-eabi/lib/armv7-m\libc.a(lib_a-stdio.o)
                0x000864e8                __sclose
 .text._write_r
                0x000864f0       0x2c c:/program files (x86)/atmel/studio/7.0/toolchain/arm/arm-gnu-toolchain/bin/../lib/gcc/arm-none-eabi/5.3.1/../../../../arm-none-eabi/lib/armv7-m\libc.a(lib_a-writer.o)
                0x000864f0                _write_r
 .text.__register_exitproc
                0x0008651c       0xa4 c:/program files (x86)/atmel/studio/7.0/toolchain/arm/arm-gnu-toolchain/bin/../lib/gcc/arm-none-eabi/5.3.1/../../../../arm-none-eabi/lib/armv7-m\libc.a(lib_a-__atexit.o)
                0x0008651c                __register_exitproc
 .text._close_r
                0x000865c0       0x24 c:/program files (x86)/atmel/studio/7.0/toolchain/arm/arm-gnu-toolchain/bin/../lib/gcc/arm-none-eabi/5.3.1/../../../../arm-none-eabi/lib/armv7-m\libc.a(lib_a-closer.o)
                0x000865c0                _close_r
 .text._fclose_r
                0x000865e4       0x84 c:/program files (x86)/atmel/studio/7.0/toolchain/arm/arm-gnu-toolchain/bin/../lib/gcc/arm-none-eabi/5.3.1/../../../../arm-none-eabi/lib/armv7-m\libc.a(lib_a-fclose.o)
                0x000865e4                _fclose_r
 .text._fstat_r
                0x00086668       0x28 c:/program files (x86)/atmel/studio/7.0/toolchain/arm/arm-gnu-toolchain/bin/../lib/gcc/arm-none-eabi/5.3.1/../../../../arm-none-eabi/lib/armv7-m\libc.a(lib_a-fstatr.o)
                0x00086668                _fstat_r
 .text._isatty_r
                0x00086690       0x24 c:/program files (x86)/atmel/studio/7.0/toolchain/arm/arm-gnu-toolchain/bin/../lib/gcc/arm-none-eabi/5.3.1/../../../../arm-none-eabi/lib/armv7-m\libc.a(lib_a-isattyr.o)
                0x00086690                _isatty_r
 .text._lseek_r
                0x000866b4       0x2c c:/program files (x86)/atmel/studio/7.0/toolchain/arm/arm-gnu-toolchain/bin/../lib/gcc/arm-none-eabi/5.3.1/../../../../arm-none-eabi/lib/armv7-m\libc.a(lib_a-lseekr.o)
                0x000866b4                _lseek_r
 .text._read_r  0x000866e0       0x2c c:/program files (x86)/atmel/studio/7.0/toolchain/arm/arm-gnu-toolchain/bin/../lib/gcc/arm-none-eabi/5.3.1/../../../../arm-none-eabi/lib/armv7-m\libc.a(lib_a-readr.o)
                0x000866e0                _read_r
 *(.glue_7t)
 .glue_7t       0x0008670c        0x0 linker stubs
 *(.glue_7)
 .glue_7        0x0008670c        0x0 linker stubs
 *(.rodata .rodata* .gnu.linkonce.r.*)
 .rodata.can_bit_time
                0x0008670c       0x6c src/PLATFORM/DRIVER/DD_CAN/DD_CAN.o
                0x0008670c                can_bit_time
 .rodata        0x00086778       0x46 src/PLATFORM/DRIVER/DD_CAN/DD_CAN.o
 *fill*         0x000867be        0x2 
 .rodata        0x000867c0       0x4e src/PLATFORM/DRIVER/DD_SPI/DD_SPI.o
 *fill*         0x0008680e        0x2 
 .rodata        0x00086810       0x4e src/PLATFORM/DRIVER/DD_CONSOLE/DD_COSOLE.o
 *fill*         0x0008685e        0x2 
 .rodata.str1.4
                0x00086860        0x2 c:/program files (x86)/atmel/studio/7.0/toolchain/arm/arm-gnu-toolchain/bin/../lib/gcc/arm-none-eabi/5.3.1/../../../../arm-none-eabi/lib/armv7-m\libc.a(lib_a-impure.o)
 *fill*         0x00086862        0x2 
 .rodata._global_impure_ptr
                0x00086864        0x4 c:/program files (x86)/atmel/studio/7.0/toolchain/arm/arm-gnu-toolchain/bin/../lib/gcc/arm-none-eabi/5.3.1/../../../../arm-none-eabi/lib/armv7-m\libc.a(lib_a-impure.o)
                0x00086864                _global_impure_ptr
 .rodata.str1.4
                0x00086868        0x4 c:/program files (x86)/atmel/studio/7.0/toolchain/arm/arm-gnu-toolchain/bin/../lib/gcc/arm-none-eabi/5.3.1/../../../../arm-none-eabi/lib/armv7-m\libc.a(lib_a-puts.o)
                                  0x2 (size before relaxing)
 *(.ARM.extab* .gnu.linkonce.armextab.*)
                0x0008686c                . = ALIGN (0x4)
 *(.init)
 .init          0x0008686c        0x4 c:/program files (x86)/atmel/studio/7.0/toolchain/arm/arm-gnu-toolchain/bin/../lib/gcc/arm-none-eabi/5.3.1/armv7-m/crti.o
                0x0008686c                _init
 .init          0x00086870        0x8 c:/program files (x86)/atmel/studio/7.0/toolchain/arm/arm-gnu-toolchain/bin/../lib/gcc/arm-none-eabi/5.3.1/armv7-m/crtn.o
                0x00086878                . = ALIGN (0x4)
                0x00086878                __preinit_array_start = .
 *(.preinit_array)
                0x00086878                __preinit_array_end = .
                0x00086878                . = ALIGN (0x4)
                0x00086878                __init_array_start = .
 *(SORT(.init_array.*))
 .init_array.00000
                0x00086878        0x4 c:/program files (x86)/atmel/studio/7.0/toolchain/arm/arm-gnu-toolchain/bin/../lib/gcc/arm-none-eabi/5.3.1/../../../../arm-none-eabi/lib/armv7-m\libc.a(lib_a-__call_atexit.o)
 *(.init_array)
 .init_array    0x0008687c        0x4 c:/program files (x86)/atmel/studio/7.0/toolchain/arm/arm-gnu-toolchain/bin/../lib/gcc/arm-none-eabi/5.3.1/armv7-m/crtbegin.o
                0x00086880                __init_array_end = .
                0x00086880                . = ALIGN (0x4)
 *crtbegin.o(.ctors)
 *(EXCLUDE_FILE(*crtend.o) .ctors)
 *(SORT(.ctors.*))
 *crtend.o(.ctors)
                0x00086880                . = ALIGN (0x4)
 *(.fini)
 .fini          0x00086880        0x4 c:/program files (x86)/atmel/studio/7.0/toolchain/arm/arm-gnu-toolchain/bin/../lib/gcc/arm-none-eabi/5.3.1/armv7-m/crti.o
                0x00086880                _fini
 .fini          0x00086884        0x8 c:/program files (x86)/atmel/studio/7.0/toolchain/arm/arm-gnu-toolchain/bin/../lib/gcc/arm-none-eabi/5.3.1/armv7-m/crtn.o
                0x0008688c                . = ALIGN (0x4)
                0x0008688c                __fini_array_start = .
 *(.fini_array)
 .fini_array    0x0008688c        0x4 c:/program files (x86)/atmel/studio/7.0/toolchain/arm/arm-gnu-toolchain/bin/../lib/gcc/arm-none-eabi/5.3.1/armv7-m/crtbegin.o
 *(SORT(.fini_array.*))
                0x00086890                __fini_array_end = .
 *crtbegin.o(.dtors)
 *(EXCLUDE_FILE(*crtend.o) .dtors)
 *(SORT(.dtors.*))
 *crtend.o(.dtors)
                0x00086890                . = ALIGN (0x4)
                0x00086890                _efixed = .
                [!provide]                PROVIDE (__exidx_start, .)

.vfp11_veneer   0x00086890        0x0
 .vfp11_veneer  0x00086890        0x0 linker stubs

.v4_bx          0x00086890        0x0
 .v4_bx         0x00086890        0x0 linker stubs

.iplt           0x00086890        0x0
 .iplt          0x00086890        0x0 c:/program files (x86)/atmel/studio/7.0/toolchain/arm/arm-gnu-toolchain/bin/../lib/gcc/arm-none-eabi/5.3.1/armv7-m/crtbegin.o

.eh_frame       0x00086890        0x0
 .eh_frame      0x00086890        0x0 c:/program files (x86)/atmel/studio/7.0/toolchain/arm/arm-gnu-toolchain/bin/../lib/gcc/arm-none-eabi/5.3.1/armv7-m/crtbegin.o

.rel.dyn        0x00086890        0x0
 .rel.iplt      0x00086890        0x0 c:/program files (x86)/atmel/studio/7.0/toolchain/arm/arm-gnu-toolchain/bin/../lib/gcc/arm-none-eabi/5.3.1/armv7-m/crtbegin.o

.jcr            0x00086890        0x0
 .jcr           0x00086890        0x0 c:/program files (x86)/atmel/studio/7.0/toolchain/arm/arm-gnu-toolchain/bin/../lib/gcc/arm-none-eabi/5.3.1/armv7-m/crtbegin.o

.igot.plt       0x00086890        0x0
 .igot.plt      0x00086890        0x0 c:/program files (x86)/atmel/studio/7.0/toolchain/arm/arm-gnu-toolchain/bin/../lib/gcc/arm-none-eabi/5.3.1/armv7-m/crtbegin.o

.ARM.exidx
 *(.ARM.exidx* .gnu.linkonce.armexidx.*)
                [!provide]                PROVIDE (__exidx_end, .)
                0x00086890                . = ALIGN (0x4)
                0x00086890                _etext = .

.relocate       0x20070000      0x9d4 load address 0x00086890
                0x20070000                . = ALIGN (0x4)
                0x20070000                _srelocate = .
 *(.ramfunc .ramfunc.*)
 .ramfunc       0x20070000      0x18c src/ASF/sam/utils/cmsis/sam3x/source/templates/system_sam3x.o
                0x20070000                SystemInit
                0x200700d0                system_init_flash
 *(.data .data.*)
 .data.gs_ul_spi_clock
                0x2007018c        0x4 src/PLATFORM/DRIVER/DD_SPI/DD_SPI.o
 .data.SystemCoreClock
                0x20070190        0x4 src/ASF/sam/utils/cmsis/sam3x/source/templates/system_sam3x.o
                0x20070190                SystemCoreClock
 *fill*         0x20070194        0x4 
 .data.impure_data
                0x20070198      0x428 c:/program files (x86)/atmel/studio/7.0/toolchain/arm/arm-gnu-toolchain/bin/../lib/gcc/arm-none-eabi/5.3.1/../../../../arm-none-eabi/lib/armv7-m\libc.a(lib_a-impure.o)
 .data._impure_ptr
                0x200705c0        0x4 c:/program files (x86)/atmel/studio/7.0/toolchain/arm/arm-gnu-toolchain/bin/../lib/gcc/arm-none-eabi/5.3.1/../../../../arm-none-eabi/lib/armv7-m\libc.a(lib_a-impure.o)
                0x200705c0                _impure_ptr
 .data.__malloc_av_
                0x200705c4      0x408 c:/program files (x86)/atmel/studio/7.0/toolchain/arm/arm-gnu-toolchain/bin/../lib/gcc/arm-none-eabi/5.3.1/../../../../arm-none-eabi/lib/armv7-m\libc.a(lib_a-mallocr.o)
                0x200705c4                __malloc_av_
 .data.__malloc_trim_threshold
                0x200709cc        0x4 c:/program files (x86)/atmel/studio/7.0/toolchain/arm/arm-gnu-toolchain/bin/../lib/gcc/arm-none-eabi/5.3.1/../../../../arm-none-eabi/lib/armv7-m\libc.a(lib_a-mallocr.o)
                0x200709cc                __malloc_trim_threshold
 .data.__malloc_sbrk_base
                0x200709d0        0x4 c:/program files (x86)/atmel/studio/7.0/toolchain/arm/arm-gnu-toolchain/bin/../lib/gcc/arm-none-eabi/5.3.1/../../../../arm-none-eabi/lib/armv7-m\libc.a(lib_a-mallocr.o)
                0x200709d0                __malloc_sbrk_base
                0x200709d4                . = ALIGN (0x4)
                0x200709d4                _erelocate = .

.bss            0x200709d4      0x184 load address 0x00087264
                0x200709d4                . = ALIGN (0x4)
                0x200709d4                _sbss = .
                0x200709d4                _szero = .
 *(.bss .bss.*)
 .bss           0x200709d4       0x1c c:/program files (x86)/atmel/studio/7.0/toolchain/arm/arm-gnu-toolchain/bin/../lib/gcc/arm-none-eabi/5.3.1/armv7-m/crtbegin.o
 .bss.g_ul_recv_status
                0x200709f0        0x4 src/PLATFORM/DRIVER/DD_CAN/DD_CAN.o
                0x200709f0                g_ul_recv_status
 .bss.master_requested_sensor_data
                0x200709f4        0x1 src/PLATFORM/DRIVER/DD_CAN/DD_CAN.o
                0x200709f4                master_requested_sensor_data
 .bss.SPI_CHIP_SEL
                0x200709f5        0x1 src/PLATFORM/DRIVER/DD_SPI/DD_SPI.o
                0x200709f5                SPI_CHIP_SEL
 .bss.data.8765
                0x200709f6        0x1 src/PLATFORM/DRIVER/DD_SPI/DD_SPI.o
 *fill*         0x200709f7        0x1 
 .bss.reg_value.8802
                0x200709f8        0x4 src/PLATFORM/DRIVER/DD_SPI/DD_SPI.o
 .bss.TS3_Avg   0x200709fc        0x2 src/PLATFORM/SERVICE/SV_STATUS/SV_STATUS.o
 .bss.TS2_Avg   0x200709fe        0x2 src/PLATFORM/SERVICE/SV_STATUS/SV_STATUS.o
 .bss.TS1_Avg   0x20070a00        0x2 src/PLATFORM/SERVICE/SV_STATUS/SV_STATUS.o
 .bss.TS3_Avg_Backup
                0x20070a02        0x2 src/PLATFORM/SERVICE/SV_STATUS/SV_STATUS.o
 .bss.TS2_Avg_Backup
                0x20070a04        0x2 src/PLATFORM/SERVICE/SV_STATUS/SV_STATUS.o
 .bss.TS1_Avg_Backup
                0x20070a06        0x2 src/PLATFORM/SERVICE/SV_STATUS/SV_STATUS.o
 .bss.ul_reg_val.7380
                0x20070a08        0x4 src/ASF/sam/drivers/usart/usart.o
 .bss.gs_interrupt_sources
                0x20070a0c       0x70 src/ASF/sam/drivers/pio/pio_handler.o
 .bss.heap.5287
                0x20070a7c        0x4 src/ASF/sam/utils/syscalls/gcc/syscalls.o
 .bss.__malloc_max_total_mem
                0x20070a80        0x4 c:/program files (x86)/atmel/studio/7.0/toolchain/arm/arm-gnu-toolchain/bin/../lib/gcc/arm-none-eabi/5.3.1/../../../../arm-none-eabi/lib/armv7-m\libc.a(lib_a-mallocr.o)
                0x20070a80                __malloc_max_total_mem
 .bss.__malloc_max_sbrked_mem
                0x20070a84        0x4 c:/program files (x86)/atmel/studio/7.0/toolchain/arm/arm-gnu-toolchain/bin/../lib/gcc/arm-none-eabi/5.3.1/../../../../arm-none-eabi/lib/armv7-m\libc.a(lib_a-mallocr.o)
                0x20070a84                __malloc_max_sbrked_mem
 .bss.__malloc_top_pad
                0x20070a88        0x4 c:/program files (x86)/atmel/studio/7.0/toolchain/arm/arm-gnu-toolchain/bin/../lib/gcc/arm-none-eabi/5.3.1/../../../../arm-none-eabi/lib/armv7-m\libc.a(lib_a-mallocr.o)
                0x20070a88                __malloc_top_pad
 .bss.__malloc_current_mallinfo
                0x20070a8c       0x28 c:/program files (x86)/atmel/studio/7.0/toolchain/arm/arm-gnu-toolchain/bin/../lib/gcc/arm-none-eabi/5.3.1/../../../../arm-none-eabi/lib/armv7-m\libc.a(lib_a-mallocr.o)
                0x20070a8c                __malloc_current_mallinfo
 *(COMMON)
 COMMON         0x20070ab4        0x4 src/ASF/common/utils/stdio/read.o
                0x20070ab4                ptr_get
 COMMON         0x20070ab8       0x30 src/PLATFORM/DRIVER/DD_CAN/DD_CAN.o
                0x20070ab8                DD_CPU_COMMAND
                0x20070abc                can0_mailbox
                0x20070adc                group_id_reg
                0x20070ae0                can0_transceiver
 COMMON         0x20070ae8        0x2 src/PLATFORM/DRIVER/DD_SPI/DD_SPI.o
                0x20070ae8                spi_data
 *fill*         0x20070aea        0x2 
 COMMON         0x20070aec       0x16 src/PLATFORM/DRIVER/DD_SYS/DD_SYS.o
                0x20070aec                command_data_array
                0x20070b00                GAIN_FACTOR
 *fill*         0x20070b02        0x2 
 COMMON         0x20070b04        0x8 src/ASF/common/utils/stdio/write.o
                0x20070b04                ptr_put
                0x20070b08                stdio_base
 COMMON         0x20070b0c       0x48 src/SENSOR_CPU.o
                0x20070b0c                sensor_data
                0x20070b30                g_sensor_data
 COMMON         0x20070b54        0x4 c:/program files (x86)/atmel/studio/7.0/toolchain/arm/arm-gnu-toolchain/bin/../lib/gcc/arm-none-eabi/5.3.1/../../../../arm-none-eabi/lib/armv7-m\libc.a(lib_a-reent.o)
                0x20070b54                errno
                0x20070b58                . = ALIGN (0x4)
                0x20070b58                _ebss = .
                0x20070b58                _ezero = .

.stack          0x20070b58     0x2000 load address 0x000873e8
                0x20070b58                . = ALIGN (0x8)
                0x20070b58                _sstack = .
                0x20072b58                . = (. + __stack_size__)
 *fill*         0x20070b58     0x2000 
                0x20072b58                . = ALIGN (0x8)
                0x20072b58                _estack = .
                0x20072b58                . = ALIGN (0x4)
                0x20072b58                _end = .
OUTPUT(SENSOR_CPU.elf elf32-littlearm)

.ARM.attributes
                0x00000000       0x29
 .ARM.attributes
                0x00000000       0x1d c:/program files (x86)/atmel/studio/7.0/toolchain/arm/arm-gnu-toolchain/bin/../lib/gcc/arm-none-eabi/5.3.1/armv7-m/crti.o
 .ARM.attributes
                0x0000001d       0x2d c:/program files (x86)/atmel/studio/7.0/toolchain/arm/arm-gnu-toolchain/bin/../lib/gcc/arm-none-eabi/5.3.1/armv7-m/crtbegin.o
 .ARM.attributes
                0x0000004a       0x33 src/ASF/common/utils/stdio/read.o
 .ARM.attributes
                0x0000007d       0x33 src/PLATFORM/DRIVER/DD_CAN/DD_CAN.o
 .ARM.attributes
                0x000000b0       0x33 src/PLATFORM/DRIVER/DD_CLOCK/DD_CLOCK.o
 .ARM.attributes
                0x000000e3       0x33 src/PLATFORM/DRIVER/DD_CS1_TS/DD_CS1_TS.o
 .ARM.attributes
                0x00000116       0x33 src/PLATFORM/DRIVER/DD_CS2_TS/DD_CS2_TS.o
 .ARM.attributes
                0x00000149       0x33 src/PLATFORM/DRIVER/DD_CS3_TS/DD_CS3_TS.o
 .ARM.attributes
                0x0000017c       0x33 src/PLATFORM/DRIVER/DD_GPIO/DD_GPIO.o
 .ARM.attributes
                0x000001af       0x33 src/PLATFORM/DRIVER/DD_PS1/DD_PS1.o
 .ARM.attributes
                0x000001e2       0x33 src/PLATFORM/DRIVER/DD_PS2/DD_PS2.o
 .ARM.attributes
                0x00000215       0x33 src/PLATFORM/DRIVER/DD_PS3/DD_PS3.o
 .ARM.attributes
                0x00000248       0x33 src/PLATFORM/DRIVER/DD_SPI/DD_SPI.o
 .ARM.attributes
                0x0000027b       0x33 src/PLATFORM/DRIVER/DD_SYS/DD_SYS.o
 .ARM.attributes
                0x000002ae       0x33 src/PLATFORM/DRIVER/DD_TS1/DD_TS1.o
 .ARM.attributes
                0x000002e1       0x33 src/PLATFORM/DRIVER/DD_TS2/DD_TS2.o
 .ARM.attributes
                0x00000314       0x33 src/PLATFORM/DRIVER/DD_TS3/DD_TS3.o
 .ARM.attributes
                0x00000347       0x33 src/PLATFORM/SERVICE/SV_STATUS/SV_STATUS.o
 .ARM.attributes
                0x0000037a       0x33 src/PLATFORM/SERVICE/SV_SYS/SV_SYS.o
 .ARM.attributes
                0x000003ad       0x33 src/ASF/common/utils/stdio/write.o
 .ARM.attributes
                0x000003e0       0x33 src/ASF/sam/drivers/usart/usart.o
 .ARM.attributes
                0x00000413       0x33 src/ASF/sam/drivers/uart/uart.o
 .ARM.attributes
                0x00000446       0x33 src/PLATFORM/DRIVER/DD_CONSOLE/DD_COSOLE.o
 .ARM.attributes
                0x00000479       0x33 src/ASF/common/services/clock/sam3x/sysclk.o
 .ARM.attributes
                0x000004ac       0x33 src/ASF/sam/boards/arduino_due_x/init.o
 .ARM.attributes
                0x000004df       0x33 src/ASF/sam/drivers/pio/pio.o
 .ARM.attributes
                0x00000512       0x33 src/ASF/sam/drivers/pio/pio_handler.o
 .ARM.attributes
                0x00000545       0x33 src/ASF/sam/drivers/pmc/pmc.o
 .ARM.attributes
                0x00000578       0x33 src/ASF/sam/utils/cmsis/sam3x/source/templates/exceptions.o
 .ARM.attributes
                0x000005ab       0x33 src/ASF/sam/utils/cmsis/sam3x/source/templates/gcc/startup_sam3x.o
 .ARM.attributes
                0x000005de       0x33 src/ASF/sam/utils/cmsis/sam3x/source/templates/system_sam3x.o
 .ARM.attributes
                0x00000611       0x33 src/ASF/sam/utils/syscalls/gcc/syscalls.o
 .ARM.attributes
                0x00000644       0x33 src/SENSOR_CPU.o
 .ARM.attributes
                0x00000677       0x1d c:/program files (x86)/atmel/studio/7.0/toolchain/arm/arm-gnu-toolchain/bin/../lib/gcc/arm-none-eabi/5.3.1/armv7-m\libgcc.a(_arm_addsubsf3.o)
 .ARM.attributes
                0x00000694       0x1d c:/program files (x86)/atmel/studio/7.0/toolchain/arm/arm-gnu-toolchain/bin/../lib/gcc/arm-none-eabi/5.3.1/armv7-m\libgcc.a(_arm_muldivsf3.o)
 .ARM.attributes
                0x000006b1       0x1d c:/program files (x86)/atmel/studio/7.0/toolchain/arm/arm-gnu-toolchain/bin/../lib/gcc/arm-none-eabi/5.3.1/armv7-m\libgcc.a(_arm_fixunssfsi.o)
 .ARM.attributes
                0x000006ce       0x2d c:/program files (x86)/atmel/studio/7.0/toolchain/arm/arm-gnu-toolchain/bin/../lib/gcc/arm-none-eabi/5.3.1/../../../../arm-none-eabi/lib/armv7-m\libc.a(lib_a-impure.o)
 .ARM.attributes
                0x000006fb       0x2d c:/program files (x86)/atmel/studio/7.0/toolchain/arm/arm-gnu-toolchain/bin/../lib/gcc/arm-none-eabi/5.3.1/../../../../arm-none-eabi/lib/armv7-m\libc.a(lib_a-init.o)
 .ARM.attributes
                0x00000728       0x2d c:/program files (x86)/atmel/studio/7.0/toolchain/arm/arm-gnu-toolchain/bin/../lib/gcc/arm-none-eabi/5.3.1/../../../../arm-none-eabi/lib/armv7-m\libc.a(lib_a-memset.o)
 .ARM.attributes
                0x00000755       0x2d c:/program files (x86)/atmel/studio/7.0/toolchain/arm/arm-gnu-toolchain/bin/../lib/gcc/arm-none-eabi/5.3.1/../../../../arm-none-eabi/lib/armv7-m\libc.a(lib_a-puts.o)
 .ARM.attributes
                0x00000782       0x2d c:/program files (x86)/atmel/studio/7.0/toolchain/arm/arm-gnu-toolchain/bin/../lib/gcc/arm-none-eabi/5.3.1/../../../../arm-none-eabi/lib/armv7-m\libc.a(lib_a-setbuf.o)
 .ARM.attributes
                0x000007af       0x2d c:/program files (x86)/atmel/studio/7.0/toolchain/arm/arm-gnu-toolchain/bin/../lib/gcc/arm-none-eabi/5.3.1/../../../../arm-none-eabi/lib/armv7-m\libc.a(lib_a-setvbuf.o)
 .ARM.attributes
                0x000007dc       0x2d c:/program files (x86)/atmel/studio/7.0/toolchain/arm/arm-gnu-toolchain/bin/../lib/gcc/arm-none-eabi/5.3.1/../../../../arm-none-eabi/lib/armv7-m\libc.a(lib_a-strlen-stub.o)
 .ARM.attributes
                0x00000809       0x2d c:/program files (x86)/atmel/studio/7.0/toolchain/arm/arm-gnu-toolchain/bin/../lib/gcc/arm-none-eabi/5.3.1/../../../../arm-none-eabi/lib/armv7-m\libc.a(lib_a-wsetup.o)
 .ARM.attributes
                0x00000836       0x2d c:/program files (x86)/atmel/studio/7.0/toolchain/arm/arm-gnu-toolchain/bin/../lib/gcc/arm-none-eabi/5.3.1/../../../../arm-none-eabi/lib/armv7-m\libc.a(lib_a-__call_atexit.o)
 .ARM.attributes
                0x00000863       0x2d c:/program files (x86)/atmel/studio/7.0/toolchain/arm/arm-gnu-toolchain/bin/../lib/gcc/arm-none-eabi/5.3.1/../../../../arm-none-eabi/lib/armv7-m\libc.a(lib_a-atexit.o)
 .ARM.attributes
                0x00000890       0x2d c:/program files (x86)/atmel/studio/7.0/toolchain/arm/arm-gnu-toolchain/bin/../lib/gcc/arm-none-eabi/5.3.1/../../../../arm-none-eabi/lib/armv7-m\libc.a(lib_a-fflush.o)
 .ARM.attributes
                0x000008bd       0x2d c:/program files (x86)/atmel/studio/7.0/toolchain/arm/arm-gnu-toolchain/bin/../lib/gcc/arm-none-eabi/5.3.1/../../../../arm-none-eabi/lib/armv7-m\libc.a(lib_a-findfp.o)
 .ARM.attributes
                0x000008ea       0x2d c:/program files (x86)/atmel/studio/7.0/toolchain/arm/arm-gnu-toolchain/bin/../lib/gcc/arm-none-eabi/5.3.1/../../../../arm-none-eabi/lib/armv7-m\libc.a(lib_a-fini.o)
 .ARM.attributes
                0x00000917       0x2d c:/program files (x86)/atmel/studio/7.0/toolchain/arm/arm-gnu-toolchain/bin/../lib/gcc/arm-none-eabi/5.3.1/../../../../arm-none-eabi/lib/armv7-m\libc.a(lib_a-freer.o)
 .ARM.attributes
                0x00000944       0x2d c:/program files (x86)/atmel/studio/7.0/toolchain/arm/arm-gnu-toolchain/bin/../lib/gcc/arm-none-eabi/5.3.1/../../../../arm-none-eabi/lib/armv7-m\libc.a(lib_a-fvwrite.o)
 .ARM.attributes
                0x00000971       0x2d c:/program files (x86)/atmel/studio/7.0/toolchain/arm/arm-gnu-toolchain/bin/../lib/gcc/arm-none-eabi/5.3.1/../../../../arm-none-eabi/lib/armv7-m\libc.a(lib_a-fwalk.o)
 .ARM.attributes
                0x0000099e       0x2d c:/program files (x86)/atmel/studio/7.0/toolchain/arm/arm-gnu-toolchain/bin/../lib/gcc/arm-none-eabi/5.3.1/../../../../arm-none-eabi/lib/armv7-m\libc.a(lib_a-makebuf.o)
 .ARM.attributes
                0x000009cb       0x2d c:/program files (x86)/atmel/studio/7.0/toolchain/arm/arm-gnu-toolchain/bin/../lib/gcc/arm-none-eabi/5.3.1/../../../../arm-none-eabi/lib/armv7-m\libc.a(lib_a-malloc.o)
 .ARM.attributes
                0x000009f8       0x2d c:/program files (x86)/atmel/studio/7.0/toolchain/arm/arm-gnu-toolchain/bin/../lib/gcc/arm-none-eabi/5.3.1/../../../../arm-none-eabi/lib/armv7-m\libc.a(lib_a-mallocr.o)
 .ARM.attributes
                0x00000a25       0x2d c:/program files (x86)/atmel/studio/7.0/toolchain/arm/arm-gnu-toolchain/bin/../lib/gcc/arm-none-eabi/5.3.1/../../../../arm-none-eabi/lib/armv7-m\libc.a(lib_a-memchr-stub.o)
 .ARM.attributes
                0x00000a52       0x1b c:/program files (x86)/atmel/studio/7.0/toolchain/arm/arm-gnu-toolchain/bin/../lib/gcc/arm-none-eabi/5.3.1/../../../../arm-none-eabi/lib/armv7-m\libc.a(lib_a-memcpy.o)
 .ARM.attributes
                0x00000a6d       0x2d c:/program files (x86)/atmel/studio/7.0/toolchain/arm/arm-gnu-toolchain/bin/../lib/gcc/arm-none-eabi/5.3.1/../../../../arm-none-eabi/lib/armv7-m\libc.a(lib_a-memmove.o)
 .ARM.attributes
                0x00000a9a       0x2d c:/program files (x86)/atmel/studio/7.0/toolchain/arm/arm-gnu-toolchain/bin/../lib/gcc/arm-none-eabi/5.3.1/../../../../arm-none-eabi/lib/armv7-m\libc.a(lib_a-mlock.o)
 .ARM.attributes
                0x00000ac7       0x2d c:/program files (x86)/atmel/studio/7.0/toolchain/arm/arm-gnu-toolchain/bin/../lib/gcc/arm-none-eabi/5.3.1/../../../../arm-none-eabi/lib/armv7-m\libc.a(lib_a-reallocr.o)
 .ARM.attributes
                0x00000af4       0x2d c:/program files (x86)/atmel/studio/7.0/toolchain/arm/arm-gnu-toolchain/bin/../lib/gcc/arm-none-eabi/5.3.1/../../../../arm-none-eabi/lib/armv7-m\libc.a(lib_a-sbrkr.o)
 .ARM.attributes
                0x00000b21       0x2d c:/program files (x86)/atmel/studio/7.0/toolchain/arm/arm-gnu-toolchain/bin/../lib/gcc/arm-none-eabi/5.3.1/../../../../arm-none-eabi/lib/armv7-m\libc.a(lib_a-stdio.o)
 .ARM.attributes
                0x00000b4e       0x2d c:/program files (x86)/atmel/studio/7.0/toolchain/arm/arm-gnu-toolchain/bin/../lib/gcc/arm-none-eabi/5.3.1/../../../../arm-none-eabi/lib/armv7-m\libc.a(lib_a-writer.o)
 .ARM.attributes
                0x00000b7b       0x2d c:/program files (x86)/atmel/studio/7.0/toolchain/arm/arm-gnu-toolchain/bin/../lib/gcc/arm-none-eabi/5.3.1/../../../../arm-none-eabi/lib/armv7-m\libc.a(lib_a-__atexit.o)
 .ARM.attributes
                0x00000ba8       0x2d c:/program files (x86)/atmel/studio/7.0/toolchain/arm/arm-gnu-toolchain/bin/../lib/gcc/arm-none-eabi/5.3.1/../../../../arm-none-eabi/lib/armv7-m\libc.a(lib_a-closer.o)
 .ARM.attributes
                0x00000bd5       0x2d c:/program files (x86)/atmel/studio/7.0/toolchain/arm/arm-gnu-toolchain/bin/../lib/gcc/arm-none-eabi/5.3.1/../../../../arm-none-eabi/lib/armv7-m\libc.a(lib_a-fclose.o)
 .ARM.attributes
                0x00000c02       0x2d c:/program files (x86)/atmel/studio/7.0/toolchain/arm/arm-gnu-toolchain/bin/../lib/gcc/arm-none-eabi/5.3.1/../../../../arm-none-eabi/lib/armv7-m\libc.a(lib_a-fstatr.o)
 .ARM.attributes
                0x00000c2f       0x2d c:/program files (x86)/atmel/studio/7.0/toolchain/arm/arm-gnu-toolchain/bin/../lib/gcc/arm-none-eabi/5.3.1/../../../../arm-none-eabi/lib/armv7-m\libc.a(lib_a-isattyr.o)
 .ARM.attributes
                0x00000c5c       0x2d c:/program files (x86)/atmel/studio/7.0/toolchain/arm/arm-gnu-toolchain/bin/../lib/gcc/arm-none-eabi/5.3.1/../../../../arm-none-eabi/lib/armv7-m\libc.a(lib_a-lseekr.o)
 .ARM.attributes
                0x00000c89       0x2d c:/program files (x86)/atmel/studio/7.0/toolchain/arm/arm-gnu-toolchain/bin/../lib/gcc/arm-none-eabi/5.3.1/../../../../arm-none-eabi/lib/armv7-m\libc.a(lib_a-readr.o)
 .ARM.attributes
                0x00000cb6       0x2d c:/program files (x86)/atmel/studio/7.0/toolchain/arm/arm-gnu-toolchain/bin/../lib/gcc/arm-none-eabi/5.3.1/../../../../arm-none-eabi/lib/armv7-m\libc.a(lib_a-reent.o)
 .ARM.attributes
                0x00000ce3       0x1d c:/program files (x86)/atmel/studio/7.0/toolchain/arm/arm-gnu-toolchain/bin/../lib/gcc/arm-none-eabi/5.3.1/armv7-m/crtn.o

.comment        0x00000000       0x59
 .comment       0x00000000       0x59 src/ASF/common/utils/stdio/read.o
                                 0x5a (size before relaxing)
 .comment       0x00000059       0x5a src/PLATFORM/DRIVER/DD_CAN/DD_CAN.o
 .comment       0x00000059       0x5a src/PLATFORM/DRIVER/DD_CLOCK/DD_CLOCK.o
 .comment       0x00000059       0x5a src/PLATFORM/DRIVER/DD_CS1_TS/DD_CS1_TS.o
 .comment       0x00000059       0x5a src/PLATFORM/DRIVER/DD_CS2_TS/DD_CS2_TS.o
 .comment       0x00000059       0x5a src/PLATFORM/DRIVER/DD_CS3_TS/DD_CS3_TS.o
 .comment       0x00000059       0x5a src/PLATFORM/DRIVER/DD_GPIO/DD_GPIO.o
 .comment       0x00000059       0x5a src/PLATFORM/DRIVER/DD_PS1/DD_PS1.o
 .comment       0x00000059       0x5a src/PLATFORM/DRIVER/DD_PS2/DD_PS2.o
 .comment       0x00000059       0x5a src/PLATFORM/DRIVER/DD_PS3/DD_PS3.o
 .comment       0x00000059       0x5a src/PLATFORM/DRIVER/DD_SPI/DD_SPI.o
 .comment       0x00000059       0x5a src/PLATFORM/DRIVER/DD_SYS/DD_SYS.o
 .comment       0x00000059       0x5a src/PLATFORM/DRIVER/DD_TS1/DD_TS1.o
 .comment       0x00000059       0x5a src/PLATFORM/DRIVER/DD_TS2/DD_TS2.o
 .comment       0x00000059       0x5a src/PLATFORM/DRIVER/DD_TS3/DD_TS3.o
 .comment       0x00000059       0x5a src/PLATFORM/SERVICE/SV_STATUS/SV_STATUS.o
 .comment       0x00000059       0x5a src/PLATFORM/SERVICE/SV_SYS/SV_SYS.o
 .comment       0x00000059       0x5a src/ASF/common/utils/stdio/write.o
 .comment       0x00000059       0x5a src/ASF/sam/drivers/usart/usart.o
 .comment       0x00000059       0x5a src/ASF/sam/drivers/uart/uart.o
 .comment       0x00000059       0x5a src/PLATFORM/DRIVER/DD_CONSOLE/DD_COSOLE.o
 .comment       0x00000059       0x5a src/ASF/common/services/clock/sam3x/sysclk.o
 .comment       0x00000059       0x5a src/ASF/sam/boards/arduino_due_x/init.o
 .comment       0x00000059       0x5a src/ASF/sam/drivers/pio/pio.o
 .comment       0x00000059       0x5a src/ASF/sam/drivers/pio/pio_handler.o
 .comment       0x00000059       0x5a src/ASF/sam/drivers/pmc/pmc.o
 .comment       0x00000059       0x5a src/ASF/sam/utils/cmsis/sam3x/source/templates/exceptions.o
 .comment       0x00000059       0x5a src/ASF/sam/utils/cmsis/sam3x/source/templates/gcc/startup_sam3x.o
 .comment       0x00000059       0x5a src/ASF/sam/utils/cmsis/sam3x/source/templates/system_sam3x.o
 .comment       0x00000059       0x5a src/ASF/sam/utils/syscalls/gcc/syscalls.o
 .comment       0x00000059       0x5a src/SENSOR_CPU.o

.debug_info     0x00000000    0x1690c
 .debug_info    0x00000000      0x1ae src/ASF/common/utils/stdio/read.o
 .debug_info    0x000001ae     0x1816 src/PLATFORM/DRIVER/DD_CAN/DD_CAN.o
 .debug_info    0x000019c4      0xd27 src/PLATFORM/DRIVER/DD_CLOCK/DD_CLOCK.o
 .debug_info    0x000026eb      0xb1e src/PLATFORM/DRIVER/DD_CS1_TS/DD_CS1_TS.o
 .debug_info    0x00003209      0xb1e src/PLATFORM/DRIVER/DD_CS2_TS/DD_CS2_TS.o
 .debug_info    0x00003d27      0xb1e src/PLATFORM/DRIVER/DD_CS3_TS/DD_CS3_TS.o
 .debug_info    0x00004845     0x126a src/PLATFORM/DRIVER/DD_GPIO/DD_GPIO.o
 .debug_info    0x00005aaf      0xc69 src/PLATFORM/DRIVER/DD_PS1/DD_PS1.o
 .debug_info    0x00006718      0xc69 src/PLATFORM/DRIVER/DD_PS2/DD_PS2.o
 .debug_info    0x00007381      0xc69 src/PLATFORM/DRIVER/DD_PS3/DD_PS3.o
 .debug_info    0x00007fea     0x1160 src/PLATFORM/DRIVER/DD_SPI/DD_SPI.o
 .debug_info    0x0000914a     0x14af src/PLATFORM/DRIVER/DD_SYS/DD_SYS.o
 .debug_info    0x0000a5f9      0xb1e src/PLATFORM/DRIVER/DD_TS1/DD_TS1.o
 .debug_info    0x0000b117      0xb1e src/PLATFORM/DRIVER/DD_TS2/DD_TS2.o
 .debug_info    0x0000bc35      0xb56 src/PLATFORM/DRIVER/DD_TS3/DD_TS3.o
 .debug_info    0x0000c78b      0xfd9 src/PLATFORM/SERVICE/SV_STATUS/SV_STATUS.o
 .debug_info    0x0000d764      0xa5a src/PLATFORM/SERVICE/SV_SYS/SV_SYS.o
 .debug_info    0x0000e1be      0x1bc src/ASF/common/utils/stdio/write.o
 .debug_info    0x0000e37a     0x18ab src/ASF/sam/drivers/usart/usart.o
 .debug_info    0x0000fc25      0x8a6 src/ASF/sam/drivers/uart/uart.o
 .debug_info    0x000104cb     0x11aa src/PLATFORM/DRIVER/DD_CONSOLE/DD_COSOLE.o
 .debug_info    0x00011675      0x6bf src/ASF/common/services/clock/sam3x/sysclk.o
 .debug_info    0x00011d34      0x5ec src/ASF/sam/boards/arduino_due_x/init.o
 .debug_info    0x00012320      0xed2 src/ASF/sam/drivers/pio/pio.o
 .debug_info    0x000131f2      0xcc0 src/ASF/sam/drivers/pio/pio_handler.o
 .debug_info    0x00013eb2     0x108d src/ASF/sam/drivers/pmc/pmc.o
 .debug_info    0x00014f3f      0x125 src/ASF/sam/utils/cmsis/sam3x/source/templates/exceptions.o
 .debug_info    0x00015064      0x3c6 src/ASF/sam/utils/cmsis/sam3x/source/templates/gcc/startup_sam3x.o
 .debug_info    0x0001542a      0x4ca src/ASF/sam/utils/cmsis/sam3x/source/templates/system_sam3x.o
 .debug_info    0x000158f4      0x435 src/ASF/sam/utils/syscalls/gcc/syscalls.o
 .debug_info    0x00015d29      0xbe3 src/SENSOR_CPU.o

.debug_abbrev   0x00000000     0x36f6
 .debug_abbrev  0x00000000       0xdd src/ASF/common/utils/stdio/read.o
 .debug_abbrev  0x000000dd      0x2f6 src/PLATFORM/DRIVER/DD_CAN/DD_CAN.o
 .debug_abbrev  0x000003d3      0x1e5 src/PLATFORM/DRIVER/DD_CLOCK/DD_CLOCK.o
 .debug_abbrev  0x000005b8      0x1c3 src/PLATFORM/DRIVER/DD_CS1_TS/DD_CS1_TS.o
 .debug_abbrev  0x0000077b      0x1c3 src/PLATFORM/DRIVER/DD_CS2_TS/DD_CS2_TS.o
 .debug_abbrev  0x0000093e      0x1c3 src/PLATFORM/DRIVER/DD_CS3_TS/DD_CS3_TS.o
 .debug_abbrev  0x00000b01      0x1ff src/PLATFORM/DRIVER/DD_GPIO/DD_GPIO.o
 .debug_abbrev  0x00000d00      0x1ce src/PLATFORM/DRIVER/DD_PS1/DD_PS1.o
 .debug_abbrev  0x00000ece      0x1ce src/PLATFORM/DRIVER/DD_PS2/DD_PS2.o
 .debug_abbrev  0x0000109c      0x1ce src/PLATFORM/DRIVER/DD_PS3/DD_PS3.o
 .debug_abbrev  0x0000126a      0x2dc src/PLATFORM/DRIVER/DD_SPI/DD_SPI.o
 .debug_abbrev  0x00001546      0x27d src/PLATFORM/DRIVER/DD_SYS/DD_SYS.o
 .debug_abbrev  0x000017c3      0x1c3 src/PLATFORM/DRIVER/DD_TS1/DD_TS1.o
 .debug_abbrev  0x00001986      0x1c3 src/PLATFORM/DRIVER/DD_TS2/DD_TS2.o
 .debug_abbrev  0x00001b49      0x1ce src/PLATFORM/DRIVER/DD_TS3/DD_TS3.o
 .debug_abbrev  0x00001d17      0x248 src/PLATFORM/SERVICE/SV_STATUS/SV_STATUS.o
 .debug_abbrev  0x00001f5f      0x1a0 src/PLATFORM/SERVICE/SV_SYS/SV_SYS.o
 .debug_abbrev  0x000020ff       0xe6 src/ASF/common/utils/stdio/write.o
 .debug_abbrev  0x000021e5      0x21d src/ASF/sam/drivers/usart/usart.o
 .debug_abbrev  0x00002402      0x183 src/ASF/sam/drivers/uart/uart.o
 .debug_abbrev  0x00002585      0x2e0 src/PLATFORM/DRIVER/DD_CONSOLE/DD_COSOLE.o
 .debug_abbrev  0x00002865      0x1dd src/ASF/common/services/clock/sam3x/sysclk.o
 .debug_abbrev  0x00002a42      0x14e src/ASF/sam/boards/arduino_due_x/init.o
 .debug_abbrev  0x00002b90      0x1b1 src/ASF/sam/drivers/pio/pio.o
 .debug_abbrev  0x00002d41      0x21a src/ASF/sam/drivers/pio/pio_handler.o
 .debug_abbrev  0x00002f5b      0x20d src/ASF/sam/drivers/pmc/pmc.o
 .debug_abbrev  0x00003168       0x8c src/ASF/sam/utils/cmsis/sam3x/source/templates/exceptions.o
 .debug_abbrev  0x000031f4      0x100 src/ASF/sam/utils/cmsis/sam3x/source/templates/gcc/startup_sam3x.o
 .debug_abbrev  0x000032f4      0x115 src/ASF/sam/utils/cmsis/sam3x/source/templates/system_sam3x.o
 .debug_abbrev  0x00003409      0x120 src/ASF/sam/utils/syscalls/gcc/syscalls.o
 .debug_abbrev  0x00003529      0x1cd src/SENSOR_CPU.o

.debug_loc      0x00000000     0x73aa
 .debug_loc     0x00000000       0x50 src/ASF/common/utils/stdio/read.o
 .debug_loc     0x00000050      0x326 src/PLATFORM/DRIVER/DD_CAN/DD_CAN.o
 .debug_loc     0x00000376       0x88 src/PLATFORM/DRIVER/DD_CLOCK/DD_CLOCK.o
 .debug_loc     0x000003fe       0x50 src/PLATFORM/DRIVER/DD_CS1_TS/DD_CS1_TS.o
 .debug_loc     0x0000044e       0x50 src/PLATFORM/DRIVER/DD_CS2_TS/DD_CS2_TS.o
 .debug_loc     0x0000049e       0x50 src/PLATFORM/DRIVER/DD_CS3_TS/DD_CS3_TS.o
 .debug_loc     0x000004ee      0x66c src/PLATFORM/DRIVER/DD_GPIO/DD_GPIO.o
 .debug_loc     0x00000b5a       0x50 src/PLATFORM/DRIVER/DD_PS1/DD_PS1.o
 .debug_loc     0x00000baa       0x50 src/PLATFORM/DRIVER/DD_PS2/DD_PS2.o
 .debug_loc     0x00000bfa       0x50 src/PLATFORM/DRIVER/DD_PS3/DD_PS3.o
 .debug_loc     0x00000c4a      0x5c4 src/PLATFORM/DRIVER/DD_SPI/DD_SPI.o
 .debug_loc     0x0000120e      0x57a src/PLATFORM/DRIVER/DD_SYS/DD_SYS.o
 .debug_loc     0x00001788       0x50 src/PLATFORM/DRIVER/DD_TS1/DD_TS1.o
 .debug_loc     0x000017d8       0x50 src/PLATFORM/DRIVER/DD_TS2/DD_TS2.o
 .debug_loc     0x00001828       0x50 src/PLATFORM/DRIVER/DD_TS3/DD_TS3.o
 .debug_loc     0x00001878      0x14e src/PLATFORM/SERVICE/SV_STATUS/SV_STATUS.o
 .debug_loc     0x000019c6       0x2c src/PLATFORM/SERVICE/SV_SYS/SV_SYS.o
 .debug_loc     0x000019f2       0x50 src/ASF/common/utils/stdio/write.o
 .debug_loc     0x00001a42     0x1e9c src/ASF/sam/drivers/usart/usart.o
 .debug_loc     0x000038de      0x958 src/ASF/sam/drivers/uart/uart.o
 .debug_loc     0x00004236      0x340 src/PLATFORM/DRIVER/DD_CONSOLE/DD_COSOLE.o
 .debug_loc     0x00004576      0x4a0 src/ASF/common/services/clock/sam3x/sysclk.o
 .debug_loc     0x00004a16       0xa8 src/ASF/sam/boards/arduino_due_x/init.o
 .debug_loc     0x00004abe      0xd24 src/ASF/sam/drivers/pio/pio.o
 .debug_loc     0x000057e2      0x360 src/ASF/sam/drivers/pio/pio_handler.o
 .debug_loc     0x00005b42     0x13e8 src/ASF/sam/drivers/pmc/pmc.o
 .debug_loc     0x00006f2a       0x2c src/ASF/sam/utils/cmsis/sam3x/source/templates/exceptions.o
 .debug_loc     0x00006f56       0x38 src/ASF/sam/utils/cmsis/sam3x/source/templates/gcc/startup_sam3x.o
 .debug_loc     0x00006f8e       0xe4 src/ASF/sam/utils/cmsis/sam3x/source/templates/system_sam3x.o
 .debug_loc     0x00007072      0x300 src/ASF/sam/utils/syscalls/gcc/syscalls.o
 .debug_loc     0x00007372       0x38 src/SENSOR_CPU.o

.debug_aranges  0x00000000      0xe10
 .debug_aranges
                0x00000000       0x20 src/ASF/common/utils/stdio/read.o
 .debug_aranges
                0x00000020       0x60 src/PLATFORM/DRIVER/DD_CAN/DD_CAN.o
 .debug_aranges
                0x00000080       0x28 src/PLATFORM/DRIVER/DD_CLOCK/DD_CLOCK.o
 .debug_aranges
                0x000000a8       0x20 src/PLATFORM/DRIVER/DD_CS1_TS/DD_CS1_TS.o
 .debug_aranges
                0x000000c8       0x20 src/PLATFORM/DRIVER/DD_CS2_TS/DD_CS2_TS.o
 .debug_aranges
                0x000000e8       0x20 src/PLATFORM/DRIVER/DD_CS3_TS/DD_CS3_TS.o
 .debug_aranges
                0x00000108       0xc0 src/PLATFORM/DRIVER/DD_GPIO/DD_GPIO.o
 .debug_aranges
                0x000001c8       0x20 src/PLATFORM/DRIVER/DD_PS1/DD_PS1.o
 .debug_aranges
                0x000001e8       0x20 src/PLATFORM/DRIVER/DD_PS2/DD_PS2.o
 .debug_aranges
                0x00000208       0x20 src/PLATFORM/DRIVER/DD_PS3/DD_PS3.o
 .debug_aranges
                0x00000228       0xa8 src/PLATFORM/DRIVER/DD_SPI/DD_SPI.o
 .debug_aranges
                0x000002d0       0xc8 src/PLATFORM/DRIVER/DD_SYS/DD_SYS.o
 .debug_aranges
                0x00000398       0x20 src/PLATFORM/DRIVER/DD_TS1/DD_TS1.o
 .debug_aranges
                0x000003b8       0x20 src/PLATFORM/DRIVER/DD_TS2/DD_TS2.o
 .debug_aranges
                0x000003d8       0x20 src/PLATFORM/DRIVER/DD_TS3/DD_TS3.o
 .debug_aranges
                0x000003f8       0x38 src/PLATFORM/SERVICE/SV_STATUS/SV_STATUS.o
 .debug_aranges
                0x00000430       0x20 src/PLATFORM/SERVICE/SV_SYS/SV_SYS.o
 .debug_aranges
                0x00000450       0x20 src/ASF/common/utils/stdio/write.o
 .debug_aranges
                0x00000470      0x2d0 src/ASF/sam/drivers/usart/usart.o
 .debug_aranges
                0x00000740       0xe8 src/ASF/sam/drivers/uart/uart.o
 .debug_aranges
                0x00000828       0x70 src/PLATFORM/DRIVER/DD_CONSOLE/DD_COSOLE.o
 .debug_aranges
                0x00000898       0x98 src/ASF/common/services/clock/sam3x/sysclk.o
 .debug_aranges
                0x00000930       0x30 src/ASF/sam/boards/arduino_due_x/init.o
 .debug_aranges
                0x00000960      0x148 src/ASF/sam/drivers/pio/pio.o
 .debug_aranges
                0x00000aa8       0x78 src/ASF/sam/drivers/pio/pio_handler.o
 .debug_aranges
                0x00000b20      0x200 src/ASF/sam/drivers/pmc/pmc.o
 .debug_aranges
                0x00000d20       0x20 src/ASF/sam/utils/cmsis/sam3x/source/templates/exceptions.o
 .debug_aranges
                0x00000d40       0x20 src/ASF/sam/utils/cmsis/sam3x/source/templates/gcc/startup_sam3x.o
 .debug_aranges
                0x00000d60       0x30 src/ASF/sam/utils/cmsis/sam3x/source/templates/system_sam3x.o
 .debug_aranges
                0x00000d90       0x60 src/ASF/sam/utils/syscalls/gcc/syscalls.o
 .debug_aranges
                0x00000df0       0x20 src/SENSOR_CPU.o

.debug_ranges   0x00000000      0xc20
 .debug_ranges  0x00000000       0x10 src/ASF/common/utils/stdio/read.o
 .debug_ranges  0x00000010       0x50 src/PLATFORM/DRIVER/DD_CAN/DD_CAN.o
 .debug_ranges  0x00000060       0x18 src/PLATFORM/DRIVER/DD_CLOCK/DD_CLOCK.o
 .debug_ranges  0x00000078       0x10 src/PLATFORM/DRIVER/DD_CS1_TS/DD_CS1_TS.o
 .debug_ranges  0x00000088       0x10 src/PLATFORM/DRIVER/DD_CS2_TS/DD_CS2_TS.o
 .debug_ranges  0x00000098       0x10 src/PLATFORM/DRIVER/DD_CS3_TS/DD_CS3_TS.o
 .debug_ranges  0x000000a8       0xb0 src/PLATFORM/DRIVER/DD_GPIO/DD_GPIO.o
 .debug_ranges  0x00000158       0x10 src/PLATFORM/DRIVER/DD_PS1/DD_PS1.o
 .debug_ranges  0x00000168       0x10 src/PLATFORM/DRIVER/DD_PS2/DD_PS2.o
 .debug_ranges  0x00000178       0x10 src/PLATFORM/DRIVER/DD_PS3/DD_PS3.o
 .debug_ranges  0x00000188       0x98 src/PLATFORM/DRIVER/DD_SPI/DD_SPI.o
 .debug_ranges  0x00000220       0xb8 src/PLATFORM/DRIVER/DD_SYS/DD_SYS.o
 .debug_ranges  0x000002d8       0x10 src/PLATFORM/DRIVER/DD_TS1/DD_TS1.o
 .debug_ranges  0x000002e8       0x10 src/PLATFORM/DRIVER/DD_TS2/DD_TS2.o
 .debug_ranges  0x000002f8       0x10 src/PLATFORM/DRIVER/DD_TS3/DD_TS3.o
 .debug_ranges  0x00000308       0x28 src/PLATFORM/SERVICE/SV_STATUS/SV_STATUS.o
 .debug_ranges  0x00000330       0x10 src/PLATFORM/SERVICE/SV_SYS/SV_SYS.o
 .debug_ranges  0x00000340       0x10 src/ASF/common/utils/stdio/write.o
 .debug_ranges  0x00000350      0x2c0 src/ASF/sam/drivers/usart/usart.o
 .debug_ranges  0x00000610       0xd8 src/ASF/sam/drivers/uart/uart.o
 .debug_ranges  0x000006e8       0x60 src/PLATFORM/DRIVER/DD_CONSOLE/DD_COSOLE.o
 .debug_ranges  0x00000748       0x88 src/ASF/common/services/clock/sam3x/sysclk.o
 .debug_ranges  0x000007d0       0x20 src/ASF/sam/boards/arduino_due_x/init.o
 .debug_ranges  0x000007f0      0x138 src/ASF/sam/drivers/pio/pio.o
 .debug_ranges  0x00000928       0x68 src/ASF/sam/drivers/pio/pio_handler.o
 .debug_ranges  0x00000990      0x1f0 src/ASF/sam/drivers/pmc/pmc.o
 .debug_ranges  0x00000b80       0x10 src/ASF/sam/utils/cmsis/sam3x/source/templates/exceptions.o
 .debug_ranges  0x00000b90       0x10 src/ASF/sam/utils/cmsis/sam3x/source/templates/gcc/startup_sam3x.o
 .debug_ranges  0x00000ba0       0x20 src/ASF/sam/utils/cmsis/sam3x/source/templates/system_sam3x.o
 .debug_ranges  0x00000bc0       0x50 src/ASF/sam/utils/syscalls/gcc/syscalls.o
 .debug_ranges  0x00000c10       0x10 src/SENSOR_CPU.o

.debug_macro    0x00000000    0x1f93a
 .debug_macro   0x00000000      0x525 src/ASF/common/utils/stdio/read.o
 .debug_macro   0x00000525      0x892 src/ASF/common/utils/stdio/read.o
 .debug_macro   0x00000db7      0x16d src/ASF/common/utils/stdio/read.o
 .debug_macro   0x00000f24      0x644 src/ASF/common/utils/stdio/read.o
 .debug_macro   0x00001568       0x76 src/ASF/common/utils/stdio/read.o
 .debug_macro   0x000015de       0x16 src/ASF/common/utils/stdio/read.o
 .debug_macro   0x000015f4      0x6e4 src/ASF/common/utils/stdio/read.o
 .debug_macro   0x00001cd8       0x22 src/ASF/common/utils/stdio/read.o
 .debug_macro   0x00001cfa       0x87 src/ASF/common/utils/stdio/read.o
 .debug_macro   0x00001d81       0x44 src/ASF/common/utils/stdio/read.o
 .debug_macro   0x00001dc5       0xfd src/ASF/common/utils/stdio/read.o
 .debug_macro   0x00001ec2       0x22 src/ASF/common/utils/stdio/read.o
 .debug_macro   0x00001ee4      0x1df src/ASF/common/utils/stdio/read.o
 .debug_macro   0x000020c3       0x20 src/ASF/common/utils/stdio/read.o
 .debug_macro   0x000020e3       0x3a src/ASF/common/utils/stdio/read.o
 .debug_macro   0x0000211d       0x2d src/ASF/common/utils/stdio/read.o
 .debug_macro   0x0000214a      0xbb1 src/ASF/common/utils/stdio/read.o
 .debug_macro   0x00002cfb      0xab6 src/ASF/common/utils/stdio/read.o
 .debug_macro   0x000037b1      0x569 src/ASF/common/utils/stdio/read.o
 .debug_macro   0x00003d1a      0x2b5 src/ASF/common/utils/stdio/read.o
 .debug_macro   0x00003fcf      0x31a src/ASF/common/utils/stdio/read.o
 .debug_macro   0x000042e9      0x74f src/ASF/common/utils/stdio/read.o
 .debug_macro   0x00004a38       0x82 src/ASF/common/utils/stdio/read.o
 .debug_macro   0x00004aba      0x57b src/ASF/common/utils/stdio/read.o
 .debug_macro   0x00005035       0x1c src/ASF/common/utils/stdio/read.o
 .debug_macro   0x00005051      0x6b7 src/ASF/common/utils/stdio/read.o
 .debug_macro   0x00005708      0x52d src/ASF/common/utils/stdio/read.o
 .debug_macro   0x00005c35       0xbe src/ASF/common/utils/stdio/read.o
 .debug_macro   0x00005cf3     0x2342 src/ASF/common/utils/stdio/read.o
 .debug_macro   0x00008035      0x85d src/ASF/common/utils/stdio/read.o
 .debug_macro   0x00008892      0xdc9 src/ASF/common/utils/stdio/read.o
 .debug_macro   0x0000965b       0x7c src/ASF/common/utils/stdio/read.o
 .debug_macro   0x000096d7      0x263 src/ASF/common/utils/stdio/read.o
 .debug_macro   0x0000993a       0x58 src/ASF/common/utils/stdio/read.o
 .debug_macro   0x00009992      0x9a7 src/ASF/common/utils/stdio/read.o
 .debug_macro   0x0000a339      0x248 src/ASF/common/utils/stdio/read.o
 .debug_macro   0x0000a581      0x4df src/ASF/common/utils/stdio/read.o
 .debug_macro   0x0000aa60      0x6b3 src/ASF/common/utils/stdio/read.o
 .debug_macro   0x0000b113      0x59f src/ASF/common/utils/stdio/read.o
 .debug_macro   0x0000b6b2       0x46 src/ASF/common/utils/stdio/read.o
 .debug_macro   0x0000b6f8      0x34d src/ASF/common/utils/stdio/read.o
 .debug_macro   0x0000ba45      0x28c src/ASF/common/utils/stdio/read.o
 .debug_macro   0x0000bcd1     0x14d7 src/ASF/common/utils/stdio/read.o
 .debug_macro   0x0000d1a8      0x7ba src/ASF/common/utils/stdio/read.o
 .debug_macro   0x0000d962       0x76 src/ASF/common/utils/stdio/read.o
 .debug_macro   0x0000d9d8       0x82 src/ASF/common/utils/stdio/read.o
 .debug_macro   0x0000da5a       0x76 src/ASF/common/utils/stdio/read.o
 .debug_macro   0x0000dad0       0x4c src/ASF/common/utils/stdio/read.o
 .debug_macro   0x0000db1c      0x105 src/ASF/common/utils/stdio/read.o
 .debug_macro   0x0000dc21      0x105 src/ASF/common/utils/stdio/read.o
 .debug_macro   0x0000dd26      0x105 src/ASF/common/utils/stdio/read.o
 .debug_macro   0x0000de2b       0x88 src/ASF/common/utils/stdio/read.o
 .debug_macro   0x0000deb3       0x88 src/ASF/common/utils/stdio/read.o
 .debug_macro   0x0000df3b      0x3b4 src/ASF/common/utils/stdio/read.o
 .debug_macro   0x0000e2ef       0xb8 src/ASF/common/utils/stdio/read.o
 .debug_macro   0x0000e3a7       0xb8 src/ASF/common/utils/stdio/read.o
 .debug_macro   0x0000e45f       0xb8 src/ASF/common/utils/stdio/read.o
 .debug_macro   0x0000e517       0xb8 src/ASF/common/utils/stdio/read.o
 .debug_macro   0x0000e5cf      0x2b8 src/ASF/common/utils/stdio/read.o
 .debug_macro   0x0000e887      0x125 src/ASF/common/utils/stdio/read.o
 .debug_macro   0x0000e9ac      0x225 src/ASF/common/utils/stdio/read.o
 .debug_macro   0x0000ebd1      0x225 src/ASF/common/utils/stdio/read.o
 .debug_macro   0x0000edf6       0x2e src/ASF/common/utils/stdio/read.o
 .debug_macro   0x0000ee24       0xac src/ASF/common/utils/stdio/read.o
 .debug_macro   0x0000eed0      0x14d src/ASF/common/utils/stdio/read.o
 .debug_macro   0x0000f01d       0x7c src/ASF/common/utils/stdio/read.o
 .debug_macro   0x0000f099      0x205 src/ASF/common/utils/stdio/read.o
 .debug_macro   0x0000f29e       0x64 src/ASF/common/utils/stdio/read.o
 .debug_macro   0x0000f302       0xa6 src/ASF/common/utils/stdio/read.o
 .debug_macro   0x0000f3a8       0x7c src/ASF/common/utils/stdio/read.o
 .debug_macro   0x0000f424       0x16 src/ASF/common/utils/stdio/read.o
 .debug_macro   0x0000f43a       0x22 src/ASF/common/utils/stdio/read.o
 .debug_macro   0x0000f45c       0x22 src/ASF/common/utils/stdio/read.o
 .debug_macro   0x0000f47e      0x115 src/ASF/common/utils/stdio/read.o
 .debug_macro   0x0000f593      0x115 src/ASF/common/utils/stdio/read.o
 .debug_macro   0x0000f6a8      0x115 src/ASF/common/utils/stdio/read.o
 .debug_macro   0x0000f7bd      0x115 src/ASF/common/utils/stdio/read.o
 .debug_macro   0x0000f8d2       0x1c src/ASF/common/utils/stdio/read.o
 .debug_macro   0x0000f8ee       0x2e src/ASF/common/utils/stdio/read.o
 .debug_macro   0x0000f91c       0x22 src/ASF/common/utils/stdio/read.o
 .debug_macro   0x0000f93e       0x1c src/ASF/common/utils/stdio/read.o
 .debug_macro   0x0000f95a       0x58 src/ASF/common/utils/stdio/read.o
 .debug_macro   0x0000f9b2       0x10 src/ASF/common/utils/stdio/read.o
 .debug_macro   0x0000f9c2      0x273 src/ASF/common/utils/stdio/read.o
 .debug_macro   0x0000fc35      0xd43 src/ASF/common/utils/stdio/read.o
 .debug_macro   0x00010978      0x131 src/ASF/common/utils/stdio/read.o
 .debug_macro   0x00010aa9       0x52 src/ASF/common/utils/stdio/read.o
 .debug_macro   0x00010afb       0x35 src/ASF/common/utils/stdio/read.o
 .debug_macro   0x00010b30       0x9c src/ASF/common/utils/stdio/read.o
 .debug_macro   0x00010bcc       0x16 src/ASF/common/utils/stdio/read.o
 .debug_macro   0x00010be2       0x35 src/ASF/common/utils/stdio/read.o
 .debug_macro   0x00010c17      0x330 src/ASF/common/utils/stdio/read.o
 .debug_macro   0x00010f47       0x10 src/ASF/common/utils/stdio/read.o
 .debug_macro   0x00010f57       0x52 src/ASF/common/utils/stdio/read.o
 .debug_macro   0x00010fa9       0x16 src/ASF/common/utils/stdio/read.o
 .debug_macro   0x00010fbf       0x43 src/ASF/common/utils/stdio/read.o
 .debug_macro   0x00011002      0x187 src/ASF/common/utils/stdio/read.o
 .debug_macro   0x00011189       0x22 src/ASF/common/utils/stdio/read.o
 .debug_macro   0x000111ab       0x3a src/ASF/common/utils/stdio/read.o
 .debug_macro   0x000111e5       0x10 src/ASF/common/utils/stdio/read.o
 .debug_macro   0x000111f5       0x40 src/ASF/common/utils/stdio/read.o
 .debug_macro   0x00011235       0x6c src/ASF/common/utils/stdio/read.o
 .debug_macro   0x000112a1       0x16 src/ASF/common/utils/stdio/read.o
 .debug_macro   0x000112b7      0x182 src/ASF/common/utils/stdio/read.o
 .debug_macro   0x00011439       0x22 src/ASF/common/utils/stdio/read.o
 .debug_macro   0x0001145b       0x16 src/ASF/common/utils/stdio/read.o
 .debug_macro   0x00011471       0x16 src/ASF/common/utils/stdio/read.o
 .debug_macro   0x00011487       0x29 src/ASF/common/utils/stdio/read.o
 .debug_macro   0x000114b0       0x75 src/ASF/common/utils/stdio/read.o
 .debug_macro   0x00011525       0x45 src/ASF/common/utils/stdio/read.o
 .debug_macro   0x0001156a      0x3ca src/ASF/common/utils/stdio/read.o
 .debug_macro   0x00011934      0x7b7 src/PLATFORM/DRIVER/DD_CAN/DD_CAN.o
 .debug_macro   0x000120eb       0x94 src/PLATFORM/DRIVER/DD_CAN/DD_CAN.o
 .debug_macro   0x0001217f       0x40 src/PLATFORM/DRIVER/DD_CAN/DD_CAN.o
 .debug_macro   0x000121bf      0x2aa src/PLATFORM/DRIVER/DD_CAN/DD_CAN.o
 .debug_macro   0x00012469      0x790 src/PLATFORM/DRIVER/DD_CAN/DD_CAN.o
 .debug_macro   0x00012bf9       0x34 src/PLATFORM/DRIVER/DD_CAN/DD_CAN.o
 .debug_macro   0x00012c2d       0x5e src/PLATFORM/DRIVER/DD_CAN/DD_CAN.o
 .debug_macro   0x00012c8b       0x64 src/PLATFORM/DRIVER/DD_CAN/DD_CAN.o
 .debug_macro   0x00012cef       0x5f src/PLATFORM/DRIVER/DD_CAN/DD_CAN.o
 .debug_macro   0x00012d4e       0x90 src/PLATFORM/DRIVER/DD_CAN/DD_CAN.o
 .debug_macro   0x00012dde       0x6a src/PLATFORM/DRIVER/DD_CAN/DD_CAN.o
 .debug_macro   0x00012e48       0x34 src/PLATFORM/DRIVER/DD_CAN/DD_CAN.o
 .debug_macro   0x00012e7c       0x1c src/PLATFORM/DRIVER/DD_CAN/DD_CAN.o
 .debug_macro   0x00012e98       0x2e src/PLATFORM/DRIVER/DD_CAN/DD_CAN.o
 .debug_macro   0x00012ec6       0xb2 src/PLATFORM/DRIVER/DD_CAN/DD_CAN.o
 .debug_macro   0x00012f78       0x2e src/PLATFORM/DRIVER/DD_CAN/DD_CAN.o
 .debug_macro   0x00012fa6      0x13c src/PLATFORM/DRIVER/DD_CAN/DD_CAN.o
 .debug_macro   0x000130e2       0x34 src/PLATFORM/DRIVER/DD_CAN/DD_CAN.o
 .debug_macro   0x00013116       0x10 src/PLATFORM/DRIVER/DD_CAN/DD_CAN.o
 .debug_macro   0x00013126      0x5ef src/PLATFORM/DRIVER/DD_CAN/DD_CAN.o
 .debug_macro   0x00013715       0x40 src/PLATFORM/DRIVER/DD_CAN/DD_CAN.o
 .debug_macro   0x00013755      0x65a src/PLATFORM/DRIVER/DD_CLOCK/DD_CLOCK.o
 .debug_macro   0x00013daf      0x75f src/PLATFORM/DRIVER/DD_CS1_TS/DD_CS1_TS.o
 .debug_macro   0x0001450e      0x75f src/PLATFORM/DRIVER/DD_CS2_TS/DD_CS2_TS.o
 .debug_macro   0x00014c6d      0x75f src/PLATFORM/DRIVER/DD_CS3_TS/DD_CS3_TS.o
 .debug_macro   0x000153cc      0x659 src/PLATFORM/DRIVER/DD_GPIO/DD_GPIO.o
 .debug_macro   0x00015a25      0x136 src/PLATFORM/DRIVER/DD_GPIO/DD_GPIO.o
 .debug_macro   0x00015b5b      0x75f src/PLATFORM/DRIVER/DD_PS1/DD_PS1.o
 .debug_macro   0x000162ba      0x75f src/PLATFORM/DRIVER/DD_PS2/DD_PS2.o
 .debug_macro   0x00016a19      0x75f src/PLATFORM/DRIVER/DD_PS3/DD_PS3.o
 .debug_macro   0x00017178      0x794 src/PLATFORM/DRIVER/DD_SPI/DD_SPI.o
 .debug_macro   0x0001790c       0xb8 src/PLATFORM/DRIVER/DD_SPI/DD_SPI.o
 .debug_macro   0x000179c4       0x16 src/PLATFORM/DRIVER/DD_SPI/DD_SPI.o
 .debug_macro   0x000179da      0x75a src/PLATFORM/DRIVER/DD_SYS/DD_SYS.o
 .debug_macro   0x00018134      0x75f src/PLATFORM/DRIVER/DD_TS1/DD_TS1.o
 .debug_macro   0x00018893      0x75f src/PLATFORM/DRIVER/DD_TS2/DD_TS2.o
 .debug_macro   0x00018ff2      0x75f src/PLATFORM/DRIVER/DD_TS3/DD_TS3.o
 .debug_macro   0x00019751      0x776 src/PLATFORM/SERVICE/SV_STATUS/SV_STATUS.o
 .debug_macro   0x00019ec7      0x760 src/PLATFORM/SERVICE/SV_SYS/SV_SYS.o
 .debug_macro   0x0001a627      0x525 src/ASF/common/utils/stdio/write.o
 .debug_macro   0x0001ab4c      0x570 src/ASF/sam/drivers/usart/usart.o
 .debug_macro   0x0001b0bc       0x28 src/ASF/sam/drivers/usart/usart.o
 .debug_macro   0x0001b0e4      0x534 src/ASF/sam/drivers/uart/uart.o
 .debug_macro   0x0001b618       0x16 src/ASF/sam/drivers/uart/uart.o
 .debug_macro   0x0001b62e      0x658 src/PLATFORM/DRIVER/DD_CONSOLE/DD_COSOLE.o
 .debug_macro   0x0001bc86       0x10 src/PLATFORM/DRIVER/DD_CONSOLE/DD_COSOLE.o
 .debug_macro   0x0001bc96       0x22 src/PLATFORM/DRIVER/DD_CONSOLE/DD_COSOLE.o
 .debug_macro   0x0001bcb8      0x5a5 src/ASF/common/services/clock/sam3x/sysclk.o
 .debug_macro   0x0001c25d      0x2a4 src/ASF/common/services/clock/sam3x/sysclk.o
 .debug_macro   0x0001c501      0x5e8 src/ASF/sam/boards/arduino_due_x/init.o
 .debug_macro   0x0001cae9       0x16 src/ASF/sam/boards/arduino_due_x/init.o
 .debug_macro   0x0001caff      0x540 src/ASF/sam/drivers/pio/pio.o
 .debug_macro   0x0001d03f       0x8e src/ASF/sam/drivers/pio/pio.o
 .debug_macro   0x0001d0cd      0x544 src/ASF/sam/drivers/pio/pio_handler.o
 .debug_macro   0x0001d611      0x53a src/ASF/sam/drivers/pmc/pmc.o
 .debug_macro   0x0001db4b       0x58 src/ASF/sam/drivers/pmc/pmc.o
 .debug_macro   0x0001dba3      0x539 src/ASF/sam/utils/cmsis/sam3x/source/templates/exceptions.o
 .debug_macro   0x0001e0dc      0x547 src/ASF/sam/utils/cmsis/sam3x/source/templates/gcc/startup_sam3x.o
 .debug_macro   0x0001e623      0x547 src/ASF/sam/utils/cmsis/sam3x/source/templates/system_sam3x.o
 .debug_macro   0x0001eb6a       0x26 src/ASF/sam/utils/cmsis/sam3x/source/templates/system_sam3x.o
 .debug_macro   0x0001eb90      0x19c src/ASF/sam/utils/syscalls/gcc/syscalls.o