Archive member included to satisfy reference by file (symbol)

c:/program files (x86)/atmel/studio/7.0/toolchain/arm/arm-gnu-toolchain/bin/../lib/gcc/arm-none-eabi/5.3.1/../../../../arm-none-eabi/lib/armv7-m\libc.a(lib_a-exit.o)
                              c:/program files (x86)/atmel/studio/7.0/toolchain/arm/arm-gnu-toolchain/bin/../lib/gcc/arm-none-eabi/5.3.1/../../../../arm-none-eabi/lib/armv7-m/crt0.o (exit)
c:/program files (x86)/atmel/studio/7.0/toolchain/arm/arm-gnu-toolchain/bin/../lib/gcc/arm-none-eabi/5.3.1/../../../../arm-none-eabi/lib/armv7-m\libc.a(lib_a-impure.o)
                              c:/program files (x86)/atmel/studio/7.0/toolchain/arm/arm-gnu-toolchain/bin/../lib/gcc/arm-none-eabi/5.3.1/../../../../arm-none-eabi/lib/armv7-m\libc.a(lib_a-exit.o) (_global_impure_ptr)
c:/program files (x86)/atmel/studio/7.0/toolchain/arm/arm-gnu-toolchain/bin/../lib/gcc/arm-none-eabi/5.3.1/../../../../arm-none-eabi/lib/armv7-m\libc.a(lib_a-init.o)
                              c:/program files (x86)/atmel/studio/7.0/toolchain/arm/arm-gnu-toolchain/bin/../lib/gcc/arm-none-eabi/5.3.1/../../../../arm-none-eabi/lib/armv7-m/crt0.o (__libc_init_array)
c:/program files (x86)/atmel/studio/7.0/toolchain/arm/arm-gnu-toolchain/bin/../lib/gcc/arm-none-eabi/5.3.1/../../../../arm-none-eabi/lib/armv7-m\libc.a(lib_a-iprintf.o)
                              src/ASF/sam/utils/syscalls/gcc/syscalls.o (iprintf)
c:/program files (x86)/atmel/studio/7.0/toolchain/arm/arm-gnu-toolchain/bin/../lib/gcc/arm-none-eabi/5.3.1/../../../../arm-none-eabi/lib/armv7-m\libc.a(lib_a-memset.o)
                              c:/program files (x86)/atmel/studio/7.0/toolchain/arm/arm-gnu-toolchain/bin/../lib/gcc/arm-none-eabi/5.3.1/../../../../arm-none-eabi/lib/armv7-m/crt0.o (memset)
c:/program files (x86)/atmel/studio/7.0/toolchain/arm/arm-gnu-toolchain/bin/../lib/gcc/arm-none-eabi/5.3.1/../../../../arm-none-eabi/lib/armv7-m\libc.a(lib_a-puts.o)
                              src/PLATFORM/DRIVER/DD_CAN/DD_CAN.o (puts)
c:/program files (x86)/atmel/studio/7.0/toolchain/arm/arm-gnu-toolchain/bin/../lib/gcc/arm-none-eabi/5.3.1/../../../../arm-none-eabi/lib/armv7-m\libc.a(lib_a-setbuf.o)
                              src/PLATFORM/DRIVER/DD_CONSOLE/DD_COSOLE.o (setbuf)
c:/program files (x86)/atmel/studio/7.0/toolchain/arm/arm-gnu-toolchain/bin/../lib/gcc/arm-none-eabi/5.3.1/../../../../arm-none-eabi/lib/armv7-m\libc.a(lib_a-setvbuf.o)
                              c:/program files (x86)/atmel/studio/7.0/toolchain/arm/arm-gnu-toolchain/bin/../lib/gcc/arm-none-eabi/5.3.1/../../../../arm-none-eabi/lib/armv7-m\libc.a(lib_a-setbuf.o) (setvbuf)
c:/program files (x86)/atmel/studio/7.0/toolchain/arm/arm-gnu-toolchain/bin/../lib/gcc/arm-none-eabi/5.3.1/../../../../arm-none-eabi/lib/armv7-m\libc.a(lib_a-strlen-stub.o)
                              c:/program files (x86)/atmel/studio/7.0/toolchain/arm/arm-gnu-toolchain/bin/../lib/gcc/arm-none-eabi/5.3.1/../../../../arm-none-eabi/lib/armv7-m\libc.a(lib_a-puts.o) (strlen)
c:/program files (x86)/atmel/studio/7.0/toolchain/arm/arm-gnu-toolchain/bin/../lib/gcc/arm-none-eabi/5.3.1/../../../../arm-none-eabi/lib/armv7-m\libc.a(lib_a-vfiprintf.o)
                              c:/program files (x86)/atmel/studio/7.0/toolchain/arm/arm-gnu-toolchain/bin/../lib/gcc/arm-none-eabi/5.3.1/../../../../arm-none-eabi/lib/armv7-m\libc.a(lib_a-iprintf.o) (_vfiprintf_r)
c:/program files (x86)/atmel/studio/7.0/toolchain/arm/arm-gnu-toolchain/bin/../lib/gcc/arm-none-eabi/5.3.1/../../../../arm-none-eabi/lib/armv7-m\libc.a(lib_a-wsetup.o)
                              c:/program files (x86)/atmel/studio/7.0/toolchain/arm/arm-gnu-toolchain/bin/../lib/gcc/arm-none-eabi/5.3.1/../../../../arm-none-eabi/lib/armv7-m\libc.a(lib_a-vfiprintf.o) (__swsetup_r)
c:/program files (x86)/atmel/studio/7.0/toolchain/arm/arm-gnu-toolchain/bin/../lib/gcc/arm-none-eabi/5.3.1/../../../../arm-none-eabi/lib/armv7-m\libc.a(lib_a-__call_atexit.o)
                              c:/program files (x86)/atmel/studio/7.0/toolchain/arm/arm-gnu-toolchain/bin/../lib/gcc/arm-none-eabi/5.3.1/../../../../arm-none-eabi/lib/armv7-m\libc.a(lib_a-exit.o) (__call_exitprocs)
c:/program files (x86)/atmel/studio/7.0/toolchain/arm/arm-gnu-toolchain/bin/../lib/gcc/arm-none-eabi/5.3.1/../../../../arm-none-eabi/lib/armv7-m\libc.a(lib_a-atexit.o)
                              c:/program files (x86)/atmel/studio/7.0/toolchain/arm/arm-gnu-toolchain/bin/../lib/gcc/arm-none-eabi/5.3.1/../../../../arm-none-eabi/lib/armv7-m\libc.a(lib_a-__call_atexit.o) (atexit)
c:/program files (x86)/atmel/studio/7.0/toolchain/arm/arm-gnu-toolchain/bin/../lib/gcc/arm-none-eabi/5.3.1/../../../../arm-none-eabi/lib/armv7-m\libc.a(lib_a-fflush.o)
                              c:/program files (x86)/atmel/studio/7.0/toolchain/arm/arm-gnu-toolchain/bin/../lib/gcc/arm-none-eabi/5.3.1/../../../../arm-none-eabi/lib/armv7-m\libc.a(lib_a-setvbuf.o) (_fflush_r)
[...]
Memory Configuration

Name             Origin             Length             Attributes
rom              0x00080000         0x00080000         xr
sram0            0x20000000         0x00010000         xrw
sram1            0x20080000         0x00008000         xrw
ram              0x20070000         0x00018000         xrw
*default*        0x00000000         0xffffffff

Linker script and memory map

LOAD c:/program files (x86)/atmel/studio/7.0/toolchain/arm/arm-gnu-toolchain/bin/../lib/gcc/arm-none-eabi/5.3.1/armv7-m/crti.o
LOAD c:/program files (x86)/atmel/studio/7.0/toolchain/arm/arm-gnu-toolchain/bin/../lib/gcc/arm-none-eabi/5.3.1/armv7-m/crtbegin.o
LOAD c:/program files (x86)/atmel/studio/7.0/toolchain/arm/arm-gnu-toolchain/bin/../lib/gcc/arm-none-eabi/5.3.1/../../../../arm-none-eabi/lib/armv7-m/crt0.o
LOAD src/ASF/common/utils/stdio/read.o
LOAD src/PLATFORM/DRIVER/DD_CAN/DD_CAN.o
LOAD src/PLATFORM/DRIVER/DD_CLOCK/DD_CLOCK.o
LOAD src/PLATFORM/DRIVER/DD_CS1_TS/DD_CS1_TS.o
LOAD src/PLATFORM/DRIVER/DD_CS2_TS/DD_CS2_TS.o
LOAD src/PLATFORM/DRIVER/DD_CS3_TS/DD_CS3_TS.o
LOAD src/PLATFORM/DRIVER/DD_GPIO/DD_GPIO.o
LOAD src/PLATFORM/DRIVER/DD_HANDLER/DD_HANDLER.o
LOAD src/PLATFORM/DRIVER/DD_INT/DD_INT.o
LOAD src/PLATFORM/DRIVER/DD_MAX_31865/DD_MAX31865.o
LOAD src/PLATFORM/DRIVER/DD_PS1/DD_PS1.o
LOAD src/PLATFORM/DRIVER/DD_PS2/DD_PS2.o
LOAD src/PLATFORM/DRIVER/DD_PS3/DD_PS3.o
LOAD src/PLATFORM/DRIVER/DD_PWM/DD_PWM.o
LOAD src/PLATFORM/DRIVER/DD_SPI/DD_SPI.o
LOAD src/PLATFORM/DRIVER/DD_SYS/DD_SYS.o
LOAD src/PLATFORM/DRIVER/DD_THERMOCOUPLE/DD_THERMOCOUPLE.o
LOAD src/PLATFORM/DRIVER/DD_TIMER/DD_TIMER.o
LOAD src/PLATFORM/DRIVER/DD_TS1/DD_TS1.o
LOAD src/PLATFORM/DRIVER/DD_TS2/DD_TS2.o
LOAD src/PLATFORM/DRIVER/DD_TS3/DD_TS3.o
LOAD src/PLATFORM/SERVICE/SV_STATUS/SV_STATUS.o
LOAD src/PLATFORM/SERVICE/SV_SYS/SV_SYS.o
LOAD src/ASF/common/utils/stdio/write.o
LOAD src/ASF/sam/drivers/usart/usart.o
LOAD src/ASF/common/services/serial/usart_serial.o
LOAD src/ASF/sam/drivers/uart/uart.o
LOAD src/PLATFORM/DRIVER/DD_CONSOLE/DD_COSOLE.o
LOAD src/ASF/common/services/clock/sam3x/sysclk.o
LOAD src/ASF/common/utils/interrupt/interrupt_sam_nvic.o
LOAD src/ASF/sam/boards/arduino_due_x/init.o
LOAD src/ASF/sam/drivers/pio/pio.o
LOAD src/ASF/sam/drivers/pio/pio_handler.o
LOAD src/ASF/sam/drivers/pmc/pmc.o
LOAD src/ASF/sam/drivers/pmc/sleep.o
LOAD src/ASF/sam/utils/cmsis/sam3x/source/templates/exceptions.o
LOAD src/ASF/sam/utils/cmsis/sam3x/source/templates/gcc/startup_sam3x.o
LOAD src/ASF/sam/utils/cmsis/sam3x/source/templates/system_sam3x.o
LOAD src/ASF/sam/utils/syscalls/gcc/syscalls.o
LOAD src/SENSOR_CPU.o
START GROUP
LOAD ../src/ASF/thirdparty/CMSIS/Lib/GCC\libarm_cortexM3l_math.a
LOAD c:/program files (x86)/atmel/studio/7.0/toolchain/arm/arm-gnu-toolchain/bin/../lib/gcc/arm-none-eabi/5.3.1/../../../../arm-none-eabi/lib/armv7-m\libm.a
END GROUP
START GROUP
LOAD c:/program files (x86)/atmel/studio/7.0/toolchain/arm/arm-gnu-toolchain/bin/../lib/gcc/arm-none-eabi/5.3.1/armv7-m\libgcc.a
LOAD c:/program files (x86)/atmel/studio/7.0/toolchain/arm/arm-gnu-toolchain/bin/../lib/gcc/arm-none-eabi/5.3.1/../../../../arm-none-eabi/lib/armv7-m\libc.a
END GROUP
LOAD c:/program files (x86)/atmel/studio/7.0/toolchain/arm/arm-gnu-toolchain/bin/../lib/gcc/arm-none-eabi/5.3.1/armv7-m/crtend.o
LOAD c:/program files (x86)/atmel/studio/7.0/toolchain/arm/arm-gnu-toolchain/bin/../lib/gcc/arm-none-eabi/5.3.1/armv7-m/crtn.o
                0x00002000                __stack_size__ = DEFINED (__stack_size__)?__stack_size__:0x2000
                0x20087ffc                __ram_end__ = ((ORIGIN (ram) + LENGTH (ram)) - 0x4)

.text           0x00080000     0x69fc
                0x00080000                . = ALIGN (0x4)
                0x00080000                _sfixed = .
 *(.vectors .vectors.*)
 .vectors       0x00080000       0xf4 src/ASF/sam/utils/cmsis/sam3x/source/templates/gcc/startup_sam3x.o
                0x00080000                exception_table
 *(.text .text.* .gnu.linkonce.t.*)
 .text          0x000800f4       0x5c c:/program files (x86)/atmel/studio/7.0/toolchain/arm/arm-gnu-toolchain/bin/../lib/gcc/arm-none-eabi/5.3.1/armv7-m/crtbegin.o
 .text._read    0x00080150       0x54 src/ASF/common/utils/stdio/read.o
                0x00080150                _read
 .text.NVIC_EnableIRQ
                0x000801a4       0x30 src/PLATFORM/DRIVER/DD_CAN/DD_CAN.o
 .text.CAN0_Handler
                0x000801d4       0x60 src/PLATFORM/DRIVER/DD_CAN/DD_CAN.o
                0x000801d4                CAN0_Handler
 .text.dd_can_extract_mailbox_data
                0x00080234      0x114 src/PLATFORM/DRIVER/DD_CAN/DD_CAN.o
 .text.dd_can_mailbox_read
                0x00080348       0xd0 src/PLATFORM/DRIVER/DD_CAN/DD_CAN.o
 .text.dd_can_mailbox_write
                0x00080418       0xbc src/PLATFORM/DRIVER/DD_CAN/DD_CAN.o
                0x00080418                dd_can_mailbox_write
 .text.dd_can_global_send_transfer_cmd
                0x000804d4       0x2c src/PLATFORM/DRIVER/DD_CAN/DD_CAN.o
                0x000804d4                dd_can_global_send_transfer_cmd
 .text.dd_can_mailbox_conf
                0x00080500       0xf0 src/PLATFORM/DRIVER/DD_CAN/DD_CAN.o
                0x00080500                dd_can_mailbox_conf
 .text.SENSOR_DD_INIT_CAN
                0x000805f0      0x18c src/PLATFORM/DRIVER/DD_CAN/DD_CAN.o
                0x000805f0                SENSOR_DD_INIT_CAN
 .text.SENSOR_D_INIT_CLOCK
                0x0008077c       0x6c src/PLATFORM/DRIVER/DD_CLOCK/DD_CLOCK.o
                0x0008077c                SENSOR_D_INIT_CLOCK
 .text.dd_pmc_enable_periph_clk
                0x000807e8       0x80 src/PLATFORM/DRIVER/DD_CLOCK/DD_CLOCK.o
                0x000807e8                dd_pmc_enable_periph_clk
 .text.DD_CS1_TS_INIT
                0x00080868       0x74 src/PLATFORM/DRIVER/DD_CS1_TS/DD_CS1_TS.o
                0x00080868                DD_CS1_TS_INIT
 .text.DD_CS2_TS_INIT
                0x000808dc       0x74 src/PLATFORM/DRIVER/DD_CS2_TS/DD_CS2_TS.o
                0x000808dc                DD_CS2_TS_INIT
 .text.DD_CS3_TS_INIT
                0x00080950       0x74 src/PLATFORM/DRIVER/DD_CS3_TS/DD_CS3_TS.o
                0x00080950                DD_CS3_TS_INIT
 .text.SENSOR_D_INIT_PIO
                0x000809c4       0x74 src/PLATFORM/DRIVER/DD_GPIO/DD_GPIO.o
                0x000809c4                SENSOR_D_INIT_PIO
 .text.dd_PRESSURE_SENSOR_GPIO_PINS
                0x00080a38      0x124 src/PLATFORM/DRIVER/DD_GPIO/DD_GPIO.o
                0x00080a38                dd_PRESSURE_SENSOR_GPIO_PINS
 .text.dd_TEMP_SENSOR_PINS_INIT
                0x00080b5c      0x138 src/PLATFORM/DRIVER/DD_GPIO/DD_GPIO.o
                0x00080b5c                dd_TEMP_SENSOR_PINS_INIT
 .text.dd_SPI_pins_INIT
                0x00080c94      0x2d8 src/PLATFORM/DRIVER/DD_GPIO/DD_GPIO.o
                0x00080c94                dd_SPI_pins_INIT
 .text.dd_CAN_pins_INIT
                0x00080f6c       0xa8 src/PLATFORM/DRIVER/DD_GPIO/DD_GPIO.o
                0x00080f6c                dd_CAN_pins_INIT
 .text.dd_UART_pins_init
                0x00081014       0x70 src/PLATFORM/DRIVER/DD_GPIO/DD_GPIO.o
                0x00081014                dd_UART_pins_init
 .text.dd_PIO_INTERRUPT_DISABLE
                0x00081084       0x40 src/PLATFORM/DRIVER/DD_GPIO/DD_GPIO.o
                0x00081084                dd_PIO_INTERRUPT_DISABLE
 .text.dd_enable_PIO
                0x000810c4       0x24 src/PLATFORM/DRIVER/DD_GPIO/DD_GPIO.o
                0x000810c4                dd_enable_PIO
 .text.dd_disable_PIO
                0x000810e8       0x24 src/PLATFORM/DRIVER/DD_GPIO/DD_GPIO.o
                0x000810e8                dd_disable_PIO
 .text.dd_enable_OUTPUT
                0x0008110c       0x24 src/PLATFORM/DRIVER/DD_GPIO/DD_GPIO.o
                0x0008110c                dd_enable_OUTPUT
 .text.dd_disable_OUTPUT
                0x00081130       0x24 src/PLATFORM/DRIVER/DD_GPIO/DD_GPIO.o
                0x00081130                dd_disable_OUTPUT
 .text.dd_SET_OUTPUT_DATA
                0x00081154       0x24 src/PLATFORM/DRIVER/DD_GPIO/DD_GPIO.o
                0x00081154                dd_SET_OUTPUT_DATA
 .text.dd_CLEAR_OUTPUT_DATA
                0x00081178       0x24 src/PLATFORM/DRIVER/DD_GPIO/DD_GPIO.o
                0x00081178                dd_CLEAR_OUTPUT_DATA
 .text.dd_enable_PULLUP
                0x0008119c       0x24 src/PLATFORM/DRIVER/DD_GPIO/DD_GPIO.o
                0x0008119c                dd_enable_PULLUP
 .text.dd_disable_PULLUP
                0x000811c0       0x24 src/PLATFORM/DRIVER/DD_GPIO/DD_GPIO.o
                0x000811c0                dd_disable_PULLUP
 .text.dd_enable_OUTPUT_WRITE
                0x000811e4       0x28 src/PLATFORM/DRIVER/DD_GPIO/DD_GPIO.o
                0x000811e4                dd_enable_OUTPUT_WRITE
 .text.dd_disable_OUTPUT_WRITE
                0x0008120c       0x28 src/PLATFORM/DRIVER/DD_GPIO/DD_GPIO.o
                0x0008120c                dd_disable_OUTPUT_WRITE
 .text.DD_PS1_INIT
                0x00081234       0xd0 src/PLATFORM/DRIVER/DD_PS1/DD_PS1.o
                0x00081234                DD_PS1_INIT
 .text.DD_PS2_INIT
                0x00081304       0xcc src/PLATFORM/DRIVER/DD_PS2/DD_PS2.o
                0x00081304                DD_PS2_INIT
 .text.DD_PS3_INIT
                0x000813d0       0xcc src/PLATFORM/DRIVER/DD_PS3/DD_PS3.o
                0x000813d0                DD_PS3_INIT
 .text.osc_get_rate
                0x0008149c       0x74 src/PLATFORM/DRIVER/DD_SPI/DD_SPI.o
 .text.sysclk_get_main_hz
                0x00081510       0x1c src/PLATFORM/DRIVER/DD_SPI/DD_SPI.o
 .text.sysclk_get_peripheral_hz
                0x0008152c       0x14 src/PLATFORM/DRIVER/DD_SPI/DD_SPI.o
 .text.sysclk_enable_peripheral_clock
                0x00081540       0x1c src/PLATFORM/DRIVER/DD_SPI/DD_SPI.o
 .text.dd_spi_set_transfer_delay
                0x0008155c       0x5c src/PLATFORM/DRIVER/DD_SPI/DD_SPI.o
                0x0008155c                dd_spi_set_transfer_delay
 .text.dd_spi_set_bits_per_transfer
                0x000815b8       0x4c src/PLATFORM/DRIVER/DD_SPI/DD_SPI.o
                0x000815b8                dd_spi_set_bits_per_transfer
 .text.dd_spi_set_clock_polarity
                0x00081604       0x54 src/PLATFORM/DRIVER/DD_SPI/DD_SPI.o
                0x00081604                dd_spi_set_clock_polarity
 .text.dd_spi_set_clock_phase
                0x00081658       0x54 src/PLATFORM/DRIVER/DD_SPI/DD_SPI.o
                0x00081658                dd_spi_set_clock_phase
 .text.dd_spi_set_baudrate_div
                0x000816ac       0x60 src/PLATFORM/DRIVER/DD_SPI/DD_SPI.o
                0x000816ac                dd_spi_set_baudrate_div
 .text.dd_spi_set_peripheral_chip_select_value
                0x0008170c       0x38 src/PLATFORM/DRIVER/DD_SPI/DD_SPI.o
                0x0008170c                dd_spi_set_peripheral_chip_select_value
 .text.dd_spi_master_transfer
                0x00081744       0x70 src/PLATFORM/DRIVER/DD_SPI/DD_SPI.o
                0x00081744                dd_spi_master_transfer
 .text.dd_spi_master_read
                0x000817b4       0x6c src/PLATFORM/DRIVER/DD_SPI/DD_SPI.o
                0x000817b4                dd_spi_master_read
 .text.dd_spi_write
                0x00081820       0x70 src/PLATFORM/DRIVER/DD_SPI/DD_SPI.o
                0x00081820                dd_spi_write
 .text.dd_spi_read
                0x00081890       0x50 src/PLATFORM/DRIVER/DD_SPI/DD_SPI.o
                0x00081890                dd_spi_read
 .text.SENSOR_DD_INIT_SPI
                0x000818e0      0x1a0 src/PLATFORM/DRIVER/DD_SPI/DD_SPI.o
                0x000818e0                SENSOR_DD_INIT_SPI
 .text.DD_TS1_CHIP_SELECT
                0x00081a80       0x18 src/PLATFORM/DRIVER/DD_SYS/DD_SYS.o
                0x00081a80                DD_TS1_CHIP_SELECT
 .text.DD_TS2_CHIP_SELECT
                0x00081a98       0x1c src/PLATFORM/DRIVER/DD_SYS/DD_SYS.o
                0x00081a98                DD_TS2_CHIP_SELECT
 .text.DD_CS1_TS_CHIP_SELECT
                0x00081ab4       0x1c src/PLATFORM/DRIVER/DD_SYS/DD_SYS.o
                0x00081ab4                DD_CS1_TS_CHIP_SELECT
 .text.DD_CS2_TS_CHIP_SELECT
                0x00081ad0       0x18 src/PLATFORM/DRIVER/DD_SYS/DD_SYS.o
                0x00081ad0                DD_CS2_TS_CHIP_SELECT
 .text.DD_CS3_TS_CHIP_SELECT
                0x00081ae8       0x18 src/PLATFORM/DRIVER/DD_SYS/DD_SYS.o
                0x00081ae8                DD_CS3_TS_CHIP_SELECT
 .text.DD_TS3_CHIP_SELECT
                0x00081b00       0x1c src/PLATFORM/DRIVER/DD_SYS/DD_SYS.o
                0x00081b00                DD_TS3_CHIP_SELECT
 .text.DD_TS_MUX_CHIP_SELECT
                0x00081b1c       0x1c src/PLATFORM/DRIVER/DD_SYS/DD_SYS.o
                0x00081b1c                DD_TS_MUX_CHIP_SELECT
 .text.DD_CON_ADC_CHIP_SELECT
                0x00081b38       0x20 src/PLATFORM/DRIVER/DD_SYS/DD_SYS.o
                0x00081b38                DD_CON_ADC_CHIP_SELECT
 .text.DD_AN_MUX_CHIPSEL_2
                0x00081b58       0x20 src/PLATFORM/DRIVER/DD_SYS/DD_SYS.o
                0x00081b58                DD_AN_MUX_CHIPSEL_2
 .text.DD_AN_MUX_CHIPSEL_3
                0x00081b78       0x18 src/PLATFORM/DRIVER/DD_SYS/DD_SYS.o
                0x00081b78                DD_AN_MUX_CHIPSEL_3
 .text.DD_AN_MUX_CHIPSEL_4
                0x00081b90       0x18 src/PLATFORM/DRIVER/DD_SYS/DD_SYS.o
                0x00081b90                DD_AN_MUX_CHIPSEL_4
 .text.DD_SPI_PCS_DECODER_ACTIVE
                0x00081ba8       0x1c src/PLATFORM/DRIVER/DD_SYS/DD_SYS.o
                0x00081ba8                DD_SPI_PCS_DECODER_ACTIVE
 .text.DD_SPI_PCS_DECODER_DEACTIVE
                0x00081bc4       0x1c src/PLATFORM/DRIVER/DD_SYS/DD_SYS.o
                0x00081bc4                DD_SPI_PCS_DECODER_DEACTIVE
 .text.DD_DISABLE_ISOLATORS_MISO_PIN
                0x00081be0       0x30 src/PLATFORM/DRIVER/DD_SYS/DD_SYS.o
                0x00081be0                DD_DISABLE_ISOLATORS_MISO_PIN
 .text.DD_ENABLE_ISOLATOR_1
                0x00081c10       0x34 src/PLATFORM/DRIVER/DD_SYS/DD_SYS.o
                0x00081c10                DD_ENABLE_ISOLATOR_1
 .text.DD_ENABLE_ISOLATOR_2
                0x00081c44       0x34 src/PLATFORM/DRIVER/DD_SYS/DD_SYS.o
                0x00081c44                DD_ENABLE_ISOLATOR_2
 .text.DD_ENABLE_ISOLATOR_3
                0x00081c78       0x34 src/PLATFORM/DRIVER/DD_SYS/DD_SYS.o
                0x00081c78                DD_ENABLE_ISOLATOR_3
 .text.DD_INIT_ALL_SENSORS
                0x00081cac       0xf4 src/PLATFORM/DRIVER/DD_SYS/DD_SYS.o
                0x00081cac                DD_INIT_ALL_SENSORS
 .text.DD_READ_SENSORS
                0x00081da0     0x1088 src/PLATFORM/DRIVER/DD_SYS/DD_SYS.o
                0x00081da0                DD_READ_SENSORS
 .text.DD_TS1_INIT
                0x00082e28       0x78 src/PLATFORM/DRIVER/DD_TS1/DD_TS1.o
                0x00082e28                DD_TS1_INIT
 .text.DD_TS2_INIT
                0x00082ea0       0x78 src/PLATFORM/DRIVER/DD_TS2/DD_TS2.o
                0x00082ea0                DD_TS2_INIT
 .text.DD_TS3_INIT
                0x00082f18       0xe8 src/PLATFORM/DRIVER/DD_TS3/DD_TS3.o
                0x00082f18                DD_TS3_INIT
 .text.SV_SEND_CAN_MAILBOX
                0x00083000       0x8c src/PLATFORM/SERVICE/SV_STATUS/SV_STATUS.o
 .text.SV_put_sensor_data1
                0x0008308c      0x2ec src/PLATFORM/SERVICE/SV_STATUS/SV_STATUS.o
                0x0008308c                SV_put_sensor_data1
 .text.SV_get_sensor_data
                0x00083378      0x1d8 src/PLATFORM/SERVICE/SV_STATUS/SV_STATUS.o
                0x00083378                SV_get_sensor_data
 .text.SV_SYSTEM_INIT
                0x00083550       0x38 src/PLATFORM/SERVICE/SV_SYS/SV_SYS.o
                0x00083550                SV_SYSTEM_INIT
 .text._write   0x00083588       0x6c src/ASF/common/utils/stdio/write.o
                0x00083588                _write
 .text.usart_set_async_baudrate
                0x000835f4       0x88 src/ASF/sam/drivers/usart/usart.o
                0x000835f4                usart_set_async_baudrate
 .text.usart_reset
                0x0008367c       0x54 src/ASF/sam/drivers/usart/usart.o
                0x0008367c                usart_reset
 .text.usart_init_rs232
                0x000836d0       0x84 src/ASF/sam/drivers/usart/usart.o
                0x000836d0                usart_init_rs232
 .text.usart_enable_tx
                0x00083754       0x18 src/ASF/sam/drivers/usart/usart.o
                0x00083754                usart_enable_tx
 .text.usart_reset_tx
                0x0008376c       0x18 src/ASF/sam/drivers/usart/usart.o
                0x0008376c                usart_reset_tx
 .text.usart_enable_rx
                0x00083784       0x18 src/ASF/sam/drivers/usart/usart.o
                0x00083784                usart_enable_rx
 .text.usart_reset_rx
                0x0008379c       0x18 src/ASF/sam/drivers/usart/usart.o
                0x0008379c                usart_reset_rx
 .text.usart_reset_status
                0x000837b4       0x1c src/ASF/sam/drivers/usart/usart.o
                0x000837b4                usart_reset_status
 .text.usart_drive_RTS_pin_high
                0x000837d0       0x1c src/ASF/sam/drivers/usart/usart.o
                0x000837d0                usart_drive_RTS_pin_high
 .text.usart_write
                0x000837ec       0x30 src/ASF/sam/drivers/usart/usart.o
                0x000837ec                usart_write
 .text.usart_read
                0x0008381c       0x34 src/ASF/sam/drivers/usart/usart.o
                0x0008381c                usart_read
 .text.usart_disable_writeprotect
                0x00083850       0x20 src/ASF/sam/drivers/usart/usart.o
                0x00083850                usart_disable_writeprotect
 .text.uart_init
                0x00083870       0x60 src/ASF/sam/drivers/uart/uart.o
                0x00083870                uart_init
 .text.uart_write
                0x000838d0       0x30 src/ASF/sam/drivers/uart/uart.o
                0x000838d0                uart_write
 .text.uart_read
                0x00083900       0x30 src/ASF/sam/drivers/uart/uart.o
                0x00083900                uart_read
 .text.osc_get_rate
                0x00083930       0x74 src/PLATFORM/DRIVER/DD_CONSOLE/DD_COSOLE.o
 .text.sysclk_get_main_hz
                0x000839a4       0x1c src/PLATFORM/DRIVER/DD_CONSOLE/DD_COSOLE.o
 .text.sysclk_get_peripheral_hz
                0x000839c0       0x14 src/PLATFORM/DRIVER/DD_CONSOLE/DD_COSOLE.o
 .text.sysclk_enable_peripheral_clock
                0x000839d4       0x1c src/PLATFORM/DRIVER/DD_CONSOLE/DD_COSOLE.o
 .text.usart_serial_init
                0x000839f0      0x138 src/PLATFORM/DRIVER/DD_CONSOLE/DD_COSOLE.o
 .text.usart_serial_putchar
                0x00083b28       0xc8 src/PLATFORM/DRIVER/DD_CONSOLE/DD_COSOLE.o
 .text.usart_serial_getchar
                0x00083bf0       0xdc src/PLATFORM/DRIVER/DD_CONSOLE/DD_COSOLE.o
 .text.stdio_serial_init
                0x00083ccc       0x68 src/PLATFORM/DRIVER/DD_CONSOLE/DD_COSOLE.o
 .text.SENSOR_D_INIT_UART
                0x00083d34       0x48 src/PLATFORM/DRIVER/DD_CONSOLE/DD_COSOLE.o
                0x00083d34                SENSOR_D_INIT_UART
 .text.osc_enable
                0x00083d7c       0x88 src/ASF/common/services/clock/sam3x/sysclk.o
 .text.osc_is_ready
                0x00083e04       0x70 src/ASF/common/services/clock/sam3x/sysclk.o
 .text.osc_get_rate
                0x00083e74       0x74 src/ASF/common/services/clock/sam3x/sysclk.o
 .text.osc_wait_ready
                0x00083ee8       0x2c src/ASF/common/services/clock/sam3x/sysclk.o
 .text.pll_config_init
                0x00083f14       0x6c src/ASF/common/services/clock/sam3x/sysclk.o
 .text.pll_enable
                0x00083f80       0x40 src/ASF/common/services/clock/sam3x/sysclk.o
 .text.pll_is_locked
                0x00083fc0       0x2c src/ASF/common/services/clock/sam3x/sysclk.o
 .text.pll_enable_source
                0x00083fec       0x38 src/ASF/common/services/clock/sam3x/sysclk.o
 .text.pll_wait_for_lock
                0x00084024       0x24 src/ASF/common/services/clock/sam3x/sysclk.o
 .text.sysclk_get_main_hz
                0x00084048       0x1c src/ASF/common/services/clock/sam3x/sysclk.o
 .text.sysclk_get_cpu_hz
                0x00084064       0x14 src/ASF/common/services/clock/sam3x/sysclk.o
 .text.sysclk_init
                0x00084078       0x70 src/ASF/common/services/clock/sam3x/sysclk.o
                0x00084078                sysclk_init
 .text.sysclk_enable_peripheral_clock
                0x000840e8       0x1c src/ASF/sam/boards/arduino_due_x/init.o
 .text.ioport_init
                0x00084104       0x24 src/ASF/sam/boards/arduino_due_x/init.o
 .text.board_init
                0x00084128       0x84 src/ASF/sam/boards/arduino_due_x/init.o
                0x00084128                board_init
 .text.pio_pull_up
                0x000841ac       0x2c src/ASF/sam/drivers/pio/pio.o
                0x000841ac                pio_pull_up
 .text.pio_set_peripheral
                0x000841d8       0x80 src/ASF/sam/drivers/pio/pio.o
                0x000841d8                pio_set_peripheral
 .text.pio_set_input
                0x00084258       0x80 src/ASF/sam/drivers/pio/pio.o
                0x00084258                pio_set_input
 .text.pio_set_output
                0x000842d8       0x64 src/ASF/sam/drivers/pio/pio.o
                0x000842d8                pio_set_output
 .text.pio_disable_interrupt
                0x0008433c       0x1c src/ASF/sam/drivers/pio/pio.o
                0x0008433c                pio_disable_interrupt
 .text.pio_get_interrupt_status
                0x00084358       0x18 src/ASF/sam/drivers/pio/pio.o
                0x00084358                pio_get_interrupt_status
 .text.pio_get_interrupt_mask
                0x00084370       0x18 src/ASF/sam/drivers/pio/pio.o
                0x00084370                pio_get_interrupt_mask
 .text.pio_configure_pin
                0x00084388       0x24 src/ASF/sam/drivers/pio/pio.o
                0x00084388                pio_configure_pin
 .text.pio_configure_pin_group
                0x000843ac       0xe4 src/ASF/sam/drivers/pio/pio.o
                0x000843ac                pio_configure_pin_group
 .text.pio_get_pin_group
                0x00084490       0x24 src/ASF/sam/drivers/pio/pio.o
                0x00084490                pio_get_pin_group
 .text.pio_handler_process
                0x000844b4       0xb4 src/ASF/sam/drivers/pio/pio_handler.o
                0x000844b4                pio_handler_process
 .text.PIOA_Handler
                0x00084568       0x18 src/ASF/sam/drivers/pio/pio_handler.o
                0x00084568                PIOA_Handler
 .text.PIOB_Handler
                0x00084580       0x18 src/ASF/sam/drivers/pio/pio_handler.o
                0x00084580                PIOB_Handler
 .text.PIOC_Handler
                0x00084598       0x18 src/ASF/sam/drivers/pio/pio_handler.o
                0x00084598                PIOC_Handler
 .text.PIOD_Handler
                0x000845b0       0x18 src/ASF/sam/drivers/pio/pio_handler.o
                0x000845b0                PIOD_Handler
 .text.pmc_switch_mck_to_pllack
                0x000845c8       0x80 src/ASF/sam/drivers/pmc/pmc.o
                0x000845c8                pmc_switch_mck_to_pllack
 .text.pmc_switch_sclk_to_32kxtal
                0x00084648       0x38 src/ASF/sam/drivers/pmc/pmc.o
                0x00084648                pmc_switch_sclk_to_32kxtal
 .text.pmc_osc_is_ready_32kxtal
                0x00084680       0x34 src/ASF/sam/drivers/pmc/pmc.o
                0x00084680                pmc_osc_is_ready_32kxtal
 .text.pmc_switch_mainck_to_fastrc
                0x000846b4       0x70 src/ASF/sam/drivers/pmc/pmc.o
                0x000846b4                pmc_switch_mainck_to_fastrc
 .text.pmc_switch_mainck_to_xtal
                0x00084724       0x78 src/ASF/sam/drivers/pmc/pmc.o
                0x00084724                pmc_switch_mainck_to_xtal
 .text.pmc_osc_is_ready_mainck
                0x0008479c       0x18 src/ASF/sam/drivers/pmc/pmc.o
                0x0008479c                pmc_osc_is_ready_mainck
 .text.pmc_disable_pllack
                0x000847b4       0x18 src/ASF/sam/drivers/pmc/pmc.o
                0x000847b4                pmc_disable_pllack
 .text.pmc_is_locked_pllack
                0x000847cc       0x18 src/ASF/sam/drivers/pmc/pmc.o
                0x000847cc                pmc_is_locked_pllack
 .text.pmc_is_locked_upll
                0x000847e4       0x18 src/ASF/sam/drivers/pmc/pmc.o
                0x000847e4                pmc_is_locked_upll
 .text.pmc_enable_periph_clk
                0x000847fc       0x80 src/ASF/sam/drivers/pmc/pmc.o
                0x000847fc                pmc_enable_periph_clk
 .text.Dummy_Handler
                0x0008487c        0x8 src/ASF/sam/utils/cmsis/sam3x/source/templates/exceptions.o
                0x0008487c                DACC_Handler
                0x0008487c                DebugMon_Handler
                0x0008487c                DMAC_Handler
                0x0008487c                TRNG_Handler
                0x0008487c                HardFault_Handler
                0x0008487c                TC2_Handler
                0x0008487c                SysTick_Handler
                0x0008487c                USART3_Handler
                0x0008487c                TWI1_Handler
                0x0008487c                PendSV_Handler
                0x0008487c                NMI_Handler
                0x0008487c                TC7_Handler
                0x0008487c                ADC_Handler
                0x0008487c                SMC_Handler
                0x0008487c                USART0_Handler
                0x0008487c                RTT_Handler
                0x0008487c                EFC1_Handler
                0x0008487c                RTC_Handler
                0x0008487c                UsageFault_Handler
                0x0008487c                TC6_Handler
                0x0008487c                WDT_Handler
                0x0008487c                TC4_Handler
                0x0008487c                TC1_Handler
                0x0008487c                HSMCI_Handler
                0x0008487c                TC3_Handler
                0x0008487c                Dummy_Handler
                0x0008487c                TWI0_Handler
                0x0008487c                USART1_Handler
                0x0008487c                SSC_Handler
                0x0008487c                EFC0_Handler
                0x0008487c                PMC_Handler
                0x0008487c                PWM_Handler
                0x0008487c                CAN1_Handler
                0x0008487c                MemManage_Handler
                0x0008487c                SUPC_Handler
                0x0008487c                SVC_Handler
                0x0008487c                TC8_Handler
                0x0008487c                USART2_Handler
                0x0008487c                EMAC_Handler
                0x0008487c                UART_Handler
                0x0008487c                BusFault_Handler
                0x0008487c                RSTC_Handler
                0x0008487c                TC0_Handler
                0x0008487c                TC5_Handler
                0x0008487c                UOTGHS_Handler
                0x0008487c                SPI0_Handler
 .text.Reset_Handler
                0x00084884       0xa8 src/ASF/sam/utils/cmsis/sam3x/source/templates/gcc/startup_sam3x.o
                0x00084884                Reset_Handler
 .text.SystemCoreClockUpdate
                0x0008492c      0x184 src/ASF/sam/utils/cmsis/sam3x/source/templates/system_sam3x.o
                0x0008492c                SystemCoreClockUpdate
 .text._sbrk    0x00084ab0       0x58 src/ASF/sam/utils/syscalls/gcc/syscalls.o
                0x00084ab0                _sbrk
 .text._close   0x00084b08       0x18 src/ASF/sam/utils/syscalls/gcc/syscalls.o
                0x00084b08                _close
 .text._fstat   0x00084b20       0x20 src/ASF/sam/utils/syscalls/gcc/syscalls.o
                0x00084b20                _fstat
 .text._isatty  0x00084b40       0x14 src/ASF/sam/utils/syscalls/gcc/syscalls.o
                0x00084b40                _isatty
 .text._lseek   0x00084b54       0x18 src/ASF/sam/utils/syscalls/gcc/syscalls.o
                0x00084b54                _lseek
 .text.main     0x00084b6c      0x160 src/SENSOR_CPU.o
                0x00084b6c                main
 .text.__libc_init_array
                0x00084ccc       0x50 c:/program files (x86)/atmel/studio/7.0/toolchain/arm/arm-gnu-toolchain/bin/../lib/gcc/arm-none-eabi/5.3.1/../../../../arm-none-eabi/lib/armv7-m\libc.a(lib_a-init.o)
                0x00084ccc                __libc_init_array
 .text.memset   0x00084d1c       0x9c c:/program files (x86)/atmel/studio/7.0/toolchain/arm/arm-gnu-toolchain/bin/../lib/gcc/arm-none-eabi/5.3.1/../../../../arm-none-eabi/lib/armv7-m\libc.a(lib_a-memset.o)
                0x00084d1c                memset
 .text._puts_r  0x00084db8       0x68 c:/program files (x86)/atmel/studio/7.0/toolchain/arm/arm-gnu-toolchain/bin/../lib/gcc/arm-none-eabi/5.3.1/../../../../arm-none-eabi/lib/armv7-m\libc.a(lib_a-puts.o)
                0x00084db8                _puts_r
 .text.puts     0x00084e20       0x10 c:/program files (x86)/atmel/studio/7.0/toolchain/arm/arm-gnu-toolchain/bin/../lib/gcc/arm-none-eabi/5.3.1/../../../../arm-none-eabi/lib/armv7-m\libc.a(lib_a-puts.o)
                0x00084e20                puts
 .text.setbuf   0x00084e30       0x10 c:/program files (x86)/atmel/studio/7.0/toolchain/arm/arm-gnu-toolchain/bin/../lib/gcc/arm-none-eabi/5.3.1/../../../../arm-none-eabi/lib/armv7-m\libc.a(lib_a-setbuf.o)
                0x00084e30                setbuf
 .text.setvbuf  0x00084e40      0x150 c:/program files (x86)/atmel/studio/7.0/toolchain/arm/arm-gnu-toolchain/bin/../lib/gcc/arm-none-eabi/5.3.1/../../../../arm-none-eabi/lib/armv7-m\libc.a(lib_a-setvbuf.o)
                0x00084e40                setvbuf
 .text.strlen   0x00084f90       0x5c c:/program files (x86)/atmel/studio/7.0/toolchain/arm/arm-gnu-toolchain/bin/../lib/gcc/arm-none-eabi/5.3.1/../../../../arm-none-eabi/lib/armv7-m\libc.a(lib_a-strlen-stub.o)
                0x00084f90                strlen
 .text.__swsetup_r
                0x00084fec       0xc8 c:/program files (x86)/atmel/studio/7.0/toolchain/arm/arm-gnu-toolchain/bin/../lib/gcc/arm-none-eabi/5.3.1/../../../../arm-none-eabi/lib/armv7-m\libc.a(lib_a-wsetup.o)
                0x00084fec                __swsetup_r
 .text.startup.register_fini
                0x000850b4       0x14 c:/program files (x86)/atmel/studio/7.0/toolchain/arm/arm-gnu-toolchain/bin/../lib/gcc/arm-none-eabi/5.3.1/../../../../arm-none-eabi/lib/armv7-m\libc.a(lib_a-__call_atexit.o)
 .text.atexit   0x000850c8        0xc c:/program files (x86)/atmel/studio/7.0/toolchain/arm/arm-gnu-toolchain/bin/../lib/gcc/arm-none-eabi/5.3.1/../../../../arm-none-eabi/lib/armv7-m\libc.a(lib_a-atexit.o)
                0x000850c8                atexit
 .text.__sflush_r
                0x000850d4      0x148 c:/program files (x86)/atmel/studio/7.0/toolchain/arm/arm-gnu-toolchain/bin/../lib/gcc/arm-none-eabi/5.3.1/../../../../arm-none-eabi/lib/armv7-m\libc.a(lib_a-fflush.o)
                0x000850d4                __sflush_r
 .text._fflush_r
                0x0008521c       0x2c c:/program files (x86)/atmel/studio/7.0/toolchain/arm/arm-gnu-toolchain/bin/../lib/gcc/arm-none-eabi/5.3.1/../../../../arm-none-eabi/lib/armv7-m\libc.a(lib_a-fflush.o)
                0x0008521c                _fflush_r
 .text._cleanup_r
                0x00085248        0xc c:/program files (x86)/atmel/studio/7.0/toolchain/arm/arm-gnu-toolchain/bin/../lib/gcc/arm-none-eabi/5.3.1/../../../../arm-none-eabi/lib/armv7-m\libc.a(lib_a-findfp.o)
                0x00085248                _cleanup_r
 .text.__sinit.part.1
                0x00085254       0xf0 c:/program files (x86)/atmel/studio/7.0/toolchain/arm/arm-gnu-toolchain/bin/../lib/gcc/arm-none-eabi/5.3.1/../../../../arm-none-eabi/lib/armv7-m\libc.a(lib_a-findfp.o)
 .text.__sinit  0x00085344        0xc c:/program files (x86)/atmel/studio/7.0/toolchain/arm/arm-gnu-toolchain/bin/../lib/gcc/arm-none-eabi/5.3.1/../../../../arm-none-eabi/lib/armv7-m\libc.a(lib_a-findfp.o)
                0x00085344                __sinit
 .text.__sfp_lock_acquire
                0x00085350        0x4 c:/program files (x86)/atmel/studio/7.0/toolchain/arm/arm-gnu-toolchain/bin/../lib/gcc/arm-none-eabi/5.3.1/../../../../arm-none-eabi/lib/armv7-m\libc.a(lib_a-findfp.o)
                0x00085350                __sfp_lock_acquire
 .text.__sfp_lock_release
                0x00085354        0x4 c:/program files (x86)/atmel/studio/7.0/toolchain/arm/arm-gnu-toolchain/bin/../lib/gcc/arm-none-eabi/5.3.1/../../../../arm-none-eabi/lib/armv7-m\libc.a(lib_a-findfp.o)
                0x00085354                __sfp_lock_release
 .text.__libc_fini_array
                0x00085358       0x28 c:/program files (x86)/atmel/studio/7.0/toolchain/arm/arm-gnu-toolchain/bin/../lib/gcc/arm-none-eabi/5.3.1/../../../../arm-none-eabi/lib/armv7-m\libc.a(lib_a-fini.o)
                0x00085358                __libc_fini_array
 .text._malloc_trim_r
                0x00085380       0x9c c:/program files (x86)/atmel/studio/7.0/toolchain/arm/arm-gnu-toolchain/bin/../lib/gcc/arm-none-eabi/5.3.1/../../../../arm-none-eabi/lib/armv7-m\libc.a(lib_a-freer.o)
                0x00085380                _malloc_trim_r
 .text._free_r  0x0008541c      0x1d0 c:/program files (x86)/atmel/studio/7.0/toolchain/arm/arm-gnu-toolchain/bin/../lib/gcc/arm-none-eabi/5.3.1/../../../../arm-none-eabi/lib/armv7-m\libc.a(lib_a-freer.o)
                0x0008541c                _free_r
 .text.__sfvwrite_r
                0x000855ec      0x308 c:/program files (x86)/atmel/studio/7.0/toolchain/arm/arm-gnu-toolchain/bin/../lib/gcc/arm-none-eabi/5.3.1/../../../../arm-none-eabi/lib/armv7-m\libc.a(lib_a-fvwrite.o)
                0x000855ec                __sfvwrite_r
 .text._fwalk_reent
                0x000858f4       0x50 c:/program files (x86)/atmel/studio/7.0/toolchain/arm/arm-gnu-toolchain/bin/../lib/gcc/arm-none-eabi/5.3.1/../../../../arm-none-eabi/lib/armv7-m\libc.a(lib_a-fwalk.o)
                0x000858f4                _fwalk_reent
 .text.__swhatbuf_r
                0x00085944       0x60 c:/program files (x86)/atmel/studio/7.0/toolchain/arm/arm-gnu-toolchain/bin/../lib/gcc/arm-none-eabi/5.3.1/../../../../arm-none-eabi/lib/armv7-m\libc.a(lib_a-makebuf.o)
                0x00085944                __swhatbuf_r
 .text.__smakebuf_r
                0x000859a4       0x88 c:/program files (x86)/atmel/studio/7.0/toolchain/arm/arm-gnu-toolchain/bin/../lib/gcc/arm-none-eabi/5.3.1/../../../../arm-none-eabi/lib/armv7-m\libc.a(lib_a-makebuf.o)
                0x000859a4                __smakebuf_r
 .text.malloc   0x00085a2c       0x10 c:/program files (x86)/atmel/studio/7.0/toolchain/arm/arm-gnu-toolchain/bin/../lib/gcc/arm-none-eabi/5.3.1/../../../../arm-none-eabi/lib/armv7-m\libc.a(lib_a-malloc.o)
                0x00085a2c                malloc
 .text._malloc_r
                0x00085a3c      0x558 c:/program files (x86)/atmel/studio/7.0/toolchain/arm/arm-gnu-toolchain/bin/../lib/gcc/arm-none-eabi/5.3.1/../../../../arm-none-eabi/lib/armv7-m\libc.a(lib_a-mallocr.o)
                0x00085a3c                _malloc_r
 .text.memchr   0x00085f94       0x8c c:/program files (x86)/atmel/studio/7.0/toolchain/arm/arm-gnu-toolchain/bin/../lib/gcc/arm-none-eabi/5.3.1/../../../../arm-none-eabi/lib/armv7-m\libc.a(lib_a-memchr-stub.o)
                0x00085f94                memchr
 .text          0x00086020       0xec c:/program files (x86)/atmel/studio/7.0/toolchain/arm/arm-gnu-toolchain/bin/../lib/gcc/arm-none-eabi/5.3.1/../../../../arm-none-eabi/lib/armv7-m\libc.a(lib_a-memcpy.o)
                0x00086020                memcpy
 .text.memmove  0x0008610c       0xc8 c:/program files (x86)/atmel/studio/7.0/toolchain/arm/arm-gnu-toolchain/bin/../lib/gcc/arm-none-eabi/5.3.1/../../../../arm-none-eabi/lib/armv7-m\libc.a(lib_a-memmove.o)
                0x0008610c                memmove
 .text.__malloc_lock
                0x000861d4        0x4 c:/program files (x86)/atmel/studio/7.0/toolchain/arm/arm-gnu-toolchain/bin/../lib/gcc/arm-none-eabi/5.3.1/../../../../arm-none-eabi/lib/armv7-m\libc.a(lib_a-mlock.o)
                0x000861d4                __malloc_lock
 .text.__malloc_unlock
                0x000861d8        0x4 c:/program files (x86)/atmel/studio/7.0/toolchain/arm/arm-gnu-toolchain/bin/../lib/gcc/arm-none-eabi/5.3.1/../../../../arm-none-eabi/lib/armv7-m\libc.a(lib_a-mlock.o)
                0x000861d8                __malloc_unlock
 .text._realloc_r
                0x000861dc      0x3d4 c:/program files (x86)/atmel/studio/7.0/toolchain/arm/arm-gnu-toolchain/bin/../lib/gcc/arm-none-eabi/5.3.1/../../../../arm-none-eabi/lib/armv7-m\libc.a(lib_a-reallocr.o)
                0x000861dc                _realloc_r
 .text._sbrk_r  0x000865b0       0x24 c:/program files (x86)/atmel/studio/7.0/toolchain/arm/arm-gnu-toolchain/bin/../lib/gcc/arm-none-eabi/5.3.1/../../../../arm-none-eabi/lib/armv7-m\libc.a(lib_a-sbrkr.o)
                0x000865b0                _sbrk_r
 .text.__sread  0x000865d4       0x24 c:/program files (x86)/atmel/studio/7.0/toolchain/arm/arm-gnu-toolchain/bin/../lib/gcc/arm-none-eabi/5.3.1/../../../../arm-none-eabi/lib/armv7-m\libc.a(lib_a-stdio.o)
                0x000865d4                __sread
 .text.__swrite
                0x000865f8       0x3c c:/program files (x86)/atmel/studio/7.0/toolchain/arm/arm-gnu-toolchain/bin/../lib/gcc/arm-none-eabi/5.3.1/../../../../arm-none-eabi/lib/armv7-m\libc.a(lib_a-stdio.o)
                0x000865f8                __swrite
 .text.__sseek  0x00086634       0x20 c:/program files (x86)/atmel/studio/7.0/toolchain/arm/arm-gnu-toolchain/bin/../lib/gcc/arm-none-eabi/5.3.1/../../../../arm-none-eabi/lib/armv7-m\libc.a(lib_a-stdio.o)
                0x00086634                __sseek
 .text.__sclose
                0x00086654        0x8 c:/program files (x86)/atmel/studio/7.0/toolchain/arm/arm-gnu-toolchain/bin/../lib/gcc/arm-none-eabi/5.3.1/../../../../arm-none-eabi/lib/armv7-m\libc.a(lib_a-stdio.o)
                0x00086654                __sclose
 .text._write_r
                0x0008665c       0x2c c:/program files (x86)/atmel/studio/7.0/toolchain/arm/arm-gnu-toolchain/bin/../lib/gcc/arm-none-eabi/5.3.1/../../../../arm-none-eabi/lib/armv7-m\libc.a(lib_a-writer.o)
                0x0008665c                _write_r
 .text.__register_exitproc
                0x00086688       0xa4 c:/program files (x86)/atmel/studio/7.0/toolchain/arm/arm-gnu-toolchain/bin/../lib/gcc/arm-none-eabi/5.3.1/../../../../arm-none-eabi/lib/armv7-m\libc.a(lib_a-__atexit.o)
                0x00086688                __register_exitproc
 .text._close_r
                0x0008672c       0x24 c:/program files (x86)/atmel/studio/7.0/toolchain/arm/arm-gnu-toolchain/bin/../lib/gcc/arm-none-eabi/5.3.1/../../../../arm-none-eabi/lib/armv7-m\libc.a(lib_a-closer.o)
                0x0008672c                _close_r
 .text._fclose_r
                0x00086750       0x84 c:/program files (x86)/atmel/studio/7.0/toolchain/arm/arm-gnu-toolchain/bin/../lib/gcc/arm-none-eabi/5.3.1/../../../../arm-none-eabi/lib/armv7-m\libc.a(lib_a-fclose.o)
                0x00086750                _fclose_r
 .text._fstat_r
                0x000867d4       0x28 c:/program files (x86)/atmel/studio/7.0/toolchain/arm/arm-gnu-toolchain/bin/../lib/gcc/arm-none-eabi/5.3.1/../../../../arm-none-eabi/lib/armv7-m\libc.a(lib_a-fstatr.o)
                0x000867d4                _fstat_r
 .text._isatty_r
                0x000867fc       0x24 c:/program files (x86)/atmel/studio/7.0/toolchain/arm/arm-gnu-toolchain/bin/../lib/gcc/arm-none-eabi/5.3.1/../../../../arm-none-eabi/lib/armv7-m\libc.a(lib_a-isattyr.o)
                0x000867fc                _isatty_r
 .text._lseek_r
                0x00086820       0x2c c:/program files (x86)/atmel/studio/7.0/toolchain/arm/arm-gnu-toolchain/bin/../lib/gcc/arm-none-eabi/5.3.1/../../../../arm-none-eabi/lib/armv7-m\libc.a(lib_a-lseekr.o)
                0x00086820                _lseek_r
 .text._read_r  0x0008684c       0x2c c:/program files (x86)/atmel/studio/7.0/toolchain/arm/arm-gnu-toolchain/bin/../lib/gcc/arm-none-eabi/5.3.1/../../../../arm-none-eabi/lib/armv7-m\libc.a(lib_a-readr.o)
                0x0008684c                _read_r
 *(.glue_7t)
 .glue_7t       0x00086878        0x0 linker stubs
 *(.glue_7)
 .glue_7        0x00086878        0x0 linker stubs
 *(.rodata .rodata* .gnu.linkonce.r.*)
 .rodata.can_bit_time
                0x00086878       0x6c src/PLATFORM/DRIVER/DD_CAN/DD_CAN.o
                0x00086878                can_bit_time
 .rodata        0x000868e4       0x46 src/PLATFORM/DRIVER/DD_CAN/DD_CAN.o
 *fill*         0x0008692a        0x2 
 .rodata        0x0008692c       0x4e src/PLATFORM/DRIVER/DD_SPI/DD_SPI.o
 *fill*         0x0008697a        0x2 
 .rodata        0x0008697c       0x4e src/PLATFORM/DRIVER/DD_CONSOLE/DD_COSOLE.o
 *fill*         0x000869ca        0x2 
 .rodata.str1.4
                0x000869cc        0x2 c:/program files (x86)/atmel/studio/7.0/toolchain/arm/arm-gnu-toolchain/bin/../lib/gcc/arm-none-eabi/5.3.1/../../../../arm-none-eabi/lib/armv7-m\libc.a(lib_a-impure.o)
 *fill*         0x000869ce        0x2 
 .rodata._global_impure_ptr
                0x000869d0        0x4 c:/program files (x86)/atmel/studio/7.0/toolchain/arm/arm-gnu-toolchain/bin/../lib/gcc/arm-none-eabi/5.3.1/../../../../arm-none-eabi/lib/armv7-m\libc.a(lib_a-impure.o)
                0x000869d0                _global_impure_ptr
 .rodata.str1.4
                0x000869d4        0x4 c:/program files (x86)/atmel/studio/7.0/toolchain/arm/arm-gnu-toolchain/bin/../lib/gcc/arm-none-eabi/5.3.1/../../../../arm-none-eabi/lib/armv7-m\libc.a(lib_a-puts.o)
                                  0x2 (size before relaxing)
 *(.ARM.extab* .gnu.linkonce.armextab.*)
                0x000869d8                . = ALIGN (0x4)
 *(.init)
 .init          0x000869d8        0x4 c:/program files (x86)/atmel/studio/7.0/toolchain/arm/arm-gnu-toolchain/bin/../lib/gcc/arm-none-eabi/5.3.1/armv7-m/crti.o
                0x000869d8                _init
 .init          0x000869dc        0x8 c:/program files (x86)/atmel/studio/7.0/toolchain/arm/arm-gnu-toolchain/bin/../lib/gcc/arm-none-eabi/5.3.1/armv7-m/crtn.o
                0x000869e4                . = ALIGN (0x4)
                0x000869e4                __preinit_array_start = .
 *(.preinit_array)
                0x000869e4                __preinit_array_end = .
                0x000869e4                . = ALIGN (0x4)
                0x000869e4                __init_array_start = .
 *(SORT(.init_array.*))
 .init_array.00000
                0x000869e4        0x4 c:/program files (x86)/atmel/studio/7.0/toolchain/arm/arm-gnu-toolchain/bin/../lib/gcc/arm-none-eabi/5.3.1/../../../../arm-none-eabi/lib/armv7-m\libc.a(lib_a-__call_atexit.o)
 *(.init_array)
 .init_array    0x000869e8        0x4 c:/program files (x86)/atmel/studio/7.0/toolchain/arm/arm-gnu-toolchain/bin/../lib/gcc/arm-none-eabi/5.3.1/armv7-m/crtbegin.o
                0x000869ec                __init_array_end = .
                0x000869ec                . = ALIGN (0x4)
 *crtbegin.o(.ctors)
 *(EXCLUDE_FILE(*crtend.o) .ctors)
 *(SORT(.ctors.*))
 *crtend.o(.ctors)
                0x000869ec                . = ALIGN (0x4)
 *(.fini)
 .fini          0x000869ec        0x4 c:/program files (x86)/atmel/studio/7.0/toolchain/arm/arm-gnu-toolchain/bin/../lib/gcc/arm-none-eabi/5.3.1/armv7-m/crti.o
                0x000869ec                _fini
 .fini          0x000869f0        0x8 c:/program files (x86)/atmel/studio/7.0/toolchain/arm/arm-gnu-toolchain/bin/../lib/gcc/arm-none-eabi/5.3.1/armv7-m/crtn.o
                0x000869f8                . = ALIGN (0x4)
                0x000869f8                __fini_array_start = .
 *(.fini_array)
 .fini_array    0x000869f8        0x4 c:/program files (x86)/atmel/studio/7.0/toolchain/arm/arm-gnu-toolchain/bin/../lib/gcc/arm-none-eabi/5.3.1/armv7-m/crtbegin.o
 *(SORT(.fini_array.*))
                0x000869fc                __fini_array_end = .
 *crtbegin.o(.dtors)
 *(EXCLUDE_FILE(*crtend.o) .dtors)
 *(SORT(.dtors.*))
 *crtend.o(.dtors)
                0x000869fc                . = ALIGN (0x4)
                0x000869fc                _efixed = .
                [!provide]                PROVIDE (__exidx_start, .)

.vfp11_veneer   0x000869fc        0x0
 .vfp11_veneer  0x000869fc        0x0 linker stubs

.v4_bx          0x000869fc        0x0
 .v4_bx         0x000869fc        0x0 linker stubs

.iplt           0x000869fc        0x0
 .iplt          0x000869fc        0x0 c:/program files (x86)/atmel/studio/7.0/toolchain/arm/arm-gnu-toolchain/bin/../lib/gcc/arm-none-eabi/5.3.1/armv7-m/crtbegin.o

.eh_frame       0x000869fc        0x0
 .eh_frame      0x000869fc        0x0 c:/program files (x86)/atmel/studio/7.0/toolchain/arm/arm-gnu-toolchain/bin/../lib/gcc/arm-none-eabi/5.3.1/armv7-m/crtbegin.o

.rel.dyn        0x000869fc        0x0
 .rel.iplt      0x000869fc        0x0 c:/program files (x86)/atmel/studio/7.0/toolchain/arm/arm-gnu-toolchain/bin/../lib/gcc/arm-none-eabi/5.3.1/armv7-m/crtbegin.o

.jcr            0x000869fc        0x0
 .jcr           0x000869fc        0x0 c:/program files (x86)/atmel/studio/7.0/toolchain/arm/arm-gnu-toolchain/bin/../lib/gcc/arm-none-eabi/5.3.1/armv7-m/crtbegin.o

.igot.plt       0x000869fc        0x0
 .igot.plt      0x000869fc        0x0 c:/program files (x86)/atmel/studio/7.0/toolchain/arm/arm-gnu-toolchain/bin/../lib/gcc/arm-none-eabi/5.3.1/armv7-m/crtbegin.o

.ARM.exidx
 *(.ARM.exidx* .gnu.linkonce.armexidx.*)
                [!provide]                PROVIDE (__exidx_end, .)
                0x000869fc                . = ALIGN (0x4)
                0x000869fc                _etext = .

.relocate       0x20070000      0x9dc load address 0x000869fc
                0x20070000                . = ALIGN (0x4)
                0x20070000                _srelocate = .
 *(.ramfunc .ramfunc.*)
 .ramfunc       0x20070000      0x18c src/ASF/sam/utils/cmsis/sam3x/source/templates/system_sam3x.o
                0x20070000                SystemInit
                0x200700d0                system_init_flash
 *(.data .data.*)
 .data.group_id_reg_id0
                0x2007018c        0x1 src/PLATFORM/DRIVER/DD_CAN/DD_CAN.o
                0x2007018c                group_id_reg_id0
 .data.group_id_reg_id1
                0x2007018d        0x1 src/PLATFORM/DRIVER/DD_CAN/DD_CAN.o
                0x2007018d                group_id_reg_id1
 .data.group_id_reg_id2
                0x2007018e        0x1 src/PLATFORM/DRIVER/DD_CAN/DD_CAN.o
                0x2007018e                group_id_reg_id2
 .data.group_id_reg_id3
                0x2007018f        0x1 src/PLATFORM/DRIVER/DD_CAN/DD_CAN.o
                0x2007018f                group_id_reg_id3
 .data.group_id_reg_id4
                0x20070190        0x1 src/PLATFORM/DRIVER/DD_CAN/DD_CAN.o
                0x20070190                group_id_reg_id4
 .data.group_id_reg_id5
                0x20070191        0x1 src/PLATFORM/DRIVER/DD_CAN/DD_CAN.o
                0x20070191                group_id_reg_id5
 .data.group_id_reg_id6
                0x20070192        0x1 src/PLATFORM/DRIVER/DD_CAN/DD_CAN.o
                0x20070192                group_id_reg_id6
 *fill*         0x20070193        0x1 
 .data.gs_ul_spi_clock
                0x20070194        0x4 src/PLATFORM/DRIVER/DD_SPI/DD_SPI.o
 .data.SystemCoreClock
                0x20070198        0x4 src/ASF/sam/utils/cmsis/sam3x/source/templates/system_sam3x.o
                0x20070198                SystemCoreClock
 *fill*         0x2007019c        0x4 
 .data.impure_data
                0x200701a0      0x428 c:/program files (x86)/atmel/studio/7.0/toolchain/arm/arm-gnu-toolchain/bin/../lib/gcc/arm-none-eabi/5.3.1/../../../../arm-none-eabi/lib/armv7-m\libc.a(lib_a-impure.o)
 .data._impure_ptr
                0x200705c8        0x4 c:/program files (x86)/atmel/studio/7.0/toolchain/arm/arm-gnu-toolchain/bin/../lib/gcc/arm-none-eabi/5.3.1/../../../../arm-none-eabi/lib/armv7-m\libc.a(lib_a-impure.o)
                0x200705c8                _impure_ptr
 .data.__malloc_av_
                0x200705cc      0x408 c:/program files (x86)/atmel/studio/7.0/toolchain/arm/arm-gnu-toolchain/bin/../lib/gcc/arm-none-eabi/5.3.1/../../../../arm-none-eabi/lib/armv7-m\libc.a(lib_a-mallocr.o)
                0x200705cc                __malloc_av_
 .data.__malloc_trim_threshold
                0x200709d4        0x4 c:/program files (x86)/atmel/studio/7.0/toolchain/arm/arm-gnu-toolchain/bin/../lib/gcc/arm-none-eabi/5.3.1/../../../../arm-none-eabi/lib/armv7-m\libc.a(lib_a-mallocr.o)
                0x200709d4                __malloc_trim_threshold
 .data.__malloc_sbrk_base
                0x200709d8        0x4 c:/program files (x86)/atmel/studio/7.0/toolchain/arm/arm-gnu-toolchain/bin/../lib/gcc/arm-none-eabi/5.3.1/../../../../arm-none-eabi/lib/armv7-m\libc.a(lib_a-mallocr.o)
                0x200709d8                __malloc_sbrk_base
                0x200709dc                . = ALIGN (0x4)
                0x200709dc                _erelocate = .

.bss            0x200709dc      0x178 load address 0x000873d8
                0x200709dc                . = ALIGN (0x4)
                0x200709dc                _sbss = .
                0x200709dc                _szero = .
 *(.bss .bss.*)
 .bss           0x200709dc       0x1c c:/program files (x86)/atmel/studio/7.0/toolchain/arm/arm-gnu-toolchain/bin/../lib/gcc/arm-none-eabi/5.3.1/armv7-m/crtbegin.o
 .bss.g_ul_recv_status
                0x200709f8        0x4 src/PLATFORM/DRIVER/DD_CAN/DD_CAN.o
                0x200709f8                g_ul_recv_status
 .bss.master_requested_sensor_data
                0x200709fc        0x1 src/PLATFORM/DRIVER/DD_CAN/DD_CAN.o
                0x200709fc                master_requested_sensor_data
 .bss.SPI_CHIP_SEL
                0x200709fd        0x1 src/PLATFORM/DRIVER/DD_SPI/DD_SPI.o
                0x200709fd                SPI_CHIP_SEL
 .bss.data.8765
                0x200709fe        0x1 src/PLATFORM/DRIVER/DD_SPI/DD_SPI.o
 *fill*         0x200709ff        0x1 
 .bss.reg_value.8802
                0x20070a00        0x4 src/PLATFORM/DRIVER/DD_SPI/DD_SPI.o
 .bss.ul_reg_val.7380
                0x20070a04        0x4 src/ASF/sam/drivers/usart/usart.o
 .bss.gs_interrupt_sources
                0x20070a08       0x70 src/ASF/sam/drivers/pio/pio_handler.o
 .bss.heap.5287
                0x20070a78        0x4 src/ASF/sam/utils/syscalls/gcc/syscalls.o
 .bss.__malloc_max_total_mem
                0x20070a7c        0x4 c:/program files (x86)/atmel/studio/7.0/toolchain/arm/arm-gnu-toolchain/bin/../lib/gcc/arm-none-eabi/5.3.1/../../../../arm-none-eabi/lib/armv7-m\libc.a(lib_a-mallocr.o)
                0x20070a7c                __malloc_max_total_mem
 .bss.__malloc_max_sbrked_mem
                0x20070a80        0x4 c:/program files (x86)/atmel/studio/7.0/toolchain/arm/arm-gnu-toolchain/bin/../lib/gcc/arm-none-eabi/5.3.1/../../../../arm-none-eabi/lib/armv7-m\libc.a(lib_a-mallocr.o)
                0x20070a80                __malloc_max_sbrked_mem
 .bss.__malloc_top_pad
                0x20070a84        0x4 c:/program files (x86)/atmel/studio/7.0/toolchain/arm/arm-gnu-toolchain/bin/../lib/gcc/arm-none-eabi/5.3.1/../../../../arm-none-eabi/lib/armv7-m\libc.a(lib_a-mallocr.o)
                0x20070a84                __malloc_top_pad
 .bss.__malloc_current_mallinfo
                0x20070a88       0x28 c:/program files (x86)/atmel/studio/7.0/toolchain/arm/arm-gnu-toolchain/bin/../lib/gcc/arm-none-eabi/5.3.1/../../../../arm-none-eabi/lib/armv7-m\libc.a(lib_a-mallocr.o)
                0x20070a88                __malloc_current_mallinfo
 *(COMMON)
 COMMON         0x20070ab0        0x4 src/ASF/common/utils/stdio/read.o
                0x20070ab0                ptr_get
 COMMON         0x20070ab4       0x30 src/PLATFORM/DRIVER/DD_CAN/DD_CAN.o
                0x20070ab4                DD_CPU_COMMAND
                0x20070ab8                can0_mailbox
                0x20070ad8                group_id_reg
                0x20070adc                can0_transceiver
 COMMON         0x20070ae4        0x2 src/PLATFORM/DRIVER/DD_SPI/DD_SPI.o
                0x20070ae4                spi_data
 *fill*         0x20070ae6        0x2 
 COMMON         0x20070ae8       0x16 src/PLATFORM/DRIVER/DD_SYS/DD_SYS.o
                0x20070ae8                command_data_array
                0x20070afc                GAIN_FACTOR
 *fill*         0x20070afe        0x2 
 COMMON         0x20070b00        0x8 src/ASF/common/utils/stdio/write.o
                0x20070b00                ptr_put
                0x20070b04                stdio_base
 COMMON         0x20070b08       0x48 src/SENSOR_CPU.o
                0x20070b08                sensor_data
                0x20070b2c                g_sensor_data
 COMMON         0x20070b50        0x4 c:/program files (x86)/atmel/studio/7.0/toolchain/arm/arm-gnu-toolchain/bin/../lib/gcc/arm-none-eabi/5.3.1/../../../../arm-none-eabi/lib/armv7-m\libc.a(lib_a-reent.o)
                0x20070b50                errno
                0x20070b54                . = ALIGN (0x4)
                0x20070b54                _ebss = .
                0x20070b54                _ezero = .

.stack          0x20070b54     0x2004 load address 0x00087550
                0x20070b58                . = ALIGN (0x8)
 *fill*         0x20070b54        0x4 
                0x20070b58                _sstack = .
                0x20072b58                . = (. + __stack_size__)
 *fill*         0x20070b58     0x2000 
                0x20072b58                . = ALIGN (0x8)
                0x20072b58                _estack = .
                0x20072b58                . = ALIGN (0x4)
                0x20072b58                _end = .
OUTPUT(SENSOR_CPU.elf elf32-littlearm)

.ARM.attributes
                0x00000000       0x29
 .ARM.attributes
                0x00000000       0x1d c:/program files (x86)/atmel/studio/7.0/toolchain/arm/arm-gnu-toolchain/bin/../lib/gcc/arm-none-eabi/5.3.1/armv7-m/crti.o
 .ARM.attributes
                0x0000001d       0x2d c:/program files (x86)/atmel/studio/7.0/toolchain/arm/arm-gnu-toolchain/bin/../lib/gcc/arm-none-eabi/5.3.1/armv7-m/crtbegin.o
 .ARM.attributes
                0x0000004a       0x33 src/ASF/common/utils/stdio/read.o
 .ARM.attributes
                0x0000007d       0x33 src/PLATFORM/DRIVER/DD_CAN/DD_CAN.o
 .ARM.attributes
                0x000000b0       0x33 src/PLATFORM/DRIVER/DD_CLOCK/DD_CLOCK.o
 .ARM.attributes
                0x000000e3       0x33 src/PLATFORM/DRIVER/DD_CS1_TS/DD_CS1_TS.o
 .ARM.attributes
                0x00000116       0x33 src/PLATFORM/DRIVER/DD_CS2_TS/DD_CS2_TS.o
 .ARM.attributes
                0x00000149       0x33 src/PLATFORM/DRIVER/DD_CS3_TS/DD_CS3_TS.o
 .ARM.attributes
                0x0000017c       0x33 src/PLATFORM/DRIVER/DD_GPIO/DD_GPIO.o
 .ARM.attributes
                0x000001af       0x33 src/PLATFORM/DRIVER/DD_PS1/DD_PS1.o
 .ARM.attributes
                0x000001e2       0x33 src/PLATFORM/DRIVER/DD_PS2/DD_PS2.o
 .ARM.attributes
                0x00000215       0x33 src/PLATFORM/DRIVER/DD_PS3/DD_PS3.o
 .ARM.attributes
                0x00000248       0x33 src/PLATFORM/DRIVER/DD_SPI/DD_SPI.o
 .ARM.attributes
                0x0000027b       0x33 src/PLATFORM/DRIVER/DD_SYS/DD_SYS.o
 .ARM.attributes
                0x000002ae       0x33 src/PLATFORM/DRIVER/DD_TS1/DD_TS1.o
 .ARM.attributes
                0x000002e1       0x33 src/PLATFORM/DRIVER/DD_TS2/DD_TS2.o
 .ARM.attributes
                0x00000314       0x33 src/PLATFORM/DRIVER/DD_TS3/DD_TS3.o
 .ARM.attributes
                0x00000347       0x33 src/PLATFORM/SERVICE/SV_STATUS/SV_STATUS.o
 .ARM.attributes
                0x0000037a       0x33 src/PLATFORM/SERVICE/SV_SYS/SV_SYS.o
 .ARM.attributes
                0x000003ad       0x33 src/ASF/common/utils/stdio/write.o
 .ARM.attributes
                0x000003e0       0x33 src/ASF/sam/drivers/usart/usart.o
 .ARM.attributes
                0x00000413       0x33 src/ASF/sam/drivers/uart/uart.o
 .ARM.attributes
                0x00000446       0x33 src/PLATFORM/DRIVER/DD_CONSOLE/DD_COSOLE.o
 .ARM.attributes
                0x00000479       0x33 src/ASF/common/services/clock/sam3x/sysclk.o
 .ARM.attributes
                0x000004ac       0x33 src/ASF/sam/boards/arduino_due_x/init.o
 .ARM.attributes
                0x000004df       0x33 src/ASF/sam/drivers/pio/pio.o
 .ARM.attributes
                0x00000512       0x33 src/ASF/sam/drivers/pio/pio_handler.o
 .ARM.attributes
                0x00000545       0x33 src/ASF/sam/drivers/pmc/pmc.o
 .ARM.attributes
                0x00000578       0x33 src/ASF/sam/utils/cmsis/sam3x/source/templates/exceptions.o
 .ARM.attributes
                0x000005ab       0x33 src/ASF/sam/utils/cmsis/sam3x/source/templates/gcc/startup_sam3x.o
 .ARM.attributes
                0x000005de       0x33 src/ASF/sam/utils/cmsis/sam3x/source/templates/system_sam3x.o
 .ARM.attributes
                0x00000611       0x33 src/ASF/sam/utils/syscalls/gcc/syscalls.o
 .ARM.attributes
                0x00000644       0x33 src/SENSOR_CPU.o
 .ARM.attributes
                0x00000677       0x2d c:/program files (x86)/atmel/studio/7.0/toolchain/arm/arm-gnu-toolchain/bin/../lib/gcc/arm-none-eabi/5.3.1/../../../../arm-none-eabi/lib/armv7-m\libc.a(lib_a-impure.o)
 .ARM.attributes
                0x000006a4       0x2d c:/program files (x86)/atmel/studio/7.0/toolchain/arm/arm-gnu-toolchain/bin/../lib/gcc/arm-none-eabi/5.3.1/../../../../arm-none-eabi/lib/armv7-m\libc.a(lib_a-init.o)
 .ARM.attributes
                0x000006d1       0x2d c:/program files (x86)/atmel/studio/7.0/toolchain/arm/arm-gnu-toolchain/bin/../lib/gcc/arm-none-eabi/5.3.1/../../../../arm-none-eabi/lib/armv7-m\libc.a(lib_a-memset.o)
 .ARM.attributes
                0x000006fe       0x2d c:/program files (x86)/atmel/studio/7.0/toolchain/arm/arm-gnu-toolchain/bin/../lib/gcc/arm-none-eabi/5.3.1/../../../../arm-none-eabi/lib/armv7-m\libc.a(lib_a-puts.o)
 .ARM.attributes
                0x0000072b       0x2d c:/program files (x86)/atmel/studio/7.0/toolchain/arm/arm-gnu-toolchain/bin/../lib/gcc/arm-none-eabi/5.3.1/../../../../arm-none-eabi/lib/armv7-m\libc.a(lib_a-setbuf.o)
 .ARM.attributes
                0x00000758       0x2d c:/program files (x86)/atmel/studio/7.0/toolchain/arm/arm-gnu-toolchain/bin/../lib/gcc/arm-none-eabi/5.3.1/../../../../arm-none-eabi/lib/armv7-m\libc.a(lib_a-setvbuf.o)
 .ARM.attributes
                0x00000785       0x2d c:/program files (x86)/atmel/studio/7.0/toolchain/arm/arm-gnu-toolchain/bin/../lib/gcc/arm-none-eabi/5.3.1/../../../../arm-none-eabi/lib/armv7-m\libc.a(lib_a-strlen-stub.o)
 .ARM.attributes
                0x000007b2       0x2d c:/program files (x86)/atmel/studio/7.0/toolchain/arm/arm-gnu-toolchain/bin/../lib/gcc/arm-none-eabi/5.3.1/../../../../arm-none-eabi/lib/armv7-m\libc.a(lib_a-wsetup.o)
 .ARM.attributes
                0x000007df       0x2d c:/program files (x86)/atmel/studio/7.0/toolchain/arm/arm-gnu-toolchain/bin/../lib/gcc/arm-none-eabi/5.3.1/../../../../arm-none-eabi/lib/armv7-m\libc.a(lib_a-__call_atexit.o)
 .ARM.attributes
                0x0000080c       0x2d c:/program files (x86)/atmel/studio/7.0/toolchain/arm/arm-gnu-toolchain/bin/../lib/gcc/arm-none-eabi/5.3.1/../../../../arm-none-eabi/lib/armv7-m\libc.a(lib_a-atexit.o)
 .ARM.attributes
                0x00000839       0x2d c:/program files (x86)/atmel/studio/7.0/toolchain/arm/arm-gnu-toolchain/bin/../lib/gcc/arm-none-eabi/5.3.1/../../../../arm-none-eabi/lib/armv7-m\libc.a(lib_a-fflush.o)
 .ARM.attributes
                0x00000866       0x2d c:/program files (x86)/atmel/studio/7.0/toolchain/arm/arm-gnu-toolchain/bin/../lib/gcc/arm-none-eabi/5.3.1/../../../../arm-none-eabi/lib/armv7-m\libc.a(lib_a-findfp.o)
 .ARM.attributes
                0x00000893       0x2d c:/program files (x86)/atmel/studio/7.0/toolchain/arm/arm-gnu-toolchain/bin/../lib/gcc/arm-none-eabi/5.3.1/../../../../arm-none-eabi/lib/armv7-m\libc.a(lib_a-fini.o)
 .ARM.attributes
                0x000008c0       0x2d c:/program files (x86)/atmel/studio/7.0/toolchain/arm/arm-gnu-toolchain/bin/../lib/gcc/arm-none-eabi/5.3.1/../../../../arm-none-eabi/lib/armv7-m\libc.a(lib_a-freer.o)
 .ARM.attributes
                0x000008ed       0x2d c:/program files (x86)/atmel/studio/7.0/toolchain/arm/arm-gnu-toolchain/bin/../lib/gcc/arm-none-eabi/5.3.1/../../../../arm-none-eabi/lib/armv7-m\libc.a(lib_a-fvwrite.o)
 .ARM.attributes
                0x0000091a       0x2d c:/program files (x86)/atmel/studio/7.0/toolchain/arm/arm-gnu-toolchain/bin/../lib/gcc/arm-none-eabi/5.3.1/../../../../arm-none-eabi/lib/armv7-m\libc.a(lib_a-fwalk.o)
 .ARM.attributes
                0x00000947       0x2d c:/program files (x86)/atmel/studio/7.0/toolchain/arm/arm-gnu-toolchain/bin/../lib/gcc/arm-none-eabi/5.3.1/../../../../arm-none-eabi/lib/armv7-m\libc.a(lib_a-makebuf.o)
 .ARM.attributes
                0x00000974       0x2d c:/program files (x86)/atmel/studio/7.0/toolchain/arm/arm-gnu-toolchain/bin/../lib/gcc/arm-none-eabi/5.3.1/../../../../arm-none-eabi/lib/armv7-m\libc.a(lib_a-malloc.o)
 .ARM.attributes
                0x000009a1       0x2d c:/program files (x86)/atmel/studio/7.0/toolchain/arm/arm-gnu-toolchain/bin/../lib/gcc/arm-none-eabi/5.3.1/../../../../arm-none-eabi/lib/armv7-m\libc.a(lib_a-mallocr.o)
 .ARM.attributes
                0x000009ce       0x2d c:/program files (x86)/atmel/studio/7.0/toolchain/arm/arm-gnu-toolchain/bin/../lib/gcc/arm-none-eabi/5.3.1/../../../../arm-none-eabi/lib/armv7-m\libc.a(lib_a-memchr-stub.o)
 .ARM.attributes
                0x000009fb       0x1b c:/program files (x86)/atmel/studio/7.0/toolchain/arm/arm-gnu-toolchain/bin/../lib/gcc/arm-none-eabi/5.3.1/../../../../arm-none-eabi/lib/armv7-m\libc.a(lib_a-memcpy.o)
 .ARM.attributes
                0x00000a16       0x2d c:/program files (x86)/atmel/studio/7.0/toolchain/arm/arm-gnu-toolchain/bin/../lib/gcc/arm-none-eabi/5.3.1/../../../../arm-none-eabi/lib/armv7-m\libc.a(lib_a-memmove.o)
 .ARM.attributes
                0x00000a43       0x2d c:/program files (x86)/atmel/studio/7.0/toolchain/arm/arm-gnu-toolchain/bin/../lib/gcc/arm-none-eabi/5.3.1/../../../../arm-none-eabi/lib/armv7-m\libc.a(lib_a-mlock.o)
 .ARM.attributes
                0x00000a70       0x2d c:/program files (x86)/atmel/studio/7.0/toolchain/arm/arm-gnu-toolchain/bin/../lib/gcc/arm-none-eabi/5.3.1/../../../../arm-none-eabi/lib/armv7-m\libc.a(lib_a-reallocr.o)
 .ARM.attributes
                0x00000a9d       0x2d c:/program files (x86)/atmel/studio/7.0/toolchain/arm/arm-gnu-toolchain/bin/../lib/gcc/arm-none-eabi/5.3.1/../../../../arm-none-eabi/lib/armv7-m\libc.a(lib_a-sbrkr.o)
 .ARM.attributes
                0x00000aca       0x2d c:/program files (x86)/atmel/studio/7.0/toolchain/arm/arm-gnu-toolchain/bin/../lib/gcc/arm-none-eabi/5.3.1/../../../../arm-none-eabi/lib/armv7-m\libc.a(lib_a-stdio.o)
 .ARM.attributes
                0x00000af7       0x2d c:/program files (x86)/atmel/studio/7.0/toolchain/arm/arm-gnu-toolchain/bin/../lib/gcc/arm-none-eabi/5.3.1/../../../../arm-none-eabi/lib/armv7-m\libc.a(lib_a-writer.o)
 .ARM.attributes
                0x00000b24       0x2d c:/program files (x86)/atmel/studio/7.0/toolchain/arm/arm-gnu-toolchain/bin/../lib/gcc/arm-none-eabi/5.3.1/../../../../arm-none-eabi/lib/armv7-m\libc.a(lib_a-__atexit.o)
 .ARM.attributes
                0x00000b51       0x2d c:/program files (x86)/atmel/studio/7.0/toolchain/arm/arm-gnu-toolchain/bin/../lib/gcc/arm-none-eabi/5.3.1/../../../../arm-none-eabi/lib/armv7-m\libc.a(lib_a-closer.o)
 .ARM.attributes
                0x00000b7e       0x2d c:/program files (x86)/atmel/studio/7.0/toolchain/arm/arm-gnu-toolchain/bin/../lib/gcc/arm-none-eabi/5.3.1/../../../../arm-none-eabi/lib/armv7-m\libc.a(lib_a-fclose.o)
 .ARM.attributes
                0x00000bab       0x2d c:/program files (x86)/atmel/studio/7.0/toolchain/arm/arm-gnu-toolchain/bin/../lib/gcc/arm-none-eabi/5.3.1/../../../../arm-none-eabi/lib/armv7-m\libc.a(lib_a-fstatr.o)
 .ARM.attributes
                0x00000bd8       0x2d c:/program files (x86)/atmel/studio/7.0/toolchain/arm/arm-gnu-toolchain/bin/../lib/gcc/arm-none-eabi/5.3.1/../../../../arm-none-eabi/lib/armv7-m\libc.a(lib_a-isattyr.o)
 .ARM.attributes
                0x00000c05       0x2d c:/program files (x86)/atmel/studio/7.0/toolchain/arm/arm-gnu-toolchain/bin/../lib/gcc/arm-none-eabi/5.3.1/../../../../arm-none-eabi/lib/armv7-m\libc.a(lib_a-lseekr.o)
 .ARM.attributes
                0x00000c32       0x2d c:/program files (x86)/atmel/studio/7.0/toolchain/arm/arm-gnu-toolchain/bin/../lib/gcc/arm-none-eabi/5.3.1/../../../../arm-none-eabi/lib/armv7-m\libc.a(lib_a-readr.o)
 .ARM.attributes
                0x00000c5f       0x2d c:/program files (x86)/atmel/studio/7.0/toolchain/arm/arm-gnu-toolchain/bin/../lib/gcc/arm-none-eabi/5.3.1/../../../../arm-none-eabi/lib/armv7-m\libc.a(lib_a-reent.o)
 .ARM.attributes
                0x00000c8c       0x1d c:/program files (x86)/atmel/studio/7.0/toolchain/arm/arm-gnu-toolchain/bin/../lib/gcc/arm-none-eabi/5.3.1/armv7-m/crtn.o

.comment        0x00000000       0x59
 .comment       0x00000000       0x59 src/ASF/common/utils/stdio/read.o
                                 0x5a (size before relaxing)
 .comment       0x00000059       0x5a src/PLATFORM/DRIVER/DD_CAN/DD_CAN.o
 .comment       0x00000059       0x5a src/PLATFORM/DRIVER/DD_CLOCK/DD_CLOCK.o
 .comment       0x00000059       0x5a src/PLATFORM/DRIVER/DD_CS1_TS/DD_CS1_TS.o
 .comment       0x00000059       0x5a src/PLATFORM/DRIVER/DD_CS2_TS/DD_CS2_TS.o
 .comment       0x00000059       0x5a src/PLATFORM/DRIVER/DD_CS3_TS/DD_CS3_TS.o
 .comment       0x00000059       0x5a src/PLATFORM/DRIVER/DD_GPIO/DD_GPIO.o
 .comment       0x00000059       0x5a src/PLATFORM/DRIVER/DD_PS1/DD_PS1.o
 .comment       0x00000059       0x5a src/PLATFORM/DRIVER/DD_PS2/DD_PS2.o
 .comment       0x00000059       0x5a src/PLATFORM/DRIVER/DD_PS3/DD_PS3.o
 .comment       0x00000059       0x5a src/PLATFORM/DRIVER/DD_SPI/DD_SPI.o
 .comment       0x00000059       0x5a src/PLATFORM/DRIVER/DD_SYS/DD_SYS.o
 .comment       0x00000059       0x5a src/PLATFORM/DRIVER/DD_TS1/DD_TS1.o
 .comment       0x00000059       0x5a src/PLATFORM/DRIVER/DD_TS2/DD_TS2.o
 .comment       0x00000059       0x5a src/PLATFORM/DRIVER/DD_TS3/DD_TS3.o
 .comment       0x00000059       0x5a src/PLATFORM/SERVICE/SV_STATUS/SV_STATUS.o
 .comment       0x00000059       0x5a src/PLATFORM/SERVICE/SV_SYS/SV_SYS.o
 .comment       0x00000059       0x5a src/ASF/common/utils/stdio/write.o
 .comment       0x00000059       0x5a src/ASF/sam/drivers/usart/usart.o
 .comment       0x00000059       0x5a src/ASF/sam/drivers/uart/uart.o
 .comment       0x00000059       0x5a src/PLATFORM/DRIVER/DD_CONSOLE/DD_COSOLE.o
 .comment       0x00000059       0x5a src/ASF/common/services/clock/sam3x/sysclk.o
 .comment       0x00000059       0x5a src/ASF/sam/boards/arduino_due_x/init.o
 .comment       0x00000059       0x5a src/ASF/sam/drivers/pio/pio.o
 .comment       0x00000059       0x5a src/ASF/sam/drivers/pio/pio_handler.o
 .comment       0x00000059       0x5a src/ASF/sam/drivers/pmc/pmc.o
 .comment       0x00000059       0x5a src/ASF/sam/utils/cmsis/sam3x/source/templates/exceptions.o
 .comment       0x00000059       0x5a src/ASF/sam/utils/cmsis/sam3x/source/templates/gcc/startup_sam3x.o
 .comment       0x00000059       0x5a src/ASF/sam/utils/cmsis/sam3x/source/templates/system_sam3x.o
 .comment       0x00000059       0x5a src/ASF/sam/utils/syscalls/gcc/syscalls.o
 .comment       0x00000059       0x5a src/SENSOR_CPU.o

.debug_info     0x00000000    0x16bce
 .debug_info    0x00000000      0x1ae src/ASF/common/utils/stdio/read.o
 .debug_info    0x000001ae     0x18a8 src/PLATFORM/DRIVER/DD_CAN/DD_CAN.o
 .debug_info    0x00001a56      0xd27 src/PLATFORM/DRIVER/DD_CLOCK/DD_CLOCK.o
 .debug_info    0x0000277d      0xb1e src/PLATFORM/DRIVER/DD_CS1_TS/DD_CS1_TS.o
 .debug_info    0x0000329b      0xb1e src/PLATFORM/DRIVER/DD_CS2_TS/DD_CS2_TS.o
 .debug_info    0x00003db9      0xb1e src/PLATFORM/DRIVER/DD_CS3_TS/DD_CS3_TS.o
 .debug_info    0x000048d7     0x126a src/PLATFORM/DRIVER/DD_GPIO/DD_GPIO.o
 .debug_info    0x00005b41      0xc69 src/PLATFORM/DRIVER/DD_PS1/DD_PS1.o
 .debug_info    0x000067aa      0xc69 src/PLATFORM/DRIVER/DD_PS2/DD_PS2.o
 .debug_info    0x00007413      0xc69 src/PLATFORM/DRIVER/DD_PS3/DD_PS3.o
 .debug_info    0x0000807c     0x1160 src/PLATFORM/DRIVER/DD_SPI/DD_SPI.o
 .debug_info    0x000091dc     0x15f6 src/PLATFORM/DRIVER/DD_SYS/DD_SYS.o
 .debug_info    0x0000a7d2      0xb1e src/PLATFORM/DRIVER/DD_TS1/DD_TS1.o
 .debug_info    0x0000b2f0      0xb1e src/PLATFORM/DRIVER/DD_TS2/DD_TS2.o
 .debug_info    0x0000be0e      0xb56 src/PLATFORM/DRIVER/DD_TS3/DD_TS3.o
 .debug_info    0x0000c964     0x1062 src/PLATFORM/SERVICE/SV_STATUS/SV_STATUS.o
 .debug_info    0x0000d9c6      0xa5a src/PLATFORM/SERVICE/SV_SYS/SV_SYS.o
 .debug_info    0x0000e420      0x1bc src/ASF/common/utils/stdio/write.o
 .debug_info    0x0000e5dc     0x18ab src/ASF/sam/drivers/usart/usart.o
 .debug_info    0x0000fe87      0x8a6 src/ASF/sam/drivers/uart/uart.o
 .debug_info    0x0001072d     0x11aa src/PLATFORM/DRIVER/DD_CONSOLE/DD_COSOLE.o
 .debug_info    0x000118d7      0x6bf src/ASF/common/services/clock/sam3x/sysclk.o
 .debug_info    0x00011f96      0x5ec src/ASF/sam/boards/arduino_due_x/init.o
 .debug_info    0x00012582      0xed2 src/ASF/sam/drivers/pio/pio.o
 .debug_info    0x00013454      0xcc0 src/ASF/sam/drivers/pio/pio_handler.o
 .debug_info    0x00014114     0x108d src/ASF/sam/drivers/pmc/pmc.o
 .debug_info    0x000151a1      0x125 src/ASF/sam/utils/cmsis/sam3x/source/templates/exceptions.o
 .debug_info    0x000152c6      0x3c6 src/ASF/sam/utils/cmsis/sam3x/source/templates/gcc/startup_sam3x.o
 .debug_info    0x0001568c      0x4ca src/ASF/sam/utils/cmsis/sam3x/source/templates/system_sam3x.o
 .debug_info    0x00015b56      0x435 src/ASF/sam/utils/syscalls/gcc/syscalls.o
 .debug_info    0x00015f8b      0xc43 src/SENSOR_CPU.o

.debug_abbrev   0x00000000     0x36ff
 .debug_abbrev  0x00000000       0xdd src/ASF/common/utils/stdio/read.o
 .debug_abbrev  0x000000dd      0x310 src/PLATFORM/DRIVER/DD_CAN/DD_CAN.o
 .debug_abbrev  0x000003ed      0x1e5 src/PLATFORM/DRIVER/DD_CLOCK/DD_CLOCK.o
 .debug_abbrev  0x000005d2      0x1c3 src/PLATFORM/DRIVER/DD_CS1_TS/DD_CS1_TS.o
 .debug_abbrev  0x00000795      0x1c3 src/PLATFORM/DRIVER/DD_CS2_TS/DD_CS2_TS.o
 .debug_abbrev  0x00000958      0x1c3 src/PLATFORM/DRIVER/DD_CS3_TS/DD_CS3_TS.o
 .debug_abbrev  0x00000b1b      0x1ff src/PLATFORM/DRIVER/DD_GPIO/DD_GPIO.o
 .debug_abbrev  0x00000d1a      0x1ce src/PLATFORM/DRIVER/DD_PS1/DD_PS1.o
 .debug_abbrev  0x00000ee8      0x1ce src/PLATFORM/DRIVER/DD_PS2/DD_PS2.o
 .debug_abbrev  0x000010b6      0x1ce src/PLATFORM/DRIVER/DD_PS3/DD_PS3.o
 .debug_abbrev  0x00001284      0x2dc src/PLATFORM/DRIVER/DD_SPI/DD_SPI.o
 .debug_abbrev  0x00001560      0x27d src/PLATFORM/DRIVER/DD_SYS/DD_SYS.o
 .debug_abbrev  0x000017dd      0x1c3 src/PLATFORM/DRIVER/DD_TS1/DD_TS1.o
 .debug_abbrev  0x000019a0      0x1c3 src/PLATFORM/DRIVER/DD_TS2/DD_TS2.o
 .debug_abbrev  0x00001b63      0x1ce src/PLATFORM/DRIVER/DD_TS3/DD_TS3.o
 .debug_abbrev  0x00001d31      0x24f src/PLATFORM/SERVICE/SV_STATUS/SV_STATUS.o
 .debug_abbrev  0x00001f80      0x1a0 src/PLATFORM/SERVICE/SV_SYS/SV_SYS.o
 .debug_abbrev  0x00002120       0xe6 src/ASF/common/utils/stdio/write.o
 .debug_abbrev  0x00002206      0x21d src/ASF/sam/drivers/usart/usart.o
 .debug_abbrev  0x00002423      0x183 src/ASF/sam/drivers/uart/uart.o
 .debug_abbrev  0x000025a6      0x2e0 src/PLATFORM/DRIVER/DD_CONSOLE/DD_COSOLE.o
 .debug_abbrev  0x00002886      0x1dd src/ASF/common/services/clock/sam3x/sysclk.o
 .debug_abbrev  0x00002a63      0x14e src/ASF/sam/boards/arduino_due_x/init.o
 .debug_abbrev  0x00002bb1      0x1b1 src/ASF/sam/drivers/pio/pio.o
 .debug_abbrev  0x00002d62      0x21a src/ASF/sam/drivers/pio/pio_handler.o
 .debug_abbrev  0x00002f7c      0x20d src/ASF/sam/drivers/pmc/pmc.o
 .debug_abbrev  0x00003189       0x8c src/ASF/sam/utils/cmsis/sam3x/source/templates/exceptions.o
 .debug_abbrev  0x00003215      0x100 src/ASF/sam/utils/cmsis/sam3x/source/templates/gcc/startup_sam3x.o
 .debug_abbrev  0x00003315      0x115 src/ASF/sam/utils/cmsis/sam3x/source/templates/system_sam3x.o
 .debug_abbrev  0x0000342a      0x120 src/ASF/sam/utils/syscalls/gcc/syscalls.o
 .debug_abbrev  0x0000354a      0x1b5 src/SENSOR_CPU.o

.debug_loc      0x00000000     0x739e
 .debug_loc     0x00000000       0x50 src/ASF/common/utils/stdio/read.o
 .debug_loc     0x00000050      0x326 src/PLATFORM/DRIVER/DD_CAN/DD_CAN.o
 .debug_loc     0x00000376       0x88 src/PLATFORM/DRIVER/DD_CLOCK/DD_CLOCK.o
 .debug_loc     0x000003fe       0x50 src/PLATFORM/DRIVER/DD_CS1_TS/DD_CS1_TS.o
 .debug_loc     0x0000044e       0x50 src/PLATFORM/DRIVER/DD_CS2_TS/DD_CS2_TS.o
 .debug_loc     0x0000049e       0x50 src/PLATFORM/DRIVER/DD_CS3_TS/DD_CS3_TS.o
 .debug_loc     0x000004ee      0x66c src/PLATFORM/DRIVER/DD_GPIO/DD_GPIO.o
 .debug_loc     0x00000b5a       0x50 src/PLATFORM/DRIVER/DD_PS1/DD_PS1.o
 .debug_loc     0x00000baa       0x50 src/PLATFORM/DRIVER/DD_PS2/DD_PS2.o
 .debug_loc     0x00000bfa       0x50 src/PLATFORM/DRIVER/DD_PS3/DD_PS3.o
 .debug_loc     0x00000c4a      0x5c4 src/PLATFORM/DRIVER/DD_SPI/DD_SPI.o
 .debug_loc     0x0000120e      0x57a src/PLATFORM/DRIVER/DD_SYS/DD_SYS.o
 .debug_loc     0x00001788       0x50 src/PLATFORM/DRIVER/DD_TS1/DD_TS1.o
 .debug_loc     0x000017d8       0x50 src/PLATFORM/DRIVER/DD_TS2/DD_TS2.o
 .debug_loc     0x00001828       0x50 src/PLATFORM/DRIVER/DD_TS3/DD_TS3.o
 .debug_loc     0x00001878      0x142 src/PLATFORM/SERVICE/SV_STATUS/SV_STATUS.o
 .debug_loc     0x000019ba       0x2c src/PLATFORM/SERVICE/SV_SYS/SV_SYS.o
 .debug_loc     0x000019e6       0x50 src/ASF/common/utils/stdio/write.o
 .debug_loc     0x00001a36     0x1e9c src/ASF/sam/drivers/usart/usart.o
 .debug_loc     0x000038d2      0x958 src/ASF/sam/drivers/uart/uart.o
 .debug_loc     0x0000422a      0x340 src/PLATFORM/DRIVER/DD_CONSOLE/DD_COSOLE.o
 .debug_loc     0x0000456a      0x4a0 src/ASF/common/services/clock/sam3x/sysclk.o
 .debug_loc     0x00004a0a       0xa8 src/ASF/sam/boards/arduino_due_x/init.o
 .debug_loc     0x00004ab2      0xd24 src/ASF/sam/drivers/pio/pio.o
 .debug_loc     0x000057d6      0x360 src/ASF/sam/drivers/pio/pio_handler.o
 .debug_loc     0x00005b36     0x13e8 src/ASF/sam/drivers/pmc/pmc.o
 .debug_loc     0x00006f1e       0x2c src/ASF/sam/utils/cmsis/sam3x/source/templates/exceptions.o
 .debug_loc     0x00006f4a       0x38 src/ASF/sam/utils/cmsis/sam3x/source/templates/gcc/startup_sam3x.o
 .debug_loc     0x00006f82       0xe4 src/ASF/sam/utils/cmsis/sam3x/source/templates/system_sam3x.o
 .debug_loc     0x00007066      0x300 src/ASF/sam/utils/syscalls/gcc/syscalls.o
 .debug_loc     0x00007366       0x38 src/SENSOR_CPU.o

.debug_aranges  0x00000000      0xe10
 .debug_aranges
                0x00000000       0x20 src/ASF/common/utils/stdio/read.o
 .debug_aranges
                0x00000020       0x60 src/PLATFORM/DRIVER/DD_CAN/DD_CAN.o
 .debug_aranges
                0x00000080       0x28 src/PLATFORM/DRIVER/DD_CLOCK/DD_CLOCK.o
 .debug_aranges
                0x000000a8       0x20 src/PLATFORM/DRIVER/DD_CS1_TS/DD_CS1_TS.o
 .debug_aranges
                0x000000c8       0x20 src/PLATFORM/DRIVER/DD_CS2_TS/DD_CS2_TS.o
 .debug_aranges
                0x000000e8       0x20 src/PLATFORM/DRIVER/DD_CS3_TS/DD_CS3_TS.o
 .debug_aranges
                0x00000108       0xc0 src/PLATFORM/DRIVER/DD_GPIO/DD_GPIO.o
 .debug_aranges
                0x000001c8       0x20 src/PLATFORM/DRIVER/DD_PS1/DD_PS1.o
 .debug_aranges
                0x000001e8       0x20 src/PLATFORM/DRIVER/DD_PS2/DD_PS2.o
 .debug_aranges
                0x00000208       0x20 src/PLATFORM/DRIVER/DD_PS3/DD_PS3.o
 .debug_aranges
                0x00000228       0xa8 src/PLATFORM/DRIVER/DD_SPI/DD_SPI.o
 .debug_aranges
                0x000002d0       0xc8 src/PLATFORM/DRIVER/DD_SYS/DD_SYS.o
 .debug_aranges
                0x00000398       0x20 src/PLATFORM/DRIVER/DD_TS1/DD_TS1.o
 .debug_aranges
                0x000003b8       0x20 src/PLATFORM/DRIVER/DD_TS2/DD_TS2.o
 .debug_aranges
                0x000003d8       0x20 src/PLATFORM/DRIVER/DD_TS3/DD_TS3.o
 .debug_aranges
                0x000003f8       0x38 src/PLATFORM/SERVICE/SV_STATUS/SV_STATUS.o
 .debug_aranges
                0x00000430       0x20 src/PLATFORM/SERVICE/SV_SYS/SV_SYS.o
 .debug_aranges
                0x00000450       0x20 src/ASF/common/utils/stdio/write.o
 .debug_aranges
                0x00000470      0x2d0 src/ASF/sam/drivers/usart/usart.o
 .debug_aranges
                0x00000740       0xe8 src/ASF/sam/drivers/uart/uart.o
 .debug_aranges
                0x00000828       0x70 src/PLATFORM/DRIVER/DD_CONSOLE/DD_COSOLE.o
 .debug_aranges
                0x00000898       0x98 src/ASF/common/services/clock/sam3x/sysclk.o
 .debug_aranges
                0x00000930       0x30 src/ASF/sam/boards/arduino_due_x/init.o
 .debug_aranges
                0x00000960      0x148 src/ASF/sam/drivers/pio/pio.o
 .debug_aranges
                0x00000aa8       0x78 src/ASF/sam/drivers/pio/pio_handler.o
 .debug_aranges
                0x00000b20      0x200 src/ASF/sam/drivers/pmc/pmc.o
 .debug_aranges
                0x00000d20       0x20 src/ASF/sam/utils/cmsis/sam3x/source/templates/exceptions.o
 .debug_aranges
                0x00000d40       0x20 src/ASF/sam/utils/cmsis/sam3x/source/templates/gcc/startup_sam3x.o
 .debug_aranges
                0x00000d60       0x30 src/ASF/sam/utils/cmsis/sam3x/source/templates/system_sam3x.o
 .debug_aranges
                0x00000d90       0x60 src/ASF/sam/utils/syscalls/gcc/syscalls.o
 .debug_aranges
                0x00000df0       0x20 src/SENSOR_CPU.o

.debug_ranges   0x00000000      0xc20
 .debug_ranges  0x00000000       0x10 src/ASF/common/utils/stdio/read.o
 .debug_ranges  0x00000010       0x50 src/PLATFORM/DRIVER/DD_CAN/DD_CAN.o
 .debug_ranges  0x00000060       0x18 src/PLATFORM/DRIVER/DD_CLOCK/DD_CLOCK.o
 .debug_ranges  0x00000078       0x10 src/PLATFORM/DRIVER/DD_CS1_TS/DD_CS1_TS.o
 .debug_ranges  0x00000088       0x10 src/PLATFORM/DRIVER/DD_CS2_TS/DD_CS2_TS.o
 .debug_ranges  0x00000098       0x10 src/PLATFORM/DRIVER/DD_CS3_TS/DD_CS3_TS.o
 .debug_ranges  0x000000a8       0xb0 src/PLATFORM/DRIVER/DD_GPIO/DD_GPIO.o
 .debug_ranges  0x00000158       0x10 src/PLATFORM/DRIVER/DD_PS1/DD_PS1.o
 .debug_ranges  0x00000168       0x10 src/PLATFORM/DRIVER/DD_PS2/DD_PS2.o
 .debug_ranges  0x00000178       0x10 src/PLATFORM/DRIVER/DD_PS3/DD_PS3.o
 .debug_ranges  0x00000188       0x98 src/PLATFORM/DRIVER/DD_SPI/DD_SPI.o
 .debug_ranges  0x00000220       0xb8 src/PLATFORM/DRIVER/DD_SYS/DD_SYS.o
 .debug_ranges  0x000002d8       0x10 src/PLATFORM/DRIVER/DD_TS1/DD_TS1.o
 .debug_ranges  0x000002e8       0x10 src/PLATFORM/DRIVER/DD_TS2/DD_TS2.o
 .debug_ranges  0x000002f8       0x10 src/PLATFORM/DRIVER/DD_TS3/DD_TS3.o
 .debug_ranges  0x00000308       0x28 src/PLATFORM/SERVICE/SV_STATUS/SV_STATUS.o
 .debug_ranges  0x00000330       0x10 src/PLATFORM/SERVICE/SV_SYS/SV_SYS.o
 .debug_ranges  0x00000340       0x10 src/ASF/common/utils/stdio/write.o
 .debug_ranges  0x00000350      0x2c0 src/ASF/sam/drivers/usart/usart.o
 .debug_ranges  0x00000610       0xd8 src/ASF/sam/drivers/uart/uart.o
 .debug_ranges  0x000006e8       0x60 src/PLATFORM/DRIVER/DD_CONSOLE/DD_COSOLE.o
 .debug_ranges  0x00000748       0x88 src/ASF/common/services/clock/sam3x/sysclk.o
 .debug_ranges  0x000007d0       0x20 src/ASF/sam/boards/arduino_due_x/init.o
 .debug_ranges  0x000007f0      0x138 src/ASF/sam/drivers/pio/pio.o
 .debug_ranges  0x00000928       0x68 src/ASF/sam/drivers/pio/pio_handler.o
 .debug_ranges  0x00000990      0x1f0 src/ASF/sam/drivers/pmc/pmc.o
 .debug_ranges  0x00000b80       0x10 src/ASF/sam/utils/cmsis/sam3x/source/templates/exceptions.o
 .debug_ranges  0x00000b90       0x10 src/ASF/sam/utils/cmsis/sam3x/source/templates/gcc/startup_sam3x.o
 .debug_ranges  0x00000ba0       0x20 src/ASF/sam/utils/cmsis/sam3x/source/templates/system_sam3x.o
 .debug_ranges  0x00000bc0       0x50 src/ASF/sam/utils/syscalls/gcc/syscalls.o
 .debug_ranges  0x00000c10       0x10 src/SENSOR_CPU.o

.debug_macro    0x00000000    0x1f93a
 .debug_macro   0x00000000      0x525 src/ASF/common/utils/stdio/read.o
 .debug_macro   0x00000525      0x892 src/ASF/common/utils/stdio/read.o
 .debug_macro   0x00000db7      0x16d src/ASF/common/utils/stdio/read.o
 .debug_macro   0x00000f24      0x644 src/ASF/common/utils/stdio/read.o
 .debug_macro   0x00001568       0x76 src/ASF/common/utils/stdio/read.o
 .debug_macro   0x000015de       0x16 src/ASF/common/utils/stdio/read.o
 .debug_macro   0x000015f4      0x6e4 src/ASF/common/utils/stdio/read.o
 .debug_macro   0x00001cd8       0x22 src/ASF/common/utils/stdio/read.o
 .debug_macro   0x00001cfa       0x87 src/ASF/common/utils/stdio/read.o
 .debug_macro   0x00001d81       0x44 src/ASF/common/utils/stdio/read.o
 .debug_macro   0x00001dc5       0xfd src/ASF/common/utils/stdio/read.o
 .debug_macro   0x00001ec2       0x22 src/ASF/common/utils/stdio/read.o
 .debug_macro   0x00001ee4      0x1df src/ASF/common/utils/stdio/read.o
 .debug_macro   0x000020c3       0x20 src/ASF/common/utils/stdio/read.o
 .debug_macro   0x000020e3       0x3a src/ASF/common/utils/stdio/read.o
 .debug_macro   0x0000211d       0x2d src/ASF/common/utils/stdio/read.o
 .debug_macro   0x0000214a      0xbb1 src/ASF/common/utils/stdio/read.o
 .debug_macro   0x00002cfb      0xab6 src/ASF/common/utils/stdio/read.o
 .debug_macro   0x000037b1      0x569 src/ASF/common/utils/stdio/read.o
 .debug_macro   0x00003d1a      0x2b5 src/ASF/common/utils/stdio/read.o
 .debug_macro   0x00003fcf      0x31a src/ASF/common/utils/stdio/read.o
 .debug_macro   0x000042e9      0x74f src/ASF/common/utils/stdio/read.o
 .debug_macro   0x00004a38       0x82 src/ASF/common/utils/stdio/read.o
 .debug_macro   0x00004aba      0x57b src/ASF/common/utils/stdio/read.o
 .debug_macro   0x00005035       0x1c src/ASF/common/utils/stdio/read.o
 .debug_macro   0x00005051      0x6b7 src/ASF/common/utils/stdio/read.o
 .debug_macro   0x00005708      0x52d src/ASF/common/utils/stdio/read.o
 .debug_macro   0x00005c35       0xbe src/ASF/common/utils/stdio/read.o
 .debug_macro   0x00005cf3     0x2342 src/ASF/common/utils/stdio/read.o
 .debug_macro   0x00008035      0x85d src/ASF/common/utils/stdio/read.o
 .debug_macro   0x00008892      0xdc9 src/ASF/common/utils/stdio/read.o
 .debug_macro   0x0000965b       0x7c src/ASF/common/utils/stdio/read.o
 .debug_macro   0x000096d7      0x263 src/ASF/common/utils/stdio/read.o
 .debug_macro   0x0000993a       0x58 src/ASF/common/utils/stdio/read.o
 .debug_macro   0x00009992      0x9a7 src/ASF/common/utils/stdio/read.o
 .debug_macro   0x0000a339      0x248 src/ASF/common/utils/stdio/read.o
 .debug_macro   0x0000a581      0x4df src/ASF/common/utils/stdio/read.o
 .debug_macro   0x0000aa60      0x6b3 src/ASF/common/utils/stdio/read.o
 .debug_macro   0x0000b113      0x59f src/ASF/common/utils/stdio/read.o
 .debug_macro   0x0000b6b2       0x46 src/ASF/common/utils/stdio/read.o
 .debug_macro   0x0000b6f8      0x34d src/ASF/common/utils/stdio/read.o
 .debug_macro   0x0000ba45      0x28c src/ASF/common/utils/stdio/read.o
 .debug_macro   0x0000bcd1     0x14d7 src/ASF/common/utils/stdio/read.o
 .debug_macro   0x0000d1a8      0x7ba src/ASF/common/utils/stdio/read.o
 .debug_macro   0x0000d962       0x76 src/ASF/common/utils/stdio/read.o
 .debug_macro   0x0000d9d8       0x82 src/ASF/common/utils/stdio/read.o
 .debug_macro   0x0000da5a       0x76 src/ASF/common/utils/stdio/read.o
 .debug_macro   0x0000dad0       0x4c src/ASF/common/utils/stdio/read.o
 .debug_macro   0x0000db1c      0x105 src/ASF/common/utils/stdio/read.o
 .debug_macro   0x0000dc21      0x105 src/ASF/common/utils/stdio/read.o
 .debug_macro   0x0000dd26      0x105 src/ASF/common/utils/stdio/read.o
 .debug_macro   0x0000de2b       0x88 src/ASF/common/utils/stdio/read.o
 .debug_macro   0x0000deb3       0x88 src/ASF/common/utils/stdio/read.o
 .debug_macro   0x0000df3b      0x3b4 src/ASF/common/utils/stdio/read.o
 .debug_macro   0x0000e2ef       0xb8 src/ASF/common/utils/stdio/read.o
 .debug_macro   0x0000e3a7       0xb8 src/ASF/common/utils/stdio/read.o
 .debug_macro   0x0000e45f       0xb8 src/ASF/common/utils/stdio/read.o
 .debug_macro   0x0000e517       0xb8 src/ASF/common/utils/stdio/read.o
 .debug_macro   0x0000e5cf      0x2b8 src/ASF/common/utils/stdio/read.o
 .debug_macro   0x0000e887      0x125 src/ASF/common/utils/stdio/read.o
 .debug_macro   0x0000e9ac      0x225 src/ASF/common/utils/stdio/read.o
 .debug_macro   0x0000ebd1      0x225 src/ASF/common/utils/stdio/read.o
 .debug_macro   0x0000edf6       0x2e src/ASF/common/utils/stdio/read.o
 .debug_macro   0x0000ee24       0xac src/ASF/common/utils/stdio/read.o
 .debug_macro   0x0000eed0      0x14d src/ASF/common/utils/stdio/read.o
 .debug_macro   0x0000f01d       0x7c src/ASF/common/utils/stdio/read.o
 .debug_macro   0x0000f099      0x205 src/ASF/common/utils/stdio/read.o
 .debug_macro   0x0000f29e       0x64 src/ASF/common/utils/stdio/read.o
 .debug_macro   0x0000f302       0xa6 src/ASF/common/utils/stdio/read.o
 .debug_macro   0x0000f3a8       0x7c src/ASF/common/utils/stdio/read.o
 .debug_macro   0x0000f424       0x16 src/ASF/common/utils/stdio/read.o
 .debug_macro   0x0000f43a       0x22 src/ASF/common/utils/stdio/read.o
 .debug_macro   0x0000f45c       0x22 src/ASF/common/utils/stdio/read.o
 .debug_macro   0x0000f47e      0x115 src/ASF/common/utils/stdio/read.o
 .debug_macro   0x0000f593      0x115 src/ASF/common/utils/stdio/read.o
 .debug_macro   0x0000f6a8      0x115 src/ASF/common/utils/stdio/read.o
 .debug_macro   0x0000f7bd      0x115 src/ASF/common/utils/stdio/read.o
 .debug_macro   0x0000f8d2       0x1c src/ASF/common/utils/stdio/read.o
 .debug_macro   0x0000f8ee       0x2e src/ASF/common/utils/stdio/read.o
 .debug_macro   0x0000f91c       0x22 src/ASF/common/utils/stdio/read.o
 .debug_macro   0x0000f93e       0x1c src/ASF/common/utils/stdio/read.o
 .debug_macro   0x0000f95a       0x58 src/ASF/common/utils/stdio/read.o
 .debug_macro   0x0000f9b2       0x10 src/ASF/common/utils/stdio/read.o
 .debug_macro   0x0000f9c2      0x273 src/ASF/common/utils/stdio/read.o
 .debug_macro   0x0000fc35      0xd43 src/ASF/common/utils/stdio/read.o
 .debug_macro   0x00010978      0x131 src/ASF/common/utils/stdio/read.o
 .debug_macro   0x00010aa9       0x52 src/ASF/common/utils/stdio/read.o
 .debug_macro   0x00010afb       0x35 src/ASF/common/utils/stdio/read.o
 .debug_macro   0x00010b30       0x9c src/ASF/common/utils/stdio/read.o
 .debug_macro   0x00010bcc       0x16 src/ASF/common/utils/stdio/read.o
 .debug_macro   0x00010be2       0x35 src/ASF/common/utils/stdio/read.o
 .debug_macro   0x00010c17      0x330 src/ASF/common/utils/stdio/read.o
 .debug_macro   0x00010f47       0x10 src/ASF/common/utils/stdio/read.o
 .debug_macro   0x00010f57       0x52 src/ASF/common/utils/stdio/read.o
 .debug_macro   0x00010fa9       0x16 src/ASF/common/utils/stdio/read.o
 .debug_macro   0x00010fbf       0x43 src/ASF/common/utils/stdio/read.o
 .debug_macro   0x00011002      0x187 src/ASF/common/utils/stdio/read.o
 .debug_macro   0x00011189       0x22 src/ASF/common/utils/stdio/read.o
 .debug_macro   0x000111ab       0x3a src/ASF/common/utils/stdio/read.o
 .debug_macro   0x000111e5       0x10 src/ASF/common/utils/stdio/read.o
 .debug_macro   0x000111f5       0x40 src/ASF/common/utils/stdio/read.o
 .debug_macro   0x00011235       0x6c src/ASF/common/utils/stdio/read.o
 .debug_macro   0x000112a1       0x16 src/ASF/common/utils/stdio/read.o
 .debug_macro   0x000112b7      0x182 src/ASF/common/utils/stdio/read.o
 .debug_macro   0x00011439       0x22 src/ASF/common/utils/stdio/read.o
 .debug_macro   0x0001145b       0x16 src/ASF/common/utils/stdio/read.o
 .debug_macro   0x00011471       0x16 src/ASF/common/utils/stdio/read.o
 .debug_macro   0x00011487       0x29 src/ASF/common/utils/stdio/read.o
 .debug_macro   0x000114b0       0x75 src/ASF/common/utils/stdio/read.o
 .debug_macro   0x00011525       0x45 src/ASF/common/utils/stdio/read.o
 .debug_macro   0x0001156a      0x3ca src/ASF/common/utils/stdio/read.o
 .debug_macro   0x00011934      0x7b1 src/PLATFORM/DRIVER/DD_CAN/DD_CAN.o
 .debug_macro   0x000120e5       0x94 src/PLATFORM/DRIVER/DD_CAN/DD_CAN.o
 .debug_macro   0x00012179       0x40 src/PLATFORM/DRIVER/DD_CAN/DD_CAN.o
 .debug_macro   0x000121b9      0x2aa src/PLATFORM/DRIVER/DD_CAN/DD_CAN.o
 .debug_macro   0x00012463      0x790 src/PLATFORM/DRIVER/DD_CAN/DD_CAN.o
 .debug_macro   0x00012bf3       0x34 src/PLATFORM/DRIVER/DD_CAN/DD_CAN.o
 .debug_macro   0x00012c27       0x5e src/PLATFORM/DRIVER/DD_CAN/DD_CAN.o
 .debug_macro   0x00012c85       0x64 src/PLATFORM/DRIVER/DD_CAN/DD_CAN.o
 .debug_macro   0x00012ce9       0x5f src/PLATFORM/DRIVER/DD_CAN/DD_CAN.o
 .debug_macro   0x00012d48       0x90 src/PLATFORM/DRIVER/DD_CAN/DD_CAN.o
 .debug_macro   0x00012dd8       0x6a src/PLATFORM/DRIVER/DD_CAN/DD_CAN.o
 .debug_macro   0x00012e42       0x34 src/PLATFORM/DRIVER/DD_CAN/DD_CAN.o
 .debug_macro   0x00012e76       0x1c src/PLATFORM/DRIVER/DD_CAN/DD_CAN.o
 .debug_macro   0x00012e92       0x2e src/PLATFORM/DRIVER/DD_CAN/DD_CAN.o
 .debug_macro   0x00012ec0       0xb2 src/PLATFORM/DRIVER/DD_CAN/DD_CAN.o
 .debug_macro   0x00012f72       0x2e src/PLATFORM/DRIVER/DD_CAN/DD_CAN.o
 .debug_macro   0x00012fa0      0x13c src/PLATFORM/DRIVER/DD_CAN/DD_CAN.o
 .debug_macro   0x000130dc       0x34 src/PLATFORM/DRIVER/DD_CAN/DD_CAN.o
 .debug_macro   0x00013110       0x10 src/PLATFORM/DRIVER/DD_CAN/DD_CAN.o
 .debug_macro   0x00013120      0x5ef src/PLATFORM/DRIVER/DD_CAN/DD_CAN.o
 .debug_macro   0x0001370f       0x40 src/PLATFORM/DRIVER/DD_CAN/DD_CAN.o
 .debug_macro   0x0001374f      0x65a src/PLATFORM/DRIVER/DD_CLOCK/DD_CLOCK.o
 .debug_macro   0x00013da9      0x75f src/PLATFORM/DRIVER/DD_CS1_TS/DD_CS1_TS.o
 .debug_macro   0x00014508      0x75f src/PLATFORM/DRIVER/DD_CS2_TS/DD_CS2_TS.o
 .debug_macro   0x00014c67      0x75f src/PLATFORM/DRIVER/DD_CS3_TS/DD_CS3_TS.o
 .debug_macro   0x000153c6      0x659 src/PLATFORM/DRIVER/DD_GPIO/DD_GPIO.o
 .debug_macro   0x00015a1f      0x136 src/PLATFORM/DRIVER/DD_GPIO/DD_GPIO.o
 .debug_macro   0x00015b55      0x75f src/PLATFORM/DRIVER/DD_PS1/DD_PS1.o
 .debug_macro   0x000162b4      0x75f src/PLATFORM/DRIVER/DD_PS2/DD_PS2.o
 .debug_macro   0x00016a13      0x75f src/PLATFORM/DRIVER/DD_PS3/DD_PS3.o
 .debug_macro   0x00017172      0x794 src/PLATFORM/DRIVER/DD_SPI/DD_SPI.o
 .debug_macro   0x00017906       0xb8 src/PLATFORM/DRIVER/DD_SPI/DD_SPI.o
 .debug_macro   0x000179be       0x16 src/PLATFORM/DRIVER/DD_SPI/DD_SPI.o
 .debug_macro   0x000179d4      0x75a src/PLATFORM/DRIVER/DD_SYS/DD_SYS.o
 .debug_macro   0x0001812e      0x75f src/PLATFORM/DRIVER/DD_TS1/DD_TS1.o
 .debug_macro   0x0001888d      0x75f src/PLATFORM/DRIVER/DD_TS2/DD_TS2.o
 .debug_macro   0x00018fec      0x75f src/PLATFORM/DRIVER/DD_TS3/DD_TS3.o
 .debug_macro   0x0001974b      0x776 src/PLATFORM/SERVICE/SV_STATUS/SV_STATUS.o
 .debug_macro   0x00019ec1      0x760 src/PLATFORM/SERVICE/SV_SYS/SV_SYS.o
 .debug_macro   0x0001a621      0x525 src/ASF/common/utils/stdio/write.o
 .debug_macro   0x0001ab46      0x570 src/ASF/sam/drivers/usart/usart.o
 .debug_macro   0x0001b0b6       0x28 src/ASF/sam/drivers/usart/usart.o
 .debug_macro   0x0001b0de      0x534 src/ASF/sam/drivers/uart/uart.o
 .debug_macro   0x0001b612       0x16 src/ASF/sam/drivers/uart/uart.o
 .debug_macro   0x0001b628      0x658 src/PLATFORM/DRIVER/DD_CONSOLE/DD_COSOLE.o
 .debug_macro   0x0001bc80       0x10 src/PLATFORM/DRIVER/DD_CONSOLE/DD_COSOLE.o
 .debug_macro   0x0001bc90       0x22 src/PLATFORM/DRIVER/DD_CONSOLE/DD_COSOLE.o
 .debug_macro   0x0001bcb2      0x5a5 src/ASF/common/services/clock/sam3x/sysclk.o
 .debug_macro   0x0001c257      0x2a4 src/ASF/common/services/clock/sam3x/sysclk.o
 .debug_macro   0x0001c4fb      0x5e8 src/ASF/sam/boards/arduino_due_x/init.o
 .debug_macro   0x0001cae3       0x16 src/ASF/sam/boards/arduino_due_x/init.o
 .debug_macro   0x0001caf9      0x540 src/ASF/sam/drivers/pio/pio.o
 .debug_macro   0x0001d039       0x8e src/ASF/sam/drivers/pio/pio.o
 .debug_macro   0x0001d0c7      0x544 src/ASF/sam/drivers/pio/pio_handler.o
 .debug_macro   0x0001d60b      0x53a src/ASF/sam/drivers/pmc/pmc.o
 .debug_macro   0x0001db45       0x58 src/ASF/sam/drivers/pmc/pmc.o
 .debug_macro   0x0001db9d      0x539 src/ASF/sam/utils/cmsis/sam3x/source/templates/exceptions.o
 .debug_macro   0x0001e0d6      0x547 src/ASF/sam/utils/cmsis/sam3x/source/templates/gcc/startup_sam3x.o
 .debug_macro   0x0001e61d      0x547 src/ASF/sam/utils/cmsis/sam3x/source/templates/system_sam3x.o
 .debug_macro   0x0001eb64       0x26 src/ASF/sam/utils/cmsis/sam3x/source/templates/system_sam3x.o
 .debug_macro   0x0001eb8a      0x19c src/ASF/sam/utils/syscalls/gcc/syscalls.o
 .debug_macro   0x0001ed26       0x4c src/ASF/sam/utils/syscalls/gcc/syscalls.o
 .debug_macro   0x0001ed72       0x8d src/ASF/sam/utils/syscalls/gcc/syscalls.o
 .debug_macro   0x0001edff       0x4a src/ASF/sam/utils/syscalls/gcc/syscalls.o
 .debug_macro   0x0001ee49       0x97 src/ASF/sam/utils/syscalls/gcc/syscalls.o
 .debug_macro   0x0001eee0       0xf6 src/ASF/sam/utils/syscalls/gcc/syscalls.o
 .debug_macro   0x0001efd6       0x52 src/ASF/sam/utils/syscalls/gcc/syscalls.o
 .debug_macro   0x0001f028       0x16 src/ASF/sam/utils/syscalls/gcc/syscalls.o
 .debug_macro   0x0001f03e       0x10 src/ASF/sam/utils/syscalls/gcc/syscalls.o
 .debug_macro   0x0001f04e       0x41 src/ASF/sam/utils/syscalls/gcc/syscalls.o
 .debug_macro   0x0001f08f      0x122 src/ASF/sam/utils/syscalls/gcc/syscalls.o
 .debug_macro   0x0001f1b1      0x76d src/SENSOR_CPU.o
 .debug_macro   0x0001f91e       0x1c src/SENSOR_CPU.o

.debug_line     0x00000000    0x1f89c
 .debug_line    0x00000000      0xb1f src/ASF/common/utils/stdio/read.o
 .debug_line    0x00000b1f     0x14cf src/PLATFORM/DRIVER/DD_CAN/DD_CAN.o
 .debug_line    0x00001fee      0xe9c src/PLATFORM/DRIVER/DD_CLOCK/DD_CLOCK.o